Archive member included because of file (symbol)

.\CortexM3\ARM_GCC_473\Debug\PSoC_2_Pi.a(cyfitter_cfg.o)
                              .\CortexM3\ARM_GCC_473\Debug\Cm3Start.o (cyfitter_cfg)
.\CortexM3\ARM_GCC_473\Debug\PSoC_2_Pi.a(SPIS_1.o)
                              .\CortexM3\ARM_GCC_473\Debug\main.o (SPIS_1_ClearFIFO)
.\CortexM3\ARM_GCC_473\Debug\PSoC_2_Pi.a(CyBootAsmGnu.o)
                              .\CortexM3\ARM_GCC_473\Debug\PSoC_2_Pi.a(cyfitter_cfg.o) (CyDelayCycles)
.\CortexM3\ARM_GCC_473\Debug\PSoC_2_Pi.a(CyDmac.o)
                              .\CortexM3\ARM_GCC_473\Debug\Cm3Start.o (CyDmacConfigure)
.\CortexM3\ARM_GCC_473\Debug\PSoC_2_Pi.a(CyLib.o)
                              .\CortexM3\ARM_GCC_473\Debug\Cm3Start.o (CyResetStatus)
.\CortexM3\ARM_GCC_473\Debug\PSoC_2_Pi.a(cyPm.o)
                              .\CortexM3\ARM_GCC_473\Debug\PSoC_2_Pi.a(CyLib.o) (CyPmReadStatus)
.\CortexM3\ARM_GCC_473\Debug\PSoC_2_Pi.a(PWM_1.o)
                              .\CortexM3\ARM_GCC_473\Debug\mem1.o (PWM_1_Start)
.\CortexM3\ARM_GCC_473\Debug\PSoC_2_Pi.a(PWM_1_PM.o)
                              .\CortexM3\ARM_GCC_473\Debug\mem1.o (PWM_1_Sleep)
.\CortexM3\ARM_GCC_473\Debug\PSoC_2_Pi.a(ADC_SAR_1.o)
                              .\CortexM3\ARM_GCC_473\Debug\mem1.o (ADC_SAR_1_Start)
.\CortexM3\ARM_GCC_473\Debug\PSoC_2_Pi.a(ADC_SAR_1_INT.o)
                              .\CortexM3\ARM_GCC_473\Debug\PSoC_2_Pi.a(ADC_SAR_1.o) (ADC_SAR_1_ISR)
.\CortexM3\ARM_GCC_473\Debug\PSoC_2_Pi.a(ADC_SAR_1_PM.o)
                              .\CortexM3\ARM_GCC_473\Debug\mem1.o (ADC_SAR_1_Sleep)
.\CortexM3\ARM_GCC_473\Debug\PSoC_2_Pi.a(ADC_SAR_1_theACLK.o)
                              .\CortexM3\ARM_GCC_473\Debug\PSoC_2_Pi.a(ADC_SAR_1.o) (ADC_SAR_1_theACLK_SetModeRegister)
.\CortexM3\ARM_GCC_473\Debug\PSoC_2_Pi.a(VDAC8_1.o)
                              .\CortexM3\ARM_GCC_473\Debug\mem1.o (VDAC8_1_SetRange)
.\CortexM3\ARM_GCC_473\Debug\PSoC_2_Pi.a(VDAC8_1_PM.o)
                              .\CortexM3\ARM_GCC_473\Debug\mem1.o (VDAC8_1_Sleep)
.\CortexM3\ARM_GCC_473\Debug\PSoC_2_Pi.a(VDAC8_2.o)
                              .\CortexM3\ARM_GCC_473\Debug\mem1.o (VDAC8_2_SetRange)
.\CortexM3\ARM_GCC_473\Debug\PSoC_2_Pi.a(VDAC8_2_PM.o)
                              .\CortexM3\ARM_GCC_473\Debug\mem1.o (VDAC8_2_Sleep)
.\CortexM3\ARM_GCC_473\Debug\PSoC_2_Pi.a(IDAC8_1.o)
                              .\CortexM3\ARM_GCC_473\Debug\mem1.o (IDAC8_1_SetSpeed)
.\CortexM3\ARM_GCC_473\Debug\PSoC_2_Pi.a(IDAC8_1_PM.o)
                              .\CortexM3\ARM_GCC_473\Debug\mem1.o (IDAC8_1_Sleep)
.\CortexM3\ARM_GCC_473\Debug\PSoC_2_Pi.a(WaveDAC_clk.o)
                              .\CortexM3\ARM_GCC_473\Debug\mem1.o (WaveDAC_clk_Start)
.\CortexM3\ARM_GCC_473\Debug\PSoC_2_Pi.a(WaveDAC8_1.o)
                              .\CortexM3\ARM_GCC_473\Debug\mem1.o (WaveDAC8_1_Wave2Setup)
.\CortexM3\ARM_GCC_473\Debug\PSoC_2_Pi.a(WaveDAC8_1_PM.o)
                              .\CortexM3\ARM_GCC_473\Debug\mem1.o (WaveDAC8_1_Sleep)
.\CortexM3\ARM_GCC_473\Debug\PSoC_2_Pi.a(WaveDAC8_1_Wave1_DMA_dma.o)
                              .\CortexM3\ARM_GCC_473\Debug\PSoC_2_Pi.a(WaveDAC8_1.o) (WaveDAC8_1_Wave1_DMA_DmaInitialize)
.\CortexM3\ARM_GCC_473\Debug\PSoC_2_Pi.a(WaveDAC8_1_Wave2_DMA_dma.o)
                              .\CortexM3\ARM_GCC_473\Debug\PSoC_2_Pi.a(WaveDAC8_1.o) (WaveDAC8_1_Wave2_DMA_DmaInitialize)
.\CortexM3\ARM_GCC_473\Debug\PSoC_2_Pi.a(WaveDAC8_1_VDAC8.o)
                              .\CortexM3\ARM_GCC_473\Debug\PSoC_2_Pi.a(WaveDAC8_1.o) (WaveDAC8_1_VDAC8_Init)
.\CortexM3\ARM_GCC_473\Debug\PSoC_2_Pi.a(WaveDAC8_1_VDAC8_PM.o)
                              .\CortexM3\ARM_GCC_473\Debug\PSoC_2_Pi.a(WaveDAC8_1_PM.o) (WaveDAC8_1_VDAC8_SaveConfig)
.\CortexM3\ARM_GCC_473\Debug\PSoC_2_Pi.a(ADC_DelSig_1.o)
                              .\CortexM3\ARM_GCC_473\Debug\mem1.o (ADC_DelSig_1_Start)
.\CortexM3\ARM_GCC_473\Debug\PSoC_2_Pi.a(ADC_DelSig_1_PM.o)
                              .\CortexM3\ARM_GCC_473\Debug\mem1.o (ADC_DelSig_1_Sleep)
.\CortexM3\ARM_GCC_473\Debug\PSoC_2_Pi.a(ADC_DelSig_1_INT.o)
                              .\CortexM3\ARM_GCC_473\Debug\PSoC_2_Pi.a(ADC_DelSig_1.o) (ADC_DelSig_1_ISR1)
.\CortexM3\ARM_GCC_473\Debug\PSoC_2_Pi.a(PWM_2.o)
                              .\CortexM3\ARM_GCC_473\Debug\mem1.o (PWM_2_Start)
.\CortexM3\ARM_GCC_473\Debug\PSoC_2_Pi.a(PWM_2_PM.o)
                              .\CortexM3\ARM_GCC_473\Debug\mem1.o (PWM_2_Sleep)
.\CortexM3\ARM_GCC_473\Debug\PSoC_2_Pi.a(PWM_3.o)
                              .\CortexM3\ARM_GCC_473\Debug\mem1.o (PWM_3_Start)
.\CortexM3\ARM_GCC_473\Debug\PSoC_2_Pi.a(PWM_3_PM.o)
                              .\CortexM3\ARM_GCC_473\Debug\mem1.o (PWM_3_Sleep)
.\CortexM3\ARM_GCC_473\Debug\PSoC_2_Pi.a(PWM_4.o)
                              .\CortexM3\ARM_GCC_473\Debug\mem1.o (PWM_4_Start)
.\CortexM3\ARM_GCC_473\Debug\PSoC_2_Pi.a(PWM_4_PM.o)
[...]
Memory Configuration

Name             Origin             Length             Attributes
rom              0x00000000         0x00040000         xr
ram              0x1fff8000         0x00010000         xrw
*default*        0x00000000         0xffffffff

Linker script and memory map

LOAD c:/program files (x86)/cypress/psoc creator/3.0/psoc creator/import/gnu_cs/arm/4.7.3/bin/../lib/gcc/arm-none-eabi/4.7.3/armv7-m/crti.o
LOAD c:/program files (x86)/cypress/psoc creator/3.0/psoc creator/import/gnu_cs/arm/4.7.3/bin/../lib/gcc/arm-none-eabi/4.7.3/armv7-m/crtbegin.o
LOAD c:/program files (x86)/cypress/psoc creator/3.0/psoc creator/import/gnu_cs/arm/4.7.3/bin/../lib/gcc/arm-none-eabi/4.7.3/../../../../arm-none-eabi/lib/armv7-m/crt0.o
START GROUP
LOAD .\CortexM3\ARM_GCC_473\Debug\main.o
LOAD .\CortexM3\ARM_GCC_473\Debug\mem1.o
LOAD .\CortexM3\ARM_GCC_473\Debug\LINX.o
LOAD .\CortexM3\ARM_GCC_473\Debug\cymetadata.o
LOAD .\CortexM3\ARM_GCC_473\Debug\Cm3Start.o
LOAD .\CortexM3\ARM_GCC_473\Debug\cybootloader.o
LOAD .\CortexM3\ARM_GCC_473\Debug\PSoC_2_Pi.a
LOAD C:\Program Files (x86)\Cypress\PSoC Creator\3.0\PSoC Creator\psoc\content\cycomponentlibrary\CyComponentLibrary.cylib\CortexM3\ARM_GCC_473\Debug\CyComponentLibrary.a
END GROUP
START GROUP
LOAD c:/program files (x86)/cypress/psoc creator/3.0/psoc creator/import/gnu_cs/arm/4.7.3/bin/../lib/gcc/arm-none-eabi/4.7.3/armv7-m\libgcc.a
LOAD c:/program files (x86)/cypress/psoc creator/3.0/psoc creator/import/gnu_cs/arm/4.7.3/bin/../lib/gcc/arm-none-eabi/4.7.3/../../../../arm-none-eabi/lib/armv7-m\libc_s.a
END GROUP
LOAD c:/program files (x86)/cypress/psoc creator/3.0/psoc creator/import/gnu_cs/arm/4.7.3/bin/../lib/gcc/arm-none-eabi/4.7.3/armv7-m/crtend.o
LOAD c:/program files (x86)/cypress/psoc creator/3.0/psoc creator/import/gnu_cs/arm/4.7.3/bin/../lib/gcc/arm-none-eabi/4.7.3/armv7-m/crtn.o
START GROUP
LOAD c:/program files (x86)/cypress/psoc creator/3.0/psoc creator/import/gnu_cs/arm/4.7.3/bin/../lib/gcc/arm-none-eabi/4.7.3/armv7-m\libgcc.a
LOAD c:/program files (x86)/cypress/psoc creator/3.0/psoc creator/import/gnu_cs/arm/4.7.3/bin/../lib/gcc/arm-none-eabi/4.7.3/../../../../arm-none-eabi/lib/armv7-m\libc.a
LOAD c:/program files (x86)/cypress/psoc creator/3.0/psoc creator/import/gnu_cs/arm/4.7.3/bin/../lib/gcc/arm-none-eabi/4.7.3/../../../../arm-none-eabi/lib/armv7-m\libnosys.a
END GROUP
                0x00000000                CY_APPL_ORIGIN = 0x0
                0x00000100                CY_FLASH_ROW_SIZE = 0x100
                0x00000020                CY_ECC_ROW_SIZE = 0x20
                0x00000000                CY_EE_IN_BTLDR = 0x0
                0x00000001                CY_APPL_LOADABLE = 0x1
                0x00000800                CY_EE_SIZE = 0x800
                0x00000001                CY_APPL_NUM = 0x1
                0x00000001                CY_APPL_MAX = 0x1
                0x00000040                CY_METADATA_SIZE = 0x40
                0x1fff8290                PROVIDE (__cy_heap_start, _end)
                0x00000001                PROVIDE (__cy_region_num, ((__cy_regions_end - __cy_regions) / 0x10))
                0x20008000                PROVIDE (__cy_stack, (ORIGIN (ram) + 0x10000))
                0x20004000                PROVIDE (__cy_heap_end, (__cy_stack - 0x4000))

.cybootloader   0x00000000     0x4b00
 *(.cybootloader)
 .cybootloader  0x00000000     0x4b00 .\CortexM3\ARM_GCC_473\Debug\cybootloader.o
                0x00000000                cy_bootloader
                0x00004b00                appl1_start = CY_APPL_ORIGIN?CY_APPL_ORIGIN:ALIGN (CY_FLASH_ROW_SIZE)
                0x00022500                appl2_start = (appl1_start + ALIGN ((((0x40000 - appl1_start) - (0x2 * CY_FLASH_ROW_SIZE)) / 0x2), CY_FLASH_ROW_SIZE))
                0x00004b00                appl_start = (CY_APPL_NUM == 0x1)?appl1_start:appl2_start
                0x00000960                ecc_offset = ((appl_start / CY_FLASH_ROW_SIZE) * CY_ECC_ROW_SIZE)
                0x00000000                ee_offset = (CY_APPL_LOADABLE && ! (CY_EE_IN_BTLDR))?((CY_EE_SIZE / CY_APPL_MAX) * (CY_APPL_NUM - 0x1)):0x0
                0x00000800                ee_size = (CY_APPL_LOADABLE && ! (CY_EE_IN_BTLDR))?(CY_EE_SIZE / CY_APPL_MAX):CY_EE_SIZE
                0x00000960                PROVIDE (CY_ECC_OFFSET, ecc_offset)

.text           0x00004b00     0x4198
 CREATE_OBJECT_SYMBOLS
                0x00004b00                PROVIDE (__cy_interrupt_vector, RomVectors)
 *(.romvectors)
 .romvectors    0x00004b00       0x10 .\CortexM3\ARM_GCC_473\Debug\Cm3Start.o
                0x00004b00                RomVectors
                0x00000001                ASSERT ((. != __cy_interrupt_vector), No interrupt vector)
                0x00000001                ASSERT (CY_APPL_ORIGIN?(SIZEOF (.cybootloader) <= CY_APPL_ORIGIN):0x1, Wrong image location)
                0x00004b10                PROVIDE (__cy_reset, Reset)
 *(.text.Reset)
 .text.Reset    0x00004b10        0x8 .\CortexM3\ARM_GCC_473\Debug\Cm3Start.o
                0x00004b10                Reset
                0x00000001                ASSERT ((. != __cy_reset), No reset code)
 *(.dma_init)
                0x00000001                ASSERT ((((appl_start + .) <= 0x10000) || 0x1), DMA Init must be within the first 64k of flash)
 *(.text .text.* .gnu.linkonce.t.*)
 .text          0x00004b18       0x54 c:/program files (x86)/cypress/psoc creator/3.0/psoc creator/import/gnu_cs/arm/4.7.3/bin/../lib/gcc/arm-none-eabi/4.7.3/armv7-m/crtbegin.o
 .text.main     0x00004b6c       0x50 .\CortexM3\ARM_GCC_473\Debug\main.o
                0x00004b6c                main
 .text.LINX_Initialize
                0x00004bbc       0x40 .\CortexM3\ARM_GCC_473\Debug\LINX.o
                0x00004bbc                LINX_Initialize
 .text.LINX_GetCommand
                0x00004bfc      0x104 .\CortexM3\ARM_GCC_473\Debug\LINX.o
                0x00004bfc                LINX_GetCommand
 .text.LINX_CalculateChecksum
                0x00004d00       0x4c .\CortexM3\ARM_GCC_473\Debug\LINX.o
                0x00004d00                LINX_CalculateChecksum
 .text.LINX_ProcessCommand
                0x00004d4c       0x18 .\CortexM3\ARM_GCC_473\Debug\LINX.o
                0x00004d4c                LINX_ProcessCommand
 .text.IntDefaultHandler
                0x00004d64        0x8 .\CortexM3\ARM_GCC_473\Debug\Cm3Start.o
                0x00004d64                IntDefaultHandler
 .text.Start_c  0x00004d6c       0xcc .\CortexM3\ARM_GCC_473\Debug\Cm3Start.o
                0x00004d6c                Start_c
 .text.initialize_psoc
                0x00004e38       0xb8 .\CortexM3\ARM_GCC_473\Debug\Cm3Start.o
                0x00004e38                initialize_psoc
 .text.CYMEMZERO
                0x00004ef0       0x20 .\CortexM3\ARM_GCC_473\Debug\PSoC_2_Pi.a(cyfitter_cfg.o)
 .text.CYCONFIGCPY
                0x00004f10       0x20 .\CortexM3\ARM_GCC_473\Debug\PSoC_2_Pi.a(cyfitter_cfg.o)
 .text.CyClockStartupError
                0x00004f30        0xc .\CortexM3\ARM_GCC_473\Debug\PSoC_2_Pi.a(cyfitter_cfg.o)
 .text.cfg_write_bytes32
                0x00004f3c       0x84 .\CortexM3\ARM_GCC_473\Debug\PSoC_2_Pi.a(cyfitter_cfg.o)
 .text.ClockSetup
                0x00004fc0      0x27c .\CortexM3\ARM_GCC_473\Debug\PSoC_2_Pi.a(cyfitter_cfg.o)
 .text.AnalogSetDefault
                0x0000523c      0x1bc .\CortexM3\ARM_GCC_473\Debug\PSoC_2_Pi.a(cyfitter_cfg.o)
 .text.cyfitter_cfg
                0x000053f8      0x364 .\CortexM3\ARM_GCC_473\Debug\PSoC_2_Pi.a(cyfitter_cfg.o)
                0x000053f8                cyfitter_cfg
 .text.SPIS_1_Init
                0x0000575c       0x3c .\CortexM3\ARM_GCC_473\Debug\PSoC_2_Pi.a(SPIS_1.o)
                0x0000575c                SPIS_1_Init
 .text.SPIS_1_Enable
                0x00005798       0x74 .\CortexM3\ARM_GCC_473\Debug\PSoC_2_Pi.a(SPIS_1.o)
                0x00005798                SPIS_1_Enable
 .text.SPIS_1_Start
                0x0000580c       0x2c .\CortexM3\ARM_GCC_473\Debug\PSoC_2_Pi.a(SPIS_1.o)
                0x0000580c                SPIS_1_Start
 .text.SPIS_1_ReadTxStatus
                0x00005838       0x20 .\CortexM3\ARM_GCC_473\Debug\PSoC_2_Pi.a(SPIS_1.o)
                0x00005838                SPIS_1_ReadTxStatus
 .text.SPIS_1_ReadRxStatus
                0x00005858       0x20 .\CortexM3\ARM_GCC_473\Debug\PSoC_2_Pi.a(SPIS_1.o)
                0x00005858                SPIS_1_ReadRxStatus
 .text.SPIS_1_ClearRxBuffer
                0x00005878       0x2c .\CortexM3\ARM_GCC_473\Debug\PSoC_2_Pi.a(SPIS_1.o)
                0x00005878                SPIS_1_ClearRxBuffer
 .text.SPIS_1_ClearTxBuffer
                0x000058a4       0x58 .\CortexM3\ARM_GCC_473\Debug\PSoC_2_Pi.a(SPIS_1.o)
                0x000058a4                SPIS_1_ClearTxBuffer
 .text.SPIS_1_ClearFIFO
                0x000058fc       0x78 .\CortexM3\ARM_GCC_473\Debug\PSoC_2_Pi.a(SPIS_1.o)
                0x000058fc                SPIS_1_ClearFIFO
 *fill*         0x00005974        0x4 00
 .text          0x00005978       0x28 .\CortexM3\ARM_GCC_473\Debug\PSoC_2_Pi.a(CyBootAsmGnu.o)
                0x00005978                CyDelayCycles
                0x0000598c                CyEnterCriticalSection
                0x00005994                CyExitCriticalSection
 .text.CyDmacConfigure
                0x000059a0       0x70 .\CortexM3\ARM_GCC_473\Debug\PSoC_2_Pi.a(CyDmac.o)
                0x000059a0                CyDmacConfigure
 .text.CyHalt   0x00005a10       0x18 .\CortexM3\ARM_GCC_473\Debug\PSoC_2_Pi.a(CyLib.o)
                0x00005a10                CyHalt
 .text.CyDelayUs
                0x00005a28       0x28 .\CortexM3\ARM_GCC_473\Debug\PSoC_2_Pi.a(CyLib.o)
                0x00005a28                CyDelayUs
 .text.CyIntSetVector
                0x00005a50       0x60 .\CortexM3\ARM_GCC_473\Debug\PSoC_2_Pi.a(CyLib.o)
                0x00005a50                CyIntSetVector
 .text.CyIntSetPriority
                0x00005ab0       0x4c .\CortexM3\ARM_GCC_473\Debug\PSoC_2_Pi.a(CyLib.o)
                0x00005ab0                CyIntSetPriority
 .text.USBUART_Start
                0x00005afc       0x44 .\CortexM3\ARM_GCC_473\Debug\PSoC_2_Pi.a(USBUART.o)
                0x00005afc                USBUART_Start
 .text.USBUART_Init
                0x00005b40      0x238 .\CortexM3\ARM_GCC_473\Debug\PSoC_2_Pi.a(USBUART.o)
                0x00005b40                USBUART_Init
 .text.USBUART_InitComponent
                0x00005d78      0x138 .\CortexM3\ARM_GCC_473\Debug\PSoC_2_Pi.a(USBUART.o)
                0x00005d78                USBUART_InitComponent
 .text.USBUART_ReInitComponent
                0x00005eb0       0x88 .\CortexM3\ARM_GCC_473\Debug\PSoC_2_Pi.a(USBUART.o)
                0x00005eb0                USBUART_ReInitComponent
 .text.USBUART_GetConfiguration
                0x00005f38       0x18 .\CortexM3\ARM_GCC_473\Debug\PSoC_2_Pi.a(USBUART.o)
                0x00005f38                USBUART_GetConfiguration
 .text.USBUART_GetEPCount
                0x00005f50       0x74 .\CortexM3\ARM_GCC_473\Debug\PSoC_2_Pi.a(USBUART.o)
                0x00005f50                USBUART_GetEPCount
 .text.USBUART_ReadOutEP
                0x00005fc4       0x98 .\CortexM3\ARM_GCC_473\Debug\PSoC_2_Pi.a(USBUART.o)
                0x00005fc4                USBUART_ReadOutEP
 .text.USBUART_EnableOutEP
                0x0000605c       0x78 .\CortexM3\ARM_GCC_473\Debug\PSoC_2_Pi.a(USBUART.o)
                0x0000605c                USBUART_EnableOutEP
 .text.USBUART_DispatchCDCClassRqst
                0x000060d4      0x11c .\CortexM3\ARM_GCC_473\Debug\PSoC_2_Pi.a(USBUART_cdc.o)
                0x000060d4                USBUART_DispatchCDCClassRqst
 .text.USBUART_CDC_Init
                0x000061f0       0x28 .\CortexM3\ARM_GCC_473\Debug\PSoC_2_Pi.a(USBUART_cdc.o)
                0x000061f0                USBUART_CDC_Init
 .text.USBUART_DataIsReady
                0x00006218       0x34 .\CortexM3\ARM_GCC_473\Debug\PSoC_2_Pi.a(USBUART_cdc.o)
                0x00006218                USBUART_DataIsReady
 .text.USBUART_GetAll
                0x0000624c       0x54 .\CortexM3\ARM_GCC_473\Debug\PSoC_2_Pi.a(USBUART_cdc.o)
                0x0000624c                USBUART_GetAll
 .text.USBUART_EP_0_ISR
                0x000062a0      0x140 .\CortexM3\ARM_GCC_473\Debug\PSoC_2_Pi.a(USBUART_drv.o)
                0x000062a0                USBUART_EP_0_ISR
 .text.USBUART_HandleSetup
                0x000063e0       0xa8 .\CortexM3\ARM_GCC_473\Debug\PSoC_2_Pi.a(USBUART_drv.o)
                0x000063e0                USBUART_HandleSetup
 .text.USBUART_HandleIN
                0x00006488       0x50 .\CortexM3\ARM_GCC_473\Debug\PSoC_2_Pi.a(USBUART_drv.o)
                0x00006488                USBUART_HandleIN
 .text.USBUART_HandleOUT
                0x000064d8       0x60 .\CortexM3\ARM_GCC_473\Debug\PSoC_2_Pi.a(USBUART_drv.o)
                0x000064d8                USBUART_HandleOUT
 .text.USBUART_LoadEP0
                0x00006538      0x138 .\CortexM3\ARM_GCC_473\Debug\PSoC_2_Pi.a(USBUART_drv.o)
                0x00006538                USBUART_LoadEP0
 .text.USBUART_InitControlRead
                0x00006670       0x90 .\CortexM3\ARM_GCC_473\Debug\PSoC_2_Pi.a(USBUART_drv.o)
                0x00006670                USBUART_InitControlRead
 .text.USBUART_InitZeroLengthControlTransfer
                0x00006700       0x58 .\CortexM3\ARM_GCC_473\Debug\PSoC_2_Pi.a(USBUART_drv.o)
                0x00006700                USBUART_InitZeroLengthControlTransfer
 .text.USBUART_ControlReadDataStage
                0x00006758        0xc .\CortexM3\ARM_GCC_473\Debug\PSoC_2_Pi.a(USBUART_drv.o)
                0x00006758                USBUART_ControlReadDataStage
 .text.USBUART_ControlReadStatusStage
                0x00006764       0x54 .\CortexM3\ARM_GCC_473\Debug\PSoC_2_Pi.a(USBUART_drv.o)
                0x00006764                USBUART_ControlReadStatusStage
 .text.USBUART_InitControlWrite
                0x000067b8       0x84 .\CortexM3\ARM_GCC_473\Debug\PSoC_2_Pi.a(USBUART_drv.o)
                0x000067b8                USBUART_InitControlWrite
 .text.USBUART_ControlWriteDataStage
                0x0000683c       0xfc .\CortexM3\ARM_GCC_473\Debug\PSoC_2_Pi.a(USBUART_drv.o)
                0x0000683c                USBUART_ControlWriteDataStage
 .text.USBUART_ControlWriteStatusStage
                0x00006938       0x2c .\CortexM3\ARM_GCC_473\Debug\PSoC_2_Pi.a(USBUART_drv.o)
                0x00006938                USBUART_ControlWriteStatusStage
 .text.USBUART_InitNoDataControlTransfer
                0x00006964       0x48 .\CortexM3\ARM_GCC_473\Debug\PSoC_2_Pi.a(USBUART_drv.o)
                0x00006964                USBUART_InitNoDataControlTransfer
 .text.USBUART_NoDataControlStatusStage
                0x000069ac       0x64 .\CortexM3\ARM_GCC_473\Debug\PSoC_2_Pi.a(USBUART_drv.o)
                0x000069ac                USBUART_NoDataControlStatusStage
 .text.USBUART_UpdateStatusBlock
                0x00006a10       0x58 .\CortexM3\ARM_GCC_473\Debug\PSoC_2_Pi.a(USBUART_drv.o)
                0x00006a10                USBUART_UpdateStatusBlock
 .text.USBUART_InitializeStatusBlock
                0x00006a68       0x48 .\CortexM3\ARM_GCC_473\Debug\PSoC_2_Pi.a(USBUART_drv.o)
                0x00006a68                USBUART_InitializeStatusBlock
 .text.USBUART_EP_1_ISR
                0x00006ab0       0x74 .\CortexM3\ARM_GCC_473\Debug\PSoC_2_Pi.a(USBUART_episr.o)
                0x00006ab0                USBUART_EP_1_ISR
 .text.USBUART_EP_2_ISR
                0x00006b24       0x74 .\CortexM3\ARM_GCC_473\Debug\PSoC_2_Pi.a(USBUART_episr.o)
                0x00006b24                USBUART_EP_2_ISR
 .text.USBUART_EP_3_ISR
                0x00006b98       0x7c .\CortexM3\ARM_GCC_473\Debug\PSoC_2_Pi.a(USBUART_episr.o)
                0x00006b98                USBUART_EP_3_ISR
 .text.USBUART_SOF_ISR
                0x00006c14        0xc .\CortexM3\ARM_GCC_473\Debug\PSoC_2_Pi.a(USBUART_episr.o)
                0x00006c14                USBUART_SOF_ISR
 .text.USBUART_BUS_RESET_ISR
                0x00006c20        0xc .\CortexM3\ARM_GCC_473\Debug\PSoC_2_Pi.a(USBUART_episr.o)
                0x00006c20                USBUART_BUS_RESET_ISR
 .text.USBUART_HandleStandardRqst
                0x00006c2c      0x654 .\CortexM3\ARM_GCC_473\Debug\PSoC_2_Pi.a(USBUART_std.o)
                0x00006c2c                USBUART_HandleStandardRqst
 .text.USBUART_ReadDieID
                0x00007280       0xa8 .\CortexM3\ARM_GCC_473\Debug\PSoC_2_Pi.a(USBUART_std.o)
                0x00007280                USBUART_ReadDieID
 .text.USBUART_ConfigReg
                0x00007328      0x204 .\CortexM3\ARM_GCC_473\Debug\PSoC_2_Pi.a(USBUART_std.o)
                0x00007328                USBUART_ConfigReg
 .text.USBUART_Config
                0x0000752c      0x474 .\CortexM3\ARM_GCC_473\Debug\PSoC_2_Pi.a(USBUART_std.o)
                0x0000752c                USBUART_Config
 .text.USBUART_ConfigAltChanged
                0x000079a0      0x354 .\CortexM3\ARM_GCC_473\Debug\PSoC_2_Pi.a(USBUART_std.o)
                0x000079a0                USBUART_ConfigAltChanged
 .text.USBUART_GetConfigTablePtr
                0x00007cf4       0x60 .\CortexM3\ARM_GCC_473\Debug\PSoC_2_Pi.a(USBUART_std.o)
                0x00007cf4                USBUART_GetConfigTablePtr
 .text.USBUART_GetDeviceTablePtr
                0x00007d54       0x28 .\CortexM3\ARM_GCC_473\Debug\PSoC_2_Pi.a(USBUART_std.o)
                0x00007d54                USBUART_GetDeviceTablePtr
 .text.USBUART_GetInterfaceClassTablePtr
                0x00007d7c       0x58 .\CortexM3\ARM_GCC_473\Debug\PSoC_2_Pi.a(USBUART_std.o)
                0x00007d7c                USBUART_GetInterfaceClassTablePtr
 .text.USBUART_SetEndpointHalt
                0x00007dd4      0x130 .\CortexM3\ARM_GCC_473\Debug\PSoC_2_Pi.a(USBUART_std.o)
                0x00007dd4                USBUART_SetEndpointHalt
 .text.USBUART_ClearEndpointHalt
                0x00007f04      0x1c4 .\CortexM3\ARM_GCC_473\Debug\PSoC_2_Pi.a(USBUART_std.o)
                0x00007f04                USBUART_ClearEndpointHalt
 .text.USBUART_ValidateAlternateSetting
                0x000080c8       0x90 .\CortexM3\ARM_GCC_473\Debug\PSoC_2_Pi.a(USBUART_std.o)
                0x000080c8                USBUART_ValidateAlternateSetting
 .text.USBUART_HandleVendorRqst
                0x00008158       0x70 .\CortexM3\ARM_GCC_473\Debug\PSoC_2_Pi.a(USBUART_vnd.o)
                0x00008158                USBUART_HandleVendorRqst
 .text.DEBUG_UART_Start
                0x000081c8       0x2c .\CortexM3\ARM_GCC_473\Debug\PSoC_2_Pi.a(DEBUG_UART.o)
                0x000081c8                DEBUG_UART_Start
 .text.DEBUG_UART_Init
                0x000081f4       0x34 .\CortexM3\ARM_GCC_473\Debug\PSoC_2_Pi.a(DEBUG_UART.o)
                0x000081f4                DEBUG_UART_Init
 .text.DEBUG_UART_Enable
                0x00008228       0x40 .\CortexM3\ARM_GCC_473\Debug\PSoC_2_Pi.a(DEBUG_UART.o)
                0x00008228                DEBUG_UART_Enable
 .text.DEBUG_UART_PutChar
                0x00008268       0x38 .\CortexM3\ARM_GCC_473\Debug\PSoC_2_Pi.a(DEBUG_UART.o)
                0x00008268                DEBUG_UART_PutChar
 .text.DEBUG_UART_PutString
                0x000082a0       0x48 .\CortexM3\ARM_GCC_473\Debug\PSoC_2_Pi.a(DEBUG_UART.o)
                0x000082a0                DEBUG_UART_PutString
 .text.DEBUG_UART_PutArray
                0x000082e8       0x48 .\CortexM3\ARM_GCC_473\Debug\PSoC_2_Pi.a(DEBUG_UART.o)
                0x000082e8                DEBUG_UART_PutArray
 .text.DEBUG_UART_IntClock_Start
                0x00008330       0x44 .\CortexM3\ARM_GCC_473\Debug\PSoC_2_Pi.a(DEBUG_UART_IntClock.o)
                0x00008330                DEBUG_UART_IntClock_Start
 .text.USBUART_DispatchClassRqst
                0x00008374       0xa8 .\CortexM3\ARM_GCC_473\Debug\PSoC_2_Pi.a(USBUART_cls.o)
                0x00008374                USBUART_DispatchClassRqst
 .text.__libc_init_array
                0x0000841c       0x4c c:/program files (x86)/cypress/psoc creator/3.0/psoc creator/import/gnu_cs/arm/4.7.3/bin/../lib/gcc/arm-none-eabi/4.7.3/../../../../arm-none-eabi/lib/armv7-m\libc_s.a(lib_a-init.o)
                0x0000841c                __libc_init_array
 .text.memcpy   0x00008468       0x12 c:/program files (x86)/cypress/psoc creator/3.0/psoc creator/import/gnu_cs/arm/4.7.3/bin/../lib/gcc/arm-none-eabi/4.7.3/../../../../arm-none-eabi/lib/armv7-m\libc_s.a(lib_a-memcpy.o)
                0x00008468                memcpy
 .text.memset   0x0000847a       0x10 c:/program files (x86)/cypress/psoc creator/3.0/psoc creator/import/gnu_cs/arm/4.7.3/bin/../lib/gcc/arm-none-eabi/4.7.3/../../../../arm-none-eabi/lib/armv7-m\libc_s.a(lib_a-memset.o)
                0x0000847a                memset
 *fill*         0x0000848a        0x2 00
 .text.sprintf  0x0000848c       0x48 c:/program files (x86)/cypress/psoc creator/3.0/psoc creator/import/gnu_cs/arm/4.7.3/bin/../lib/gcc/arm-none-eabi/4.7.3/../../../../arm-none-eabi/lib/armv7-m\libc_s.a(lib_a-sprintf.o)
                0x0000848c                siprintf
                0x0000848c                sprintf
 .text.__ssputc_r
                0x000084d4       0xae c:/program files (x86)/cypress/psoc creator/3.0/psoc creator/import/gnu_cs/arm/4.7.3/bin/../lib/gcc/arm-none-eabi/4.7.3/../../../../arm-none-eabi/lib/armv7-m\libc_s.a(lib_a-svfprintf.o)
                0x000084d4                __ssputc_r
 *fill*         0x00008582        0x2 00
 .text._svfprintf_r
                0x00008584      0x1f4 c:/program files (x86)/cypress/psoc creator/3.0/psoc creator/import/gnu_cs/arm/4.7.3/bin/../lib/gcc/arm-none-eabi/4.7.3/../../../../arm-none-eabi/lib/armv7-m\libc_s.a(lib_a-svfprintf.o)
                0x00008584                _svfiprintf_r
                0x00008584                _svfprintf_r
 .text._printf_common
                0x00008778       0xde c:/program files (x86)/cypress/psoc creator/3.0/psoc creator/import/gnu_cs/arm/4.7.3/bin/../lib/gcc/arm-none-eabi/4.7.3/../../../../arm-none-eabi/lib/armv7-m\libc_s.a(lib_a-vfprintf_i.o)
                0x00008778                _printf_common
 *fill*         0x00008856        0x2 00
 .text._printf_i
                0x00008858      0x248 c:/program files (x86)/cypress/psoc creator/3.0/psoc creator/import/gnu_cs/arm/4.7.3/bin/../lib/gcc/arm-none-eabi/4.7.3/../../../../arm-none-eabi/lib/armv7-m\libc_s.a(lib_a-vfprintf_i.o)
                0x00008858                _printf_i
 .text._free_r  0x00008aa0       0x88 c:/program files (x86)/cypress/psoc creator/3.0/psoc creator/import/gnu_cs/arm/4.7.3/bin/../lib/gcc/arm-none-eabi/4.7.3/../../../../arm-none-eabi/lib/armv7-m\libc_s.a(lib_a-freer.o)
                0x00008aa0                _free_r
 .text._malloc_r
                0x00008b28       0x94 c:/program files (x86)/cypress/psoc creator/3.0/psoc creator/import/gnu_cs/arm/4.7.3/bin/../lib/gcc/arm-none-eabi/4.7.3/../../../../arm-none-eabi/lib/armv7-m\libc_s.a(lib_a-mallocr.o)
                0x00008b28                _malloc_r
 .text.memchr   0x00008bbc       0x1c c:/program files (x86)/cypress/psoc creator/3.0/psoc creator/import/gnu_cs/arm/4.7.3/bin/../lib/gcc/arm-none-eabi/4.7.3/../../../../arm-none-eabi/lib/armv7-m\libc_s.a(lib_a-memchr.o)
                0x00008bbc                memchr
 .text._realloc_r
                0x00008bd8       0x48 c:/program files (x86)/cypress/psoc creator/3.0/psoc creator/import/gnu_cs/arm/4.7.3/bin/../lib/gcc/arm-none-eabi/4.7.3/../../../../arm-none-eabi/lib/armv7-m\libc_s.a(lib_a-reallocr.o)
                0x00008bd8                _realloc_r
 .text._sbrk_r  0x00008c20       0x20 c:/program files (x86)/cypress/psoc creator/3.0/psoc creator/import/gnu_cs/arm/4.7.3/bin/../lib/gcc/arm-none-eabi/4.7.3/../../../../arm-none-eabi/lib/armv7-m\libc_s.a(lib_a-sbrkr.o)
                0x00008c20                _sbrk_r
 .text.strlen   0x00008c40       0x10 c:/program files (x86)/cypress/psoc creator/3.0/psoc creator/import/gnu_cs/arm/4.7.3/bin/../lib/gcc/arm-none-eabi/4.7.3/../../../../arm-none-eabi/lib/armv7-m\libc_s.a(lib_a-strlen.o)
                0x00008c40                strlen
 .text._malloc_usable_size_r
                0x00008c50       0x12 c:/program files (x86)/cypress/psoc creator/3.0/psoc creator/import/gnu_cs/arm/4.7.3/bin/../lib/gcc/arm-none-eabi/4.7.3/../../../../arm-none-eabi/lib/armv7-m\libc_s.a(lib_a-msizer.o)
                0x00008c50                _malloc_usable_size_r
 *fill*         0x00008c62        0x2 00
 .text._sbrk    0x00008c64       0x34 c:/program files (x86)/cypress/psoc creator/3.0/psoc creator/import/gnu_cs/arm/4.7.3/bin/../lib/gcc/arm-none-eabi/4.7.3/../../../../arm-none-eabi/lib/armv7-m\libnosys.a(sbrk.o)
                0x00008c64                _sbrk
 *(.plt)
 *(.gnu.warning)
 *(.glue_7t)
 .glue_7t       0x00000000        0x0 linker stubs
 *(.glue_7)
 .glue_7        0x00000000        0x0 linker stubs
 *(.vfp11_veneer)
 .vfp11_veneer  0x00000000        0x0 linker stubs
 *(.bootloader)
 *(.ARM.extab* .gnu.linkonce.armextab.*)
 *(.gcc_except_table)

.v4_bx          0x00008c98        0x0
 .v4_bx         0x00000000        0x0 linker stubs

.iplt           0x00008c98        0x0
 .iplt          0x00000000        0x0 c:/program files (x86)/cypress/psoc creator/3.0/psoc creator/import/gnu_cs/arm/4.7.3/bin/../lib/gcc/arm-none-eabi/4.7.3/armv7-m/crtbegin.o

.eh_frame_hdr
 *(.eh_frame_hdr)

.eh_frame       0x00008c98        0x4
 *(.eh_frame)
 .eh_frame      0x00008c98        0x0 c:/program files (x86)/cypress/psoc creator/3.0/psoc creator/import/gnu_cs/arm/4.7.3/bin/../lib/gcc/arm-none-eabi/4.7.3/armv7-m/crtbegin.o
 .eh_frame      0x00008c98        0x4 c:/program files (x86)/cypress/psoc creator/3.0/psoc creator/import/gnu_cs/arm/4.7.3/bin/../lib/gcc/arm-none-eabi/4.7.3/armv7-m/crtend.o
                0x00008c9c                PROVIDE (__exidx_start, .)

.ARM.exidx
 *(.ARM.exidx* .gnu.linkonce.armexidx.*)
                0x00008c9c                __exidx_end = .

.rodata         0x00008c9c      0x31c
 *(.rodata .rodata.* .gnu.linkonce.r.*)
 .rodata        0x00008c9c       0xc8 .\CortexM3\ARM_GCC_473\Debug\LINX.o
 .rodata        0x00008d64       0x3c .\CortexM3\ARM_GCC_473\Debug\PSoC_2_Pi.a(cyfitter_cfg.o)
                0x00008d64                ADC_DelSig_1_AMux__addrTable
                0x00008d6c                ADC_DelSig_1_AMux__maskTable
 .rodata        0x00008da0       0x14 .\CortexM3\ARM_GCC_473\Debug\PSoC_2_Pi.a(USBUART_std.o)
 .rodata        0x00008db4      0x194 .\CortexM3\ARM_GCC_473\Debug\PSoC_2_Pi.a(USBUART_descr.o)
                0x00008db4                USBUART_DEVICE0_DESCR
                0x00008dc8                USBUART_DEVICE0_CONFIGURATION0_DESCR
                0x00008e0c                USBUART_STRING_DESCRIPTORS
                0x00008eac                USBUART_SN_STRING_DESCRIPTOR
                0x00008eb0                USBUART_DEVICE0_CONFIGURATION0_EP_SETTINGS_TABLE
                0x00008ec8                USBUART_DEVICE0_CONFIGURATION0_INTERFACE_CLASS
                0x00008ecc                USBUART_DEVICE0_CONFIGURATION0_TABLE
                0x00008ef4                USBUART_DEVICE0_TABLE
                0x00008f04                USBUART_TABLE
                0x00008f0c                USBUART_MSOS_DESCRIPTOR
                0x00008f20                USBUART_MSOS_CONFIGURATION_DESCR
 .rodata.str1.1
                0x00008f48        0x2 c:/program files (x86)/cypress/psoc creator/3.0/psoc creator/import/gnu_cs/arm/4.7.3/bin/../lib/gcc/arm-none-eabi/4.7.3/../../../../arm-none-eabi/lib/armv7-m\libc_s.a(lib_a-impure.o)
 .rodata.str1.1
                0x00008f4a       0x11 c:/program files (x86)/cypress/psoc creator/3.0/psoc creator/import/gnu_cs/arm/4.7.3/bin/../lib/gcc/arm-none-eabi/4.7.3/../../../../arm-none-eabi/lib/armv7-m\libc_s.a(lib_a-svfprintf.o)
 .rodata.str1.1
                0x00008f5b       0x22 c:/program files (x86)/cypress/psoc creator/3.0/psoc creator/import/gnu_cs/arm/4.7.3/bin/../lib/gcc/arm-none-eabi/4.7.3/../../../../arm-none-eabi/lib/armv7-m\libc_s.a(lib_a-vfprintf_i.o)
                0x00008f80                . = ALIGN (0x4)
 *fill*         0x00008f7d        0x3 00
 *(.init)
 .init          0x00008f80        0x4 c:/program files (x86)/cypress/psoc creator/3.0/psoc creator/import/gnu_cs/arm/4.7.3/bin/../lib/gcc/arm-none-eabi/4.7.3/armv7-m/crti.o
                0x00008f80                _init
 .init          0x00008f84        0x8 c:/program files (x86)/cypress/psoc creator/3.0/psoc creator/import/gnu_cs/arm/4.7.3/bin/../lib/gcc/arm-none-eabi/4.7.3/armv7-m/crtn.o
                0x00008f8c                . = ALIGN (0x4)
                0x00008f8c                __preinit_array_start = .
 *(.preinit_array)
                0x00008f8c                __preinit_array_end = .
                0x00008f8c                . = ALIGN (0x4)
                0x00008f8c                __init_array_start = .
 *(SORT(.init_array.*))
 *(.init_array)
 .init_array    0x00008f8c        0x4 c:/program files (x86)/cypress/psoc creator/3.0/psoc creator/import/gnu_cs/arm/4.7.3/bin/../lib/gcc/arm-none-eabi/4.7.3/armv7-m/crtbegin.o
 .init_array    0x00008f90        0x4 .\CortexM3\ARM_GCC_473\Debug\Cm3Start.o
                0x00008f94                __init_array_end = .
                0x00008f94                . = ALIGN (0x4)
 *(.fini)
 .fini          0x00008f94        0x4 c:/program files (x86)/cypress/psoc creator/3.0/psoc creator/import/gnu_cs/arm/4.7.3/bin/../lib/gcc/arm-none-eabi/4.7.3/armv7-m/crti.o
                0x00008f94                _fini
 .fini          0x00008f98        0x8 c:/program files (x86)/cypress/psoc creator/3.0/psoc creator/import/gnu_cs/arm/4.7.3/bin/../lib/gcc/arm-none-eabi/4.7.3/armv7-m/crtn.o
                0x00008fa0                . = ALIGN (0x4)
                0x00008fa0                __fini_array_start = .
 *(.fini_array)
 .fini_array    0x00008fa0        0x4 c:/program files (x86)/cypress/psoc creator/3.0/psoc creator/import/gnu_cs/arm/4.7.3/bin/../lib/gcc/arm-none-eabi/4.7.3/armv7-m/crtbegin.o
 *(SORT(.fini_array.*))
                0x00008fa4                __fini_array_end = .
                0x00008fa4                . = ALIGN (0x4)
 *crtbegin.o(.ctors)
 *(EXCLUDE_FILE(*crtend.o) .ctors)
 *(SORT(.ctors.*))
 *crtend.o(.ctors)
                0x00008fa4                . = ALIGN (0x4)
 *crtbegin.o(.dtors)
 *(EXCLUDE_FILE(*crtend.o) .dtors)
 *(SORT(.dtors.*))
 *crtend.o(.dtors)
                0x00008fa4                . = ALIGN (0x4)
                0x00008fa4                __cy_regions = .
                0x00008fa4        0x4 LONG 0x8fb8 __cy_region_init_ram
                0x00008fa8        0x4 LONG 0x1fff8108 __cy_region_start_data
                0x00008fac        0x4 LONG 0x90 __cy_region_init_size_ram
                0x00008fb0        0x4 LONG 0xf8 __cy_region_zero_size_ram
                0x00008fb4                __cy_regions_end = .
                0x00008fb8                . = ALIGN (0x8)
 *fill*         0x00008fb4        0x4 00
                0x00008fb8                _etext = .

.ramvectors     0x1fff8000      0x100
                0x1fff8000                __cy_region_start_ram = .
 *(.ramvectors)
 .ramvectors    0x1fff8000      0x100 .\CortexM3\ARM_GCC_473\Debug\Cm3Start.o
                0x1fff8000                CyRamVectors

.noinit         0x1fff8100        0x5
 *(.noinit)
 .noinit        0x1fff8100        0x4 .\CortexM3\ARM_GCC_473\Debug\Cm3Start.o
 .noinit        0x1fff8104        0x1 .\CortexM3\ARM_GCC_473\Debug\PSoC_2_Pi.a(CyLib.o)
                0x1fff8104                CyResetStatus

.data           0x1fff8108       0x90 load address 0x00008fb8
                0x1fff8108                __cy_region_start_data = .
 *(.jcr)
 .jcr           0x1fff8108        0x0 c:/program files (x86)/cypress/psoc creator/3.0/psoc creator/import/gnu_cs/arm/4.7.3/bin/../lib/gcc/arm-none-eabi/4.7.3/armv7-m/crtbegin.o
 .jcr           0x1fff8108        0x4 c:/program files (x86)/cypress/psoc creator/3.0/psoc creator/import/gnu_cs/arm/4.7.3/bin/../lib/gcc/arm-none-eabi/4.7.3/armv7-m/crtend.o
 *(.got.plt)
 *(.got)
 *(.shdata)
 *(.data .data.* .gnu.linkonce.d.*)
 .data          0x1fff810c        0x8 .\CortexM3\ARM_GCC_473\Debug\PSoC_2_Pi.a(CyDmac.o)
 .data          0x1fff8114       0x10 .\CortexM3\ARM_GCC_473\Debug\PSoC_2_Pi.a(CyLib.o)
                0x1fff8114                cydelay_freq_hz
                0x1fff8118                cydelay_freq_khz
                0x1fff811c                cydelay_freq_mhz
                0x1fff8120                cydelay_32k_ms
 .data          0x1fff8124        0x8 .\CortexM3\ARM_GCC_473\Debug\PSoC_2_Pi.a(USBUART_cdc.o)
                0x1fff8124                USBUART_lineCoding
 .data.impure_data
                0x1fff812c       0x64 c:/program files (x86)/cypress/psoc creator/3.0/psoc creator/import/gnu_cs/arm/4.7.3/bin/../lib/gcc/arm-none-eabi/4.7.3/../../../../arm-none-eabi/lib/armv7-m\libc_s.a(lib_a-impure.o)
 .data._impure_ptr
                0x1fff8190        0x4 c:/program files (x86)/cypress/psoc creator/3.0/psoc creator/import/gnu_cs/arm/4.7.3/bin/../lib/gcc/arm-none-eabi/4.7.3/../../../../arm-none-eabi/lib/armv7-m\libc_s.a(lib_a-impure.o)
                0x1fff8190                _impure_ptr
                0x1fff8198                . = ALIGN (0x8)
 *fill*         0x1fff8194        0x4 00
 *(.ram)
                0x1fff8198                _edata = .

.igot.plt       0x1fff8198        0x0 load address 0x00009048
 .igot.plt      0x00000000        0x0 c:/program files (x86)/cypress/psoc creator/3.0/psoc creator/import/gnu_cs/arm/4.7.3/bin/../lib/gcc/arm-none-eabi/4.7.3/armv7-m/crtbegin.o

.bss            0x1fff8198       0xf8 load address 0x00009048
                0x1fff8198                PROVIDE (__bss_start__, .)
 *(.shbss)
 *(.bss .bss.* .gnu.linkonce.b.*)
 .bss           0x1fff8198       0x1c c:/program files (x86)/cypress/psoc creator/3.0/psoc creator/import/gnu_cs/arm/4.7.3/bin/../lib/gcc/arm-none-eabi/4.7.3/armv7-m/crtbegin.o
 .bss           0x1fff81b4        0x1 .\CortexM3\ARM_GCC_473\Debug\PSoC_2_Pi.a(SPIS_1.o)
                0x1fff81b4                SPIS_1_initVar
 .bss           0x1fff81b5        0x1 .\CortexM3\ARM_GCC_473\Debug\PSoC_2_Pi.a(USBUART.o)
                0x1fff81b5                USBUART_initVar
 *fill*         0x1fff81b6        0x2 00
 .bss           0x1fff81b8        0x4 .\CortexM3\ARM_GCC_473\Debug\PSoC_2_Pi.a(USBUART_std.o)
 .bss           0x1fff81bc        0x2 .\CortexM3\ARM_GCC_473\Debug\PSoC_2_Pi.a(DEBUG_UART.o)
                0x1fff81bc                DEBUG_UART_initVar
 *fill*         0x1fff81be        0x2 00
 .bss.__malloc_free_list
                0x1fff81c0        0x4 c:/program files (x86)/cypress/psoc creator/3.0/psoc creator/import/gnu_cs/arm/4.7.3/bin/../lib/gcc/arm-none-eabi/4.7.3/../../../../arm-none-eabi/lib/armv7-m\libc_s.a(lib_a-mallocr.o)
                0x1fff81c0                __malloc_free_list
 .bss.heap_end.4231
                0x1fff81c4        0x4 c:/program files (x86)/cypress/psoc creator/3.0/psoc creator/import/gnu_cs/arm/4.7.3/bin/../lib/gcc/arm-none-eabi/4.7.3/../../../../arm-none-eabi/lib/armv7-m\libnosys.a(sbrk.o)
 *(COMMON)
 COMMON         0x1fff81c8        0x5 .\CortexM3\ARM_GCC_473\Debug\PSoC_2_Pi.a(USBUART_cdc.o)
                0x1fff81c8                USBUART_cdc_data_out_ep
                0x1fff81c9                USBUART_cdc_data_in_ep
                0x1fff81ca                USBUART_lineControlBitmap
                0x1fff81cc                USBUART_lineChanged
 *fill*         0x1fff81cd        0x3 00
 COMMON         0x1fff81d0       0x96 .\CortexM3\ARM_GCC_473\Debug\PSoC_2_Pi.a(USBUART_drv.o)
                0x1fff81d0                USBUART_lastPacketSize
                0x1fff81d1                USBUART_device
                0x1fff81d2                USBUART_transferByteCount
                0x1fff81d4                USBUART_interfaceSetting_last
                0x1fff81d6                USBUART_transferState
                0x1fff81d8                USBUART_currentTD
                0x1fff81e4                USBUART_interfaceNumber
                0x1fff81e8                USBUART_interfaceClass
                0x1fff81ec                USBUART_configurationChanged
                0x1fff81ed                USBUART_ep0Mode
                0x1fff81ee                USBUART_deviceAddress
                0x1fff81ef                USBUART_configuration
                0x1fff81f0                USBUART_ep0Count
                0x1fff81f1                USBUART_deviceStatus
                0x1fff81f4                USBUART_EP
                0x1fff8260                USBUART_interfaceSetting
                0x1fff8262                USBUART_ep0Toggle
                0x1fff8264                USBUART_interfaceStatus
 *fill*         0x1fff8266        0x2 00
 COMMON         0x1fff8268       0x22 .\CortexM3\ARM_GCC_473\Debug\PSoC_2_Pi.a(USBUART_descr.o)
                0x1fff8268                USBUART_idSerialNumberStringDescriptor
 *fill*         0x1fff828a        0x2 00
 COMMON         0x1fff828c        0x4 c:/program files (x86)/cypress/psoc creator/3.0/psoc creator/import/gnu_cs/arm/4.7.3/bin/../lib/gcc/arm-none-eabi/4.7.3/../../../../arm-none-eabi/lib/armv7-m\libc_s.a(lib_a-reent.o)
                0x1fff828c                errno
                0x1fff8290                . = ALIGN (0x8)
 *(.ram.b)
                0x1fff8290                _end = .
                0x1fff8290                __end = .
                0x1fff8290                PROVIDE (end, .)
                0x1fff8290                PROVIDE (__bss_end__, .)
                0x00008fb8                __cy_region_init_ram = LOADADDR (.data)
                0x00000090                __cy_region_init_size_ram = (_edata - ADDR (.data))
                0x000000f8                __cy_region_zero_size_ram = (_end - _edata)

.heap           0x1fff8290     0x1000 load address 0x00009048
                0x1fff8290                . = _end
                0x1fff9290                . = (. + 0x1000)
 *fill*         0x1fff8290     0x1000 00
                0x1fff9290                __cy_heap_limit = .

.stack          0x20004000     0x4000
                0x20004000                __cy_stack_limit = .
                0x20008000                . = (. + 0x4000)
 *fill*         0x20004000     0x4000 00
                0x00000001                ASSERT ((__cy_stack_limit >= __cy_heap_limit), region RAM overflowed with stack)

.cyloadermeta   0xf0000000       0x40
 *(.cyloadermeta)
 .cyloadermeta  0xf0000000       0x40 .\CortexM3\ARM_GCC_473\Debug\cybootloader.o
                0xf0000000                cy_meta_loader

.cyloadablemeta
                0x0003ffc0       0x40
 *(.cyloadablemeta)
 .cyloadablemeta
                0x0003ffc0       0x40 .\CortexM3\ARM_GCC_473\Debug\cymetadata.o
                0x0003ffc0                cy_meta_loadable

.cyconfigecc    0x80000960     0x1360
 *(.cyconfigecc)
 .cyconfigecc   0x80000960     0x1360 .\CortexM3\ARM_GCC_473\Debug\cymetadata.o
                0x80000960                cy_meta_configecc

.cycustnvl      0x90000000        0x4
 *(.cycustnvl)
 .cycustnvl     0x90000000        0x4 .\CortexM3\ARM_GCC_473\Debug\cybootloader.o
                0x90000000                cy_meta_custnvl

.cywolatch      0x90100000        0x4
 *(.cywolatch)
 .cywolatch     0x90100000        0x4 .\CortexM3\ARM_GCC_473\Debug\cybootloader.o
                0x90100000                cy_meta_wonvl

.cyeeprom       0x90200000        0x0
 *(.cyeeprom)
                0x00000001                ASSERT ((. <= ((0x90200000 + ee_offset) + ee_size)), .cyeeprom data will not fit in EEPROM)

.cyflashprotect
                0x90400000      0x100
 *(.cyflashprotect)
 .cyflashprotect
                0x90400000      0x100 .\CortexM3\ARM_GCC_473\Debug\cybootloader.o
                0x90400000                cy_meta_flashprotect

.cymeta         0x90500000        0xc
 *(.cymeta)
 .cymeta        0x90500000        0xc .\CortexM3\ARM_GCC_473\Debug\cybootloader.o
                0x90500000                cy_metadata

.rel.dyn        0x00040000        0x0 load address 0x9050000c
 .rel.iplt      0x00000000        0x0 c:/program files (x86)/cypress/psoc creator/3.0/psoc creator/import/gnu_cs/arm/4.7.3/bin/../lib/gcc/arm-none-eabi/4.7.3/armv7-m/crtbegin.o

.stab
 *(.stab)

.stabstr
 *(.stabstr)

.debug
 *(.debug)

.line
 *(.line)

.debug_srcinfo
 *(.debug_srcinfo)

.debug_sfnames
 *(.debug_sfnames)

.debug_aranges  0x00000000     0x26b8
 *(.debug_aranges)
 .debug_aranges
                0x00000000       0x30 .\CortexM3\ARM_GCC_473\Debug\main.o
 .debug_aranges
                0x00000030       0xa8 .\CortexM3\ARM_GCC_473\Debug\mem1.o
 .debug_aranges
                0x000000d8       0x40 .\CortexM3\ARM_GCC_473\Debug\LINX.o
 .debug_aranges
                0x00000118       0x18 .\CortexM3\ARM_GCC_473\Debug\cymetadata.o
 .debug_aranges
                0x00000130       0x40 .\CortexM3\ARM_GCC_473\Debug\Cm3Start.o
 .debug_aranges
                0x00000170       0x18 .\CortexM3\ARM_GCC_473\Debug\cybootloader.o
 .debug_aranges
                0x00000188       0x70 .\CortexM3\ARM_GCC_473\Debug\PSoC_2_Pi.a(cyfitter_cfg.o)
 .debug_aranges
                0x000001f8       0xe0 .\CortexM3\ARM_GCC_473\Debug\PSoC_2_Pi.a(SPIS_1.o)
 .debug_aranges
                0x000002d8       0x20 .\CortexM3\ARM_GCC_473\Debug\PSoC_2_Pi.a(CyBootAsmGnu.o)
 .debug_aranges
                0x000002f8       0xd8 .\CortexM3\ARM_GCC_473\Debug\PSoC_2_Pi.a(CyDmac.o)
 .debug_aranges
                0x000003d0      0x218 .\CortexM3\ARM_GCC_473\Debug\PSoC_2_Pi.a(CyLib.o)
 .debug_aranges
                0x000005e8       0x90 .\CortexM3\ARM_GCC_473\Debug\PSoC_2_Pi.a(cyPm.o)
 .debug_aranges
                0x00000678       0x98 .\CortexM3\ARM_GCC_473\Debug\PSoC_2_Pi.a(PWM_1.o)
 .debug_aranges
                0x00000710       0x38 .\CortexM3\ARM_GCC_473\Debug\PSoC_2_Pi.a(PWM_1_PM.o)
 .debug_aranges
                0x00000748       0xa8 .\CortexM3\ARM_GCC_473\Debug\PSoC_2_Pi.a(ADC_SAR_1.o)
 .debug_aranges
                0x000007f0       0x20 .\CortexM3\ARM_GCC_473\Debug\PSoC_2_Pi.a(ADC_SAR_1_INT.o)
 .debug_aranges
                0x00000810       0x38 .\CortexM3\ARM_GCC_473\Debug\PSoC_2_Pi.a(ADC_SAR_1_PM.o)
 .debug_aranges
                0x00000848       0x80 .\CortexM3\ARM_GCC_473\Debug\PSoC_2_Pi.a(ADC_SAR_1_theACLK.o)
 .debug_aranges
                0x000008c8       0x58 .\CortexM3\ARM_GCC_473\Debug\PSoC_2_Pi.a(VDAC8_1.o)
 .debug_aranges
                0x00000920       0x38 .\CortexM3\ARM_GCC_473\Debug\PSoC_2_Pi.a(VDAC8_1_PM.o)
 .debug_aranges
                0x00000958       0x58 .\CortexM3\ARM_GCC_473\Debug\PSoC_2_Pi.a(VDAC8_2.o)
 .debug_aranges
                0x000009b0       0x38 .\CortexM3\ARM_GCC_473\Debug\PSoC_2_Pi.a(VDAC8_2_PM.o)
 .debug_aranges
                0x000009e8       0x60 .\CortexM3\ARM_GCC_473\Debug\PSoC_2_Pi.a(IDAC8_1.o)
 .debug_aranges
                0x00000a48       0x38 .\CortexM3\ARM_GCC_473\Debug\PSoC_2_Pi.a(IDAC8_1_PM.o)
 .debug_aranges
                0x00000a80       0x80 .\CortexM3\ARM_GCC_473\Debug\PSoC_2_Pi.a(WaveDAC_clk.o)
 .debug_aranges
                0x00000b00       0x50 .\CortexM3\ARM_GCC_473\Debug\PSoC_2_Pi.a(WaveDAC8_1.o)
 .debug_aranges
                0x00000b50       0x28 .\CortexM3\ARM_GCC_473\Debug\PSoC_2_Pi.a(WaveDAC8_1_PM.o)
 .debug_aranges
                0x00000b78       0x28 .\CortexM3\ARM_GCC_473\Debug\PSoC_2_Pi.a(WaveDAC8_1_Wave1_DMA_dma.o)
 .debug_aranges
                0x00000ba0       0x28 .\CortexM3\ARM_GCC_473\Debug\PSoC_2_Pi.a(WaveDAC8_1_Wave2_DMA_dma.o)
 .debug_aranges
                0x00000bc8       0x58 .\CortexM3\ARM_GCC_473\Debug\PSoC_2_Pi.a(WaveDAC8_1_VDAC8.o)
 .debug_aranges
                0x00000c20       0x38 .\CortexM3\ARM_GCC_473\Debug\PSoC_2_Pi.a(WaveDAC8_1_VDAC8_PM.o)
 .debug_aranges
                0x00000c58       0xe8 .\CortexM3\ARM_GCC_473\Debug\PSoC_2_Pi.a(ADC_DelSig_1.o)
 .debug_aranges
                0x00000d40       0x38 .\CortexM3\ARM_GCC_473\Debug\PSoC_2_Pi.a(ADC_DelSig_1_PM.o)
 .debug_aranges
                0x00000d78       0x38 .\CortexM3\ARM_GCC_473\Debug\PSoC_2_Pi.a(ADC_DelSig_1_INT.o)
 .debug_aranges
                0x00000db0       0x98 .\CortexM3\ARM_GCC_473\Debug\PSoC_2_Pi.a(PWM_2.o)
 .debug_aranges
                0x00000e48       0x38 .\CortexM3\ARM_GCC_473\Debug\PSoC_2_Pi.a(PWM_2_PM.o)
 .debug_aranges
                0x00000e80       0x98 .\CortexM3\ARM_GCC_473\Debug\PSoC_2_Pi.a(PWM_3.o)
 .debug_aranges
                0x00000f18       0x38 .\CortexM3\ARM_GCC_473\Debug\PSoC_2_Pi.a(PWM_3_PM.o)
 .debug_aranges
                0x00000f50       0x98 .\CortexM3\ARM_GCC_473\Debug\PSoC_2_Pi.a(PWM_4.o)
 .debug_aranges
                0x00000fe8       0x38 .\CortexM3\ARM_GCC_473\Debug\PSoC_2_Pi.a(PWM_4_PM.o)
 .debug_aranges
                0x00001020       0x98 .\CortexM3\ARM_GCC_473\Debug\PSoC_2_Pi.a(PWM_5.o)
 .debug_aranges
                0x000010b8       0x38 .\CortexM3\ARM_GCC_473\Debug\PSoC_2_Pi.a(PWM_5_PM.o)
 .debug_aranges
                0x000010f0       0x98 .\CortexM3\ARM_GCC_473\Debug\PSoC_2_Pi.a(PWM_6.o)
 .debug_aranges
                0x00001188       0x38 .\CortexM3\ARM_GCC_473\Debug\PSoC_2_Pi.a(PWM_6_PM.o)
 .debug_aranges
                0x000011c0       0x98 .\CortexM3\ARM_GCC_473\Debug\PSoC_2_Pi.a(PWM_7.o)
 .debug_aranges
                0x00001258       0x38 .\CortexM3\ARM_GCC_473\Debug\PSoC_2_Pi.a(PWM_7_PM.o)
 .debug_aranges
                0x00001290       0x98 .\CortexM3\ARM_GCC_473\Debug\PSoC_2_Pi.a(PWM_8.o)
 .debug_aranges
                0x00001328       0x38 .\CortexM3\ARM_GCC_473\Debug\PSoC_2_Pi.a(PWM_8_PM.o)
 .debug_aranges
                0x00001360       0x30 .\CortexM3\ARM_GCC_473\Debug\PSoC_2_Pi.a(ADC_DelSig_1_AMux.o)
 .debug_aranges
                0x00001390       0x80 .\CortexM3\ARM_GCC_473\Debug\PSoC_2_Pi.a(ADC_DelSig_1_Ext_CP_Clk.o)
 .debug_aranges
                0x00001410       0x80 .\CortexM3\ARM_GCC_473\Debug\PSoC_2_Pi.a(ADC_DelSig_1_theACLK.o)
 .debug_aranges
                0x00001490       0x40 .\CortexM3\ARM_GCC_473\Debug\PSoC_2_Pi.a(WaveDAC8_1_BuffAmp.o)
 .debug_aranges
                0x000014d0       0x70 .\CortexM3\ARM_GCC_473\Debug\PSoC_2_Pi.a(PWM_1_2_clk.o)
 .debug_aranges
                0x00001540       0x70 .\CortexM3\ARM_GCC_473\Debug\PSoC_2_Pi.a(PWM_3_4_clk.o)
 .debug_aranges
                0x000015b0       0x70 .\CortexM3\ARM_GCC_473\Debug\PSoC_2_Pi.a(PWM_5_6_clk.o)
 .debug_aranges
                0x00001620       0x70 .\CortexM3\ARM_GCC_473\Debug\PSoC_2_Pi.a(PWM_7_8_clk.o)
 .debug_aranges
                0x00001690       0x38 .\CortexM3\ARM_GCC_473\Debug\PSoC_2_Pi.a(GPIO_12_1.o)
 .debug_aranges
                0x000016c8       0x38 .\CortexM3\ARM_GCC_473\Debug\PSoC_2_Pi.a(GPIO_12_2.o)
 .debug_aranges
                0x00001700       0x38 .\CortexM3\ARM_GCC_473\Debug\PSoC_2_Pi.a(GPIO_12_0.o)
 .debug_aranges
                0x00001738       0x38 .\CortexM3\ARM_GCC_473\Debug\PSoC_2_Pi.a(GPIO_12_3.o)
 .debug_aranges
                0x00001770       0x38 .\CortexM3\ARM_GCC_473\Debug\PSoC_2_Pi.a(GPIO_12_4.o)
 .debug_aranges
                0x000017a8       0x38 .\CortexM3\ARM_GCC_473\Debug\PSoC_2_Pi.a(GPIO_12_5.o)
 .debug_aranges
                0x000017e0       0x38 .\CortexM3\ARM_GCC_473\Debug\PSoC_2_Pi.a(GPIO_12_6.o)
 .debug_aranges
                0x00001818       0x38 .\CortexM3\ARM_GCC_473\Debug\PSoC_2_Pi.a(GPIO_12_7.o)
 .debug_aranges
                0x00001850       0x40 .\CortexM3\ARM_GCC_473\Debug\PSoC_2_Pi.a(Port_12_Status.o)
 .debug_aranges
                0x00001890       0x28 .\CortexM3\ARM_GCC_473\Debug\PSoC_2_Pi.a(Port_12_Control.o)
 .debug_aranges
                0x000018b8       0x38 .\CortexM3\ARM_GCC_473\Debug\PSoC_2_Pi.a(GPIO_2_0.o)
 .debug_aranges
                0x000018f0       0x38 .\CortexM3\ARM_GCC_473\Debug\PSoC_2_Pi.a(GPIO_2_1.o)
 .debug_aranges
                0x00001928       0x38 .\CortexM3\ARM_GCC_473\Debug\PSoC_2_Pi.a(GPIO_2_2.o)
 .debug_aranges
                0x00001960       0x38 .\CortexM3\ARM_GCC_473\Debug\PSoC_2_Pi.a(GPIO_2_7.o)
 .debug_aranges
                0x00001998       0x38 .\CortexM3\ARM_GCC_473\Debug\PSoC_2_Pi.a(GPIO_2_6.o)
 .debug_aranges
                0x000019d0       0x38 .\CortexM3\ARM_GCC_473\Debug\PSoC_2_Pi.a(GPIO_2_5.o)
 .debug_aranges
                0x00001a08       0x38 .\CortexM3\ARM_GCC_473\Debug\PSoC_2_Pi.a(GPIO_2_4.o)
 .debug_aranges
                0x00001a40       0x38 .\CortexM3\ARM_GCC_473\Debug\PSoC_2_Pi.a(GPIO_2_3.o)
 .debug_aranges
                0x00001a78       0x40 .\CortexM3\ARM_GCC_473\Debug\PSoC_2_Pi.a(Port_2_Status.o)
 .debug_aranges
                0x00001ab8       0x28 .\CortexM3\ARM_GCC_473\Debug\PSoC_2_Pi.a(Port_2_Control.o)
 .debug_aranges
                0x00001ae0       0x38 .\CortexM3\ARM_GCC_473\Debug\PSoC_2_Pi.a(GPIO_4_0.o)
 .debug_aranges
                0x00001b18       0x38 .\CortexM3\ARM_GCC_473\Debug\PSoC_2_Pi.a(GPIO_4_6.o)
 .debug_aranges
                0x00001b50       0x38 .\CortexM3\ARM_GCC_473\Debug\PSoC_2_Pi.a(GPIO_4_5.o)
 .debug_aranges
                0x00001b88       0x38 .\CortexM3\ARM_GCC_473\Debug\PSoC_2_Pi.a(GPIO_4_4.o)
 .debug_aranges
                0x00001bc0       0x38 .\CortexM3\ARM_GCC_473\Debug\PSoC_2_Pi.a(GPIO_4_3.o)
 .debug_aranges
                0x00001bf8       0x38 .\CortexM3\ARM_GCC_473\Debug\PSoC_2_Pi.a(GPIO_4_2.o)
 .debug_aranges
                0x00001c30       0x38 .\CortexM3\ARM_GCC_473\Debug\PSoC_2_Pi.a(GPIO_4_1.o)
 .debug_aranges
                0x00001c68       0x40 .\CortexM3\ARM_GCC_473\Debug\PSoC_2_Pi.a(Port_4_Status.o)
 .debug_aranges
                0x00001ca8       0x28 .\CortexM3\ARM_GCC_473\Debug\PSoC_2_Pi.a(Port_4_Control.o)
 .debug_aranges
                0x00001cd0       0x38 .\CortexM3\ARM_GCC_473\Debug\PSoC_2_Pi.a(GPIO_5_0.o)
 .debug_aranges
                0x00001d08       0x38 .\CortexM3\ARM_GCC_473\Debug\PSoC_2_Pi.a(GPIO_5_7.o)
 .debug_aranges
                0x00001d40       0x38 .\CortexM3\ARM_GCC_473\Debug\PSoC_2_Pi.a(GPIO_5_6.o)
 .debug_aranges
                0x00001d78       0x40 .\CortexM3\ARM_GCC_473\Debug\PSoC_2_Pi.a(Port_5_Status.o)
 .debug_aranges
                0x00001db8       0x28 .\CortexM3\ARM_GCC_473\Debug\PSoC_2_Pi.a(Port_5_Control.o)
 .debug_aranges
                0x00001de0       0x38 .\CortexM3\ARM_GCC_473\Debug\PSoC_2_Pi.a(GPIO_5_5.o)
 .debug_aranges
                0x00001e18       0x38 .\CortexM3\ARM_GCC_473\Debug\PSoC_2_Pi.a(GPIO_5_4.o)
 .debug_aranges
                0x00001e50       0x38 .\CortexM3\ARM_GCC_473\Debug\PSoC_2_Pi.a(GPIO_5_3.o)
 .debug_aranges
                0x00001e88       0x38 .\CortexM3\ARM_GCC_473\Debug\PSoC_2_Pi.a(GPIO_5_2.o)
 .debug_aranges
                0x00001ec0       0x38 .\CortexM3\ARM_GCC_473\Debug\PSoC_2_Pi.a(GPIO_5_1.o)
 .debug_aranges
                0x00001ef8       0xc0 .\CortexM3\ARM_GCC_473\Debug\PSoC_2_Pi.a(ADC_SAR_Seq_1.o)
 .debug_aranges
                0x00001fb8       0x20 .\CortexM3\ARM_GCC_473\Debug\PSoC_2_Pi.a(ADC_SAR_Seq_1_INT.o)
 .debug_aranges
                0x00001fd8       0xa8 .\CortexM3\ARM_GCC_473\Debug\PSoC_2_Pi.a(ADC_SAR_Seq_1_SAR.o)
 .debug_aranges
                0x00002080       0x28 .\CortexM3\ARM_GCC_473\Debug\PSoC_2_Pi.a(ADC_SAR_Seq_1_TempBuf_dma.o)
 .debug_aranges
                0x000020a8       0x28 .\CortexM3\ARM_GCC_473\Debug\PSoC_2_Pi.a(ADC_SAR_Seq_1_FinalBuf_dma.o)
 .debug_aranges
                0x000020d0       0x80 .\CortexM3\ARM_GCC_473\Debug\PSoC_2_Pi.a(ADC_SAR_Seq_1_IRQ.o)
 .debug_aranges
                0x00002150       0x70 .\CortexM3\ARM_GCC_473\Debug\PSoC_2_Pi.a(WaveDAC8_1_DacClk.o)
 .debug_aranges
                0x000021c0       0xb0 .\CortexM3\ARM_GCC_473\Debug\PSoC_2_Pi.a(USBUART.o)
 .debug_aranges
                0x00002270       0xb0 .\CortexM3\ARM_GCC_473\Debug\PSoC_2_Pi.a(USBUART_cdc.o)
 .debug_aranges
                0x00002320       0x98 .\CortexM3\ARM_GCC_473\Debug\PSoC_2_Pi.a(USBUART_drv.o)
 .debug_aranges
                0x000023b8       0x40 .\CortexM3\ARM_GCC_473\Debug\PSoC_2_Pi.a(USBUART_episr.o)
 .debug_aranges
                0x000023f8       0x78 .\CortexM3\ARM_GCC_473\Debug\PSoC_2_Pi.a(USBUART_std.o)
 .debug_aranges
                0x00002470       0x20 .\CortexM3\ARM_GCC_473\Debug\PSoC_2_Pi.a(USBUART_vnd.o)
 .debug_aranges
                0x00002490       0xa0 .\CortexM3\ARM_GCC_473\Debug\PSoC_2_Pi.a(DEBUG_UART.o)
 .debug_aranges
                0x00002530       0x70 .\CortexM3\ARM_GCC_473\Debug\PSoC_2_Pi.a(DEBUG_UART_IntClock.o)
 .debug_aranges
                0x000025a0       0x78 .\CortexM3\ARM_GCC_473\Debug\PSoC_2_Pi.a(CyFlash.o)
 .debug_aranges
                0x00002618       0x68 .\CortexM3\ARM_GCC_473\Debug\PSoC_2_Pi.a(CySpc.o)
 .debug_aranges
                0x00002680       0x20 .\CortexM3\ARM_GCC_473\Debug\PSoC_2_Pi.a(USBUART_cls.o)
 .debug_aranges
                0x000026a0       0x18 .\CortexM3\ARM_GCC_473\Debug\PSoC_2_Pi.a(USBUART_descr.o)

.debug_pubnames
 *(.debug_pubnames)

.debug_info     0x00000000    0x104ac
 *(.debug_info .gnu.linkonce.wi.*)
 .debug_info    0x00000000      0x1ee .\CortexM3\ARM_GCC_473\Debug\main.o
 .debug_info    0x000001ee      0x843 .\CortexM3\ARM_GCC_473\Debug\mem1.o
 .debug_info    0x00000a31      0x1ee .\CortexM3\ARM_GCC_473\Debug\LINX.o
 .debug_info    0x00000c1f       0xda .\CortexM3\ARM_GCC_473\Debug\cymetadata.o
 .debug_info    0x00000cf9      0x2ea .\CortexM3\ARM_GCC_473\Debug\Cm3Start.o
 .debug_info    0x00000fe3      0x16a .\CortexM3\ARM_GCC_473\Debug\cybootloader.o
 .debug_info    0x0000114d      0x559 .\CortexM3\ARM_GCC_473\Debug\PSoC_2_Pi.a(cyfitter_cfg.o)
 .debug_info    0x000016a6      0x496 .\CortexM3\ARM_GCC_473\Debug\PSoC_2_Pi.a(SPIS_1.o)
 .debug_info    0x00001b3c       0x94 .\CortexM3\ARM_GCC_473\Debug\PSoC_2_Pi.a(CyBootAsmGnu.o)
 .debug_info    0x00001bd0      0x93a .\CortexM3\ARM_GCC_473\Debug\PSoC_2_Pi.a(CyDmac.o)
 .debug_info    0x0000250a      0xcd7 .\CortexM3\ARM_GCC_473\Debug\PSoC_2_Pi.a(CyLib.o)
 .debug_info    0x000031e1      0x5c3 .\CortexM3\ARM_GCC_473\Debug\PSoC_2_Pi.a(cyPm.o)
 .debug_info    0x000037a4      0x305 .\CortexM3\ARM_GCC_473\Debug\PSoC_2_Pi.a(PWM_1.o)
 .debug_info    0x00003aa9      0x175 .\CortexM3\ARM_GCC_473\Debug\PSoC_2_Pi.a(PWM_1_PM.o)
 .debug_info    0x00003c1e      0x4cf .\CortexM3\ARM_GCC_473\Debug\PSoC_2_Pi.a(ADC_SAR_1.o)
 .debug_info    0x000040ed       0x9b .\CortexM3\ARM_GCC_473\Debug\PSoC_2_Pi.a(ADC_SAR_1_INT.o)
 .debug_info    0x00004188      0x12b .\CortexM3\ARM_GCC_473\Debug\PSoC_2_Pi.a(ADC_SAR_1_PM.o)
 .debug_info    0x000042b3      0x2da .\CortexM3\ARM_GCC_473\Debug\PSoC_2_Pi.a(ADC_SAR_1_theACLK.o)
 .debug_info    0x0000458d      0x1b0 .\CortexM3\ARM_GCC_473\Debug\PSoC_2_Pi.a(VDAC8_1.o)
 .debug_info    0x0000473d      0x139 .\CortexM3\ARM_GCC_473\Debug\PSoC_2_Pi.a(VDAC8_1_PM.o)
 .debug_info    0x00004876      0x1b0 .\CortexM3\ARM_GCC_473\Debug\PSoC_2_Pi.a(VDAC8_2.o)
 .debug_info    0x00004a26      0x139 .\CortexM3\ARM_GCC_473\Debug\PSoC_2_Pi.a(VDAC8_2_PM.o)
 .debug_info    0x00004b5f      0x1dd .\CortexM3\ARM_GCC_473\Debug\PSoC_2_Pi.a(IDAC8_1.o)
 .debug_info    0x00004d3c      0x139 .\CortexM3\ARM_GCC_473\Debug\PSoC_2_Pi.a(IDAC8_1_PM.o)
 .debug_info    0x00004e75      0x2da .\CortexM3\ARM_GCC_473\Debug\PSoC_2_Pi.a(WaveDAC_clk.o)
 .debug_info    0x0000514f      0x268 .\CortexM3\ARM_GCC_473\Debug\PSoC_2_Pi.a(WaveDAC8_1.o)
 .debug_info    0x000053b7      0x106 .\CortexM3\ARM_GCC_473\Debug\PSoC_2_Pi.a(WaveDAC8_1_PM.o)
 .debug_info    0x000054bd      0x121 .\CortexM3\ARM_GCC_473\Debug\PSoC_2_Pi.a(WaveDAC8_1_Wave1_DMA_dma.o)
 .debug_info    0x000055de      0x121 .\CortexM3\ARM_GCC_473\Debug\PSoC_2_Pi.a(WaveDAC8_1_Wave2_DMA_dma.o)
 .debug_info    0x000056ff      0x1b0 .\CortexM3\ARM_GCC_473\Debug\PSoC_2_Pi.a(WaveDAC8_1_VDAC8.o)
 .debug_info    0x000058af      0x139 .\CortexM3\ARM_GCC_473\Debug\PSoC_2_Pi.a(WaveDAC8_1_VDAC8_PM.o)
 .debug_info    0x000059e8      0x7a9 .\CortexM3\ARM_GCC_473\Debug\PSoC_2_Pi.a(ADC_DelSig_1.o)
 .debug_info    0x00006191      0x140 .\CortexM3\ARM_GCC_473\Debug\PSoC_2_Pi.a(ADC_DelSig_1_PM.o)
 .debug_info    0x000062d1       0xe4 .\CortexM3\ARM_GCC_473\Debug\PSoC_2_Pi.a(ADC_DelSig_1_INT.o)
 .debug_info    0x000063b5      0x305 .\CortexM3\ARM_GCC_473\Debug\PSoC_2_Pi.a(PWM_2.o)
 .debug_info    0x000066ba      0x175 .\CortexM3\ARM_GCC_473\Debug\PSoC_2_Pi.a(PWM_2_PM.o)
 .debug_info    0x0000682f      0x305 .\CortexM3\ARM_GCC_473\Debug\PSoC_2_Pi.a(PWM_3.o)
 .debug_info    0x00006b34      0x175 .\CortexM3\ARM_GCC_473\Debug\PSoC_2_Pi.a(PWM_3_PM.o)
 .debug_info    0x00006ca9      0x305 .\CortexM3\ARM_GCC_473\Debug\PSoC_2_Pi.a(PWM_4.o)
 .debug_info    0x00006fae      0x175 .\CortexM3\ARM_GCC_473\Debug\PSoC_2_Pi.a(PWM_4_PM.o)
 .debug_info    0x00007123      0x305 .\CortexM3\ARM_GCC_473\Debug\PSoC_2_Pi.a(PWM_5.o)
 .debug_info    0x00007428      0x175 .\CortexM3\ARM_GCC_473\Debug\PSoC_2_Pi.a(PWM_5_PM.o)
 .debug_info    0x0000759d      0x305 .\CortexM3\ARM_GCC_473\Debug\PSoC_2_Pi.a(PWM_6.o)
 .debug_info    0x000078a2      0x175 .\CortexM3\ARM_GCC_473\Debug\PSoC_2_Pi.a(PWM_6_PM.o)
 .debug_info    0x00007a17      0x305 .\CortexM3\ARM_GCC_473\Debug\PSoC_2_Pi.a(PWM_7.o)
 .debug_info    0x00007d1c      0x175 .\CortexM3\ARM_GCC_473\Debug\PSoC_2_Pi.a(PWM_7_PM.o)
 .debug_info    0x00007e91      0x305 .\CortexM3\ARM_GCC_473\Debug\PSoC_2_Pi.a(PWM_8.o)
 .debug_info    0x00008196      0x175 .\CortexM3\ARM_GCC_473\Debug\PSoC_2_Pi.a(PWM_8_PM.o)
 .debug_info    0x0000830b      0x11c .\CortexM3\ARM_GCC_473\Debug\PSoC_2_Pi.a(ADC_DelSig_1_AMux.o)
 .debug_info    0x00008427      0x2da .\CortexM3\ARM_GCC_473\Debug\PSoC_2_Pi.a(ADC_DelSig_1_Ext_CP_Clk.o)
 .debug_info    0x00008701      0x2da .\CortexM3\ARM_GCC_473\Debug\PSoC_2_Pi.a(ADC_DelSig_1_theACLK.o)
 .debug_info    0x000089db      0x13a .\CortexM3\ARM_GCC_473\Debug\PSoC_2_Pi.a(WaveDAC8_1_BuffAmp.o)
 .debug_info    0x00008b15      0x294 .\CortexM3\ARM_GCC_473\Debug\PSoC_2_Pi.a(PWM_1_2_clk.o)
 .debug_info    0x00008da9      0x294 .\CortexM3\ARM_GCC_473\Debug\PSoC_2_Pi.a(PWM_3_4_clk.o)
 .debug_info    0x0000903d      0x294 .\CortexM3\ARM_GCC_473\Debug\PSoC_2_Pi.a(PWM_5_6_clk.o)
 .debug_info    0x000092d1      0x294 .\CortexM3\ARM_GCC_473\Debug\PSoC_2_Pi.a(PWM_7_8_clk.o)
 .debug_info    0x00009565      0x134 .\CortexM3\ARM_GCC_473\Debug\PSoC_2_Pi.a(GPIO_12_1.o)
 .debug_info    0x00009699      0x134 .\CortexM3\ARM_GCC_473\Debug\PSoC_2_Pi.a(GPIO_12_2.o)
 .debug_info    0x000097cd      0x134 .\CortexM3\ARM_GCC_473\Debug\PSoC_2_Pi.a(GPIO_12_0.o)
 .debug_info    0x00009901      0x134 .\CortexM3\ARM_GCC_473\Debug\PSoC_2_Pi.a(GPIO_12_3.o)
 .debug_info    0x00009a35      0x134 .\CortexM3\ARM_GCC_473\Debug\PSoC_2_Pi.a(GPIO_12_4.o)
 .debug_info    0x00009b69      0x134 .\CortexM3\ARM_GCC_473\Debug\PSoC_2_Pi.a(GPIO_12_5.o)
 .debug_info    0x00009c9d      0x134 .\CortexM3\ARM_GCC_473\Debug\PSoC_2_Pi.a(GPIO_12_6.o)
 .debug_info    0x00009dd1      0x134 .\CortexM3\ARM_GCC_473\Debug\PSoC_2_Pi.a(GPIO_12_7.o)
 .debug_info    0x00009f05      0x156 .\CortexM3\ARM_GCC_473\Debug\PSoC_2_Pi.a(Port_12_Status.o)
 .debug_info    0x0000a05b       0xe3 .\CortexM3\ARM_GCC_473\Debug\PSoC_2_Pi.a(Port_12_Control.o)
 .debug_info    0x0000a13e      0x134 .\CortexM3\ARM_GCC_473\Debug\PSoC_2_Pi.a(GPIO_2_0.o)
 .debug_info    0x0000a272      0x134 .\CortexM3\ARM_GCC_473\Debug\PSoC_2_Pi.a(GPIO_2_1.o)
 .debug_info    0x0000a3a6      0x134 .\CortexM3\ARM_GCC_473\Debug\PSoC_2_Pi.a(GPIO_2_2.o)
 .debug_info    0x0000a4da      0x134 .\CortexM3\ARM_GCC_473\Debug\PSoC_2_Pi.a(GPIO_2_7.o)
 .debug_info    0x0000a60e      0x134 .\CortexM3\ARM_GCC_473\Debug\PSoC_2_Pi.a(GPIO_2_6.o)
 .debug_info    0x0000a742      0x134 .\CortexM3\ARM_GCC_473\Debug\PSoC_2_Pi.a(GPIO_2_5.o)
 .debug_info    0x0000a876      0x134 .\CortexM3\ARM_GCC_473\Debug\PSoC_2_Pi.a(GPIO_2_4.o)
 .debug_info    0x0000a9aa      0x134 .\CortexM3\ARM_GCC_473\Debug\PSoC_2_Pi.a(GPIO_2_3.o)
 .debug_info    0x0000aade      0x156 .\CortexM3\ARM_GCC_473\Debug\PSoC_2_Pi.a(Port_2_Status.o)
 .debug_info    0x0000ac34       0xe3 .\CortexM3\ARM_GCC_473\Debug\PSoC_2_Pi.a(Port_2_Control.o)
 .debug_info    0x0000ad17      0x134 .\CortexM3\ARM_GCC_473\Debug\PSoC_2_Pi.a(GPIO_4_0.o)
 .debug_info    0x0000ae4b      0x134 .\CortexM3\ARM_GCC_473\Debug\PSoC_2_Pi.a(GPIO_4_6.o)
 .debug_info    0x0000af7f      0x134 .\CortexM3\ARM_GCC_473\Debug\PSoC_2_Pi.a(GPIO_4_5.o)
 .debug_info    0x0000b0b3      0x134 .\CortexM3\ARM_GCC_473\Debug\PSoC_2_Pi.a(GPIO_4_4.o)
 .debug_info    0x0000b1e7      0x134 .\CortexM3\ARM_GCC_473\Debug\PSoC_2_Pi.a(GPIO_4_3.o)
 .debug_info    0x0000b31b      0x134 .\CortexM3\ARM_GCC_473\Debug\PSoC_2_Pi.a(GPIO_4_2.o)
 .debug_info    0x0000b44f      0x134 .\CortexM3\ARM_GCC_473\Debug\PSoC_2_Pi.a(GPIO_4_1.o)
 .debug_info    0x0000b583      0x156 .\CortexM3\ARM_GCC_473\Debug\PSoC_2_Pi.a(Port_4_Status.o)
 .debug_info    0x0000b6d9       0xe3 .\CortexM3\ARM_GCC_473\Debug\PSoC_2_Pi.a(Port_4_Control.o)
 .debug_info    0x0000b7bc      0x134 .\CortexM3\ARM_GCC_473\Debug\PSoC_2_Pi.a(GPIO_5_0.o)
 .debug_info    0x0000b8f0      0x134 .\CortexM3\ARM_GCC_473\Debug\PSoC_2_Pi.a(GPIO_5_7.o)
 .debug_info    0x0000ba24      0x134 .\CortexM3\ARM_GCC_473\Debug\PSoC_2_Pi.a(GPIO_5_6.o)
 .debug_info    0x0000bb58      0x156 .\CortexM3\ARM_GCC_473\Debug\PSoC_2_Pi.a(Port_5_Status.o)
 .debug_info    0x0000bcae       0xe3 .\CortexM3\ARM_GCC_473\Debug\PSoC_2_Pi.a(Port_5_Control.o)
 .debug_info    0x0000bd91      0x134 .\CortexM3\ARM_GCC_473\Debug\PSoC_2_Pi.a(GPIO_5_5.o)
 .debug_info    0x0000bec5      0x134 .\CortexM3\ARM_GCC_473\Debug\PSoC_2_Pi.a(GPIO_5_4.o)
 .debug_info    0x0000bff9      0x134 .\CortexM3\ARM_GCC_473\Debug\PSoC_2_Pi.a(GPIO_5_3.o)
 .debug_info    0x0000c12d      0x134 .\CortexM3\ARM_GCC_473\Debug\PSoC_2_Pi.a(GPIO_5_2.o)
 .debug_info    0x0000c261      0x134 .\CortexM3\ARM_GCC_473\Debug\PSoC_2_Pi.a(GPIO_5_1.o)
 .debug_info    0x0000c395      0x4d9 .\CortexM3\ARM_GCC_473\Debug\PSoC_2_Pi.a(ADC_SAR_Seq_1.o)
 .debug_info    0x0000c86e       0xa2 .\CortexM3\ARM_GCC_473\Debug\PSoC_2_Pi.a(ADC_SAR_Seq_1_INT.o)
 .debug_info    0x0000c910      0x4b4 .\CortexM3\ARM_GCC_473\Debug\PSoC_2_Pi.a(ADC_SAR_Seq_1_SAR.o)
 .debug_info    0x0000cdc4      0x121 .\CortexM3\ARM_GCC_473\Debug\PSoC_2_Pi.a(ADC_SAR_Seq_1_TempBuf_dma.o)
 .debug_info    0x0000cee5      0x121 .\CortexM3\ARM_GCC_473\Debug\PSoC_2_Pi.a(ADC_SAR_Seq_1_FinalBuf_dma.o)
 .debug_info    0x0000d006      0x278 .\CortexM3\ARM_GCC_473\Debug\PSoC_2_Pi.a(ADC_SAR_Seq_1_IRQ.o)
 .debug_info    0x0000d27e      0x294 .\CortexM3\ARM_GCC_473\Debug\PSoC_2_Pi.a(WaveDAC8_1_DacClk.o)
 .debug_info    0x0000d512      0x659 .\CortexM3\ARM_GCC_473\Debug\PSoC_2_Pi.a(USBUART.o)
 .debug_info    0x0000db6b      0x5f7 .\CortexM3\ARM_GCC_473\Debug\PSoC_2_Pi.a(USBUART_cdc.o)
 .debug_info    0x0000e162      0x56e .\CortexM3\ARM_GCC_473\Debug\PSoC_2_Pi.a(USBUART_drv.o)
 .debug_info    0x0000e6d0      0x1d6 .\CortexM3\ARM_GCC_473\Debug\PSoC_2_Pi.a(USBUART_episr.o)
 .debug_info    0x0000e8a6      0x84c .\CortexM3\ARM_GCC_473\Debug\PSoC_2_Pi.a(USBUART_std.o)
 .debug_info    0x0000f0f2      0x18d .\CortexM3\ARM_GCC_473\Debug\PSoC_2_Pi.a(USBUART_vnd.o)
 .debug_info    0x0000f27f      0x3ce .\CortexM3\ARM_GCC_473\Debug\PSoC_2_Pi.a(DEBUG_UART.o)
 .debug_info    0x0000f64d      0x294 .\CortexM3\ARM_GCC_473\Debug\PSoC_2_Pi.a(DEBUG_UART_IntClock.o)
 .debug_info    0x0000f8e1      0x354 .\CortexM3\ARM_GCC_473\Debug\PSoC_2_Pi.a(CyFlash.o)
 .debug_info    0x0000fc35      0x3d9 .\CortexM3\ARM_GCC_473\Debug\PSoC_2_Pi.a(CySpc.o)
 .debug_info    0x0001000e      0x1b9 .\CortexM3\ARM_GCC_473\Debug\PSoC_2_Pi.a(USBUART_cls.o)
 .debug_info    0x000101c7      0x2e5 .\CortexM3\ARM_GCC_473\Debug\PSoC_2_Pi.a(USBUART_descr.o)

.debug_abbrev   0x00000000     0x5e50
 *(.debug_abbrev)
 .debug_abbrev  0x00000000       0xe0 .\CortexM3\ARM_GCC_473\Debug\main.o
 .debug_abbrev  0x000000e0      0x105 .\CortexM3\ARM_GCC_473\Debug\mem1.o
 .debug_abbrev  0x000001e5      0x101 .\CortexM3\ARM_GCC_473\Debug\LINX.o
 .debug_abbrev  0x000002e6       0x66 .\CortexM3\ARM_GCC_473\Debug\cymetadata.o
 .debug_abbrev  0x0000034c      0x175 .\CortexM3\ARM_GCC_473\Debug\Cm3Start.o
 .debug_abbrev  0x000004c1       0x77 .\CortexM3\ARM_GCC_473\Debug\cybootloader.o
 .debug_abbrev  0x00000538      0x1dd .\CortexM3\ARM_GCC_473\Debug\PSoC_2_Pi.a(cyfitter_cfg.o)
 .debug_abbrev  0x00000715      0x140 .\CortexM3\ARM_GCC_473\Debug\PSoC_2_Pi.a(SPIS_1.o)
 .debug_abbrev  0x00000855       0x14 .\CortexM3\ARM_GCC_473\Debug\PSoC_2_Pi.a(CyBootAsmGnu.o)
 .debug_abbrev  0x00000869      0x189 .\CortexM3\ARM_GCC_473\Debug\PSoC_2_Pi.a(CyDmac.o)
 .debug_abbrev  0x000009f2      0x207 .\CortexM3\ARM_GCC_473\Debug\PSoC_2_Pi.a(CyLib.o)
 .debug_abbrev  0x00000bf9      0x170 .\CortexM3\ARM_GCC_473\Debug\PSoC_2_Pi.a(cyPm.o)
 .debug_abbrev  0x00000d69      0x130 .\CortexM3\ARM_GCC_473\Debug\PSoC_2_Pi.a(PWM_1.o)
 .debug_abbrev  0x00000e99       0x83 .\CortexM3\ARM_GCC_473\Debug\PSoC_2_Pi.a(PWM_1_PM.o)
 .debug_abbrev  0x00000f1c      0x175 .\CortexM3\ARM_GCC_473\Debug\PSoC_2_Pi.a(ADC_SAR_1.o)
 .debug_abbrev  0x00001091       0x44 .\CortexM3\ARM_GCC_473\Debug\PSoC_2_Pi.a(ADC_SAR_1_INT.o)
 .debug_abbrev  0x000010d5       0x9b .\CortexM3\ARM_GCC_473\Debug\PSoC_2_Pi.a(ADC_SAR_1_PM.o)
 .debug_abbrev  0x00001170      0x11f .\CortexM3\ARM_GCC_473\Debug\PSoC_2_Pi.a(ADC_SAR_1_theACLK.o)
 .debug_abbrev  0x0000128f       0xed .\CortexM3\ARM_GCC_473\Debug\PSoC_2_Pi.a(VDAC8_1.o)
 .debug_abbrev  0x0000137c       0x9b .\CortexM3\ARM_GCC_473\Debug\PSoC_2_Pi.a(VDAC8_1_PM.o)
 .debug_abbrev  0x00001417       0xed .\CortexM3\ARM_GCC_473\Debug\PSoC_2_Pi.a(VDAC8_2.o)
 .debug_abbrev  0x00001504       0x9b .\CortexM3\ARM_GCC_473\Debug\PSoC_2_Pi.a(VDAC8_2_PM.o)
 .debug_abbrev  0x0000159f      0x116 .\CortexM3\ARM_GCC_473\Debug\PSoC_2_Pi.a(IDAC8_1.o)
 .debug_abbrev  0x000016b5       0x9b .\CortexM3\ARM_GCC_473\Debug\PSoC_2_Pi.a(IDAC8_1_PM.o)
 .debug_abbrev  0x00001750      0x11f .\CortexM3\ARM_GCC_473\Debug\PSoC_2_Pi.a(WaveDAC_clk.o)
 .debug_abbrev  0x0000186f       0xe5 .\CortexM3\ARM_GCC_473\Debug\PSoC_2_Pi.a(WaveDAC8_1.o)
 .debug_abbrev  0x00001954       0x83 .\CortexM3\ARM_GCC_473\Debug\PSoC_2_Pi.a(WaveDAC8_1_PM.o)
 .debug_abbrev  0x000019d7       0x8d .\CortexM3\ARM_GCC_473\Debug\PSoC_2_Pi.a(WaveDAC8_1_Wave1_DMA_dma.o)
 .debug_abbrev  0x00001a64       0x8d .\CortexM3\ARM_GCC_473\Debug\PSoC_2_Pi.a(WaveDAC8_1_Wave2_DMA_dma.o)
 .debug_abbrev  0x00001af1       0xed .\CortexM3\ARM_GCC_473\Debug\PSoC_2_Pi.a(WaveDAC8_1_VDAC8.o)
 .debug_abbrev  0x00001bde       0x9b .\CortexM3\ARM_GCC_473\Debug\PSoC_2_Pi.a(WaveDAC8_1_VDAC8_PM.o)
 .debug_abbrev  0x00001c79      0x192 .\CortexM3\ARM_GCC_473\Debug\PSoC_2_Pi.a(ADC_DelSig_1.o)
 .debug_abbrev  0x00001e0b       0x9b .\CortexM3\ARM_GCC_473\Debug\PSoC_2_Pi.a(ADC_DelSig_1_PM.o)
 .debug_abbrev  0x00001ea6       0x44 .\CortexM3\ARM_GCC_473\Debug\PSoC_2_Pi.a(ADC_DelSig_1_INT.o)
 .debug_abbrev  0x00001eea      0x130 .\CortexM3\ARM_GCC_473\Debug\PSoC_2_Pi.a(PWM_2.o)
 .debug_abbrev  0x0000201a       0x83 .\CortexM3\ARM_GCC_473\Debug\PSoC_2_Pi.a(PWM_2_PM.o)
 .debug_abbrev  0x0000209d      0x130 .\CortexM3\ARM_GCC_473\Debug\PSoC_2_Pi.a(PWM_3.o)
 .debug_abbrev  0x000021cd       0x83 .\CortexM3\ARM_GCC_473\Debug\PSoC_2_Pi.a(PWM_3_PM.o)
 .debug_abbrev  0x00002250      0x130 .\CortexM3\ARM_GCC_473\Debug\PSoC_2_Pi.a(PWM_4.o)
 .debug_abbrev  0x00002380       0x83 .\CortexM3\ARM_GCC_473\Debug\PSoC_2_Pi.a(PWM_4_PM.o)
 .debug_abbrev  0x00002403      0x130 .\CortexM3\ARM_GCC_473\Debug\PSoC_2_Pi.a(PWM_5.o)
 .debug_abbrev  0x00002533       0x83 .\CortexM3\ARM_GCC_473\Debug\PSoC_2_Pi.a(PWM_5_PM.o)
 .debug_abbrev  0x000025b6      0x130 .\CortexM3\ARM_GCC_473\Debug\PSoC_2_Pi.a(PWM_6.o)
 .debug_abbrev  0x000026e6       0x83 .\CortexM3\ARM_GCC_473\Debug\PSoC_2_Pi.a(PWM_6_PM.o)
 .debug_abbrev  0x00002769      0x130 .\CortexM3\ARM_GCC_473\Debug\PSoC_2_Pi.a(PWM_7.o)
 .debug_abbrev  0x00002899       0x83 .\CortexM3\ARM_GCC_473\Debug\PSoC_2_Pi.a(PWM_7_PM.o)
 .debug_abbrev  0x0000291c      0x130 .\CortexM3\ARM_GCC_473\Debug\PSoC_2_Pi.a(PWM_8.o)
 .debug_abbrev  0x00002a4c       0x83 .\CortexM3\ARM_GCC_473\Debug\PSoC_2_Pi.a(PWM_8_PM.o)
 .debug_abbrev  0x00002acf       0x71 .\CortexM3\ARM_GCC_473\Debug\PSoC_2_Pi.a(ADC_DelSig_1_AMux.o)
 .debug_abbrev  0x00002b40      0x11f .\CortexM3\ARM_GCC_473\Debug\PSoC_2_Pi.a(ADC_DelSig_1_Ext_CP_Clk.o)
 .debug_abbrev  0x00002c5f      0x11f .\CortexM3\ARM_GCC_473\Debug\PSoC_2_Pi.a(ADC_DelSig_1_theACLK.o)
 .debug_abbrev  0x00002d7e       0xaa .\CortexM3\ARM_GCC_473\Debug\PSoC_2_Pi.a(WaveDAC8_1_BuffAmp.o)
 .debug_abbrev  0x00002e28      0x11f .\CortexM3\ARM_GCC_473\Debug\PSoC_2_Pi.a(PWM_1_2_clk.o)
 .debug_abbrev  0x00002f47      0x11f .\CortexM3\ARM_GCC_473\Debug\PSoC_2_Pi.a(PWM_3_4_clk.o)
 .debug_abbrev  0x00003066      0x11f .\CortexM3\ARM_GCC_473\Debug\PSoC_2_Pi.a(PWM_5_6_clk.o)
 .debug_abbrev  0x00003185      0x11f .\CortexM3\ARM_GCC_473\Debug\PSoC_2_Pi.a(PWM_7_8_clk.o)
 .debug_abbrev  0x000032a4       0x92 .\CortexM3\ARM_GCC_473\Debug\PSoC_2_Pi.a(GPIO_12_1.o)
 .debug_abbrev  0x00003336       0x92 .\CortexM3\ARM_GCC_473\Debug\PSoC_2_Pi.a(GPIO_12_2.o)
 .debug_abbrev  0x000033c8       0x92 .\CortexM3\ARM_GCC_473\Debug\PSoC_2_Pi.a(GPIO_12_0.o)
 .debug_abbrev  0x0000345a       0x92 .\CortexM3\ARM_GCC_473\Debug\PSoC_2_Pi.a(GPIO_12_3.o)
 .debug_abbrev  0x000034ec       0x92 .\CortexM3\ARM_GCC_473\Debug\PSoC_2_Pi.a(GPIO_12_4.o)
 .debug_abbrev  0x0000357e       0x92 .\CortexM3\ARM_GCC_473\Debug\PSoC_2_Pi.a(GPIO_12_5.o)
 .debug_abbrev  0x00003610       0x92 .\CortexM3\ARM_GCC_473\Debug\PSoC_2_Pi.a(GPIO_12_6.o)
 .debug_abbrev  0x000036a2       0x92 .\CortexM3\ARM_GCC_473\Debug\PSoC_2_Pi.a(GPIO_12_7.o)
 .debug_abbrev  0x00003734       0xac .\CortexM3\ARM_GCC_473\Debug\PSoC_2_Pi.a(Port_12_Status.o)
 .debug_abbrev  0x000037e0       0x83 .\CortexM3\ARM_GCC_473\Debug\PSoC_2_Pi.a(Port_12_Control.o)
 .debug_abbrev  0x00003863       0x92 .\CortexM3\ARM_GCC_473\Debug\PSoC_2_Pi.a(GPIO_2_0.o)
 .debug_abbrev  0x000038f5       0x92 .\CortexM3\ARM_GCC_473\Debug\PSoC_2_Pi.a(GPIO_2_1.o)
 .debug_abbrev  0x00003987       0x92 .\CortexM3\ARM_GCC_473\Debug\PSoC_2_Pi.a(GPIO_2_2.o)
 .debug_abbrev  0x00003a19       0x92 .\CortexM3\ARM_GCC_473\Debug\PSoC_2_Pi.a(GPIO_2_7.o)
 .debug_abbrev  0x00003aab       0x92 .\CortexM3\ARM_GCC_473\Debug\PSoC_2_Pi.a(GPIO_2_6.o)
 .debug_abbrev  0x00003b3d       0x92 .\CortexM3\ARM_GCC_473\Debug\PSoC_2_Pi.a(GPIO_2_5.o)
 .debug_abbrev  0x00003bcf       0x92 .\CortexM3\ARM_GCC_473\Debug\PSoC_2_Pi.a(GPIO_2_4.o)
 .debug_abbrev  0x00003c61       0x92 .\CortexM3\ARM_GCC_473\Debug\PSoC_2_Pi.a(GPIO_2_3.o)
 .debug_abbrev  0x00003cf3       0xac .\CortexM3\ARM_GCC_473\Debug\PSoC_2_Pi.a(Port_2_Status.o)
 .debug_abbrev  0x00003d9f       0x83 .\CortexM3\ARM_GCC_473\Debug\PSoC_2_Pi.a(Port_2_Control.o)
 .debug_abbrev  0x00003e22       0x92 .\CortexM3\ARM_GCC_473\Debug\PSoC_2_Pi.a(GPIO_4_0.o)
 .debug_abbrev  0x00003eb4       0x92 .\CortexM3\ARM_GCC_473\Debug\PSoC_2_Pi.a(GPIO_4_6.o)
 .debug_abbrev  0x00003f46       0x92 .\CortexM3\ARM_GCC_473\Debug\PSoC_2_Pi.a(GPIO_4_5.o)
 .debug_abbrev  0x00003fd8       0x92 .\CortexM3\ARM_GCC_473\Debug\PSoC_2_Pi.a(GPIO_4_4.o)
 .debug_abbrev  0x0000406a       0x92 .\CortexM3\ARM_GCC_473\Debug\PSoC_2_Pi.a(GPIO_4_3.o)
 .debug_abbrev  0x000040fc       0x92 .\CortexM3\ARM_GCC_473\Debug\PSoC_2_Pi.a(GPIO_4_2.o)
 .debug_abbrev  0x0000418e       0x92 .\CortexM3\ARM_GCC_473\Debug\PSoC_2_Pi.a(GPIO_4_1.o)
 .debug_abbrev  0x00004220       0xac .\CortexM3\ARM_GCC_473\Debug\PSoC_2_Pi.a(Port_4_Status.o)
 .debug_abbrev  0x000042cc       0x83 .\CortexM3\ARM_GCC_473\Debug\PSoC_2_Pi.a(Port_4_Control.o)
 .debug_abbrev  0x0000434f       0x92 .\CortexM3\ARM_GCC_473\Debug\PSoC_2_Pi.a(GPIO_5_0.o)
 .debug_abbrev  0x000043e1       0x92 .\CortexM3\ARM_GCC_473\Debug\PSoC_2_Pi.a(GPIO_5_7.o)
 .debug_abbrev  0x00004473       0x92 .\CortexM3\ARM_GCC_473\Debug\PSoC_2_Pi.a(GPIO_5_6.o)
 .debug_abbrev  0x00004505       0xac .\CortexM3\ARM_GCC_473\Debug\PSoC_2_Pi.a(Port_5_Status.o)
 .debug_abbrev  0x000045b1       0x83 .\CortexM3\ARM_GCC_473\Debug\PSoC_2_Pi.a(Port_5_Control.o)
 .debug_abbrev  0x00004634       0x92 .\CortexM3\ARM_GCC_473\Debug\PSoC_2_Pi.a(GPIO_5_5.o)
 .debug_abbrev  0x000046c6       0x92 .\CortexM3\ARM_GCC_473\Debug\PSoC_2_Pi.a(GPIO_5_4.o)
 .debug_abbrev  0x00004758       0x92 .\CortexM3\ARM_GCC_473\Debug\PSoC_2_Pi.a(GPIO_5_3.o)
 .debug_abbrev  0x000047ea       0x92 .\CortexM3\ARM_GCC_473\Debug\PSoC_2_Pi.a(GPIO_5_2.o)
 .debug_abbrev  0x0000487c       0x92 .\CortexM3\ARM_GCC_473\Debug\PSoC_2_Pi.a(GPIO_5_1.o)
 .debug_abbrev  0x0000490e      0x173 .\CortexM3\ARM_GCC_473\Debug\PSoC_2_Pi.a(ADC_SAR_Seq_1.o)
 .debug_abbrev  0x00004a81       0x44 .\CortexM3\ARM_GCC_473\Debug\PSoC_2_Pi.a(ADC_SAR_Seq_1_INT.o)
 .debug_abbrev  0x00004ac5      0x175 .\CortexM3\ARM_GCC_473\Debug\PSoC_2_Pi.a(ADC_SAR_Seq_1_SAR.o)
 .debug_abbrev  0x00004c3a       0x8d .\CortexM3\ARM_GCC_473\Debug\PSoC_2_Pi.a(ADC_SAR_Seq_1_TempBuf_dma.o)
 .debug_abbrev  0x00004cc7       0x8d .\CortexM3\ARM_GCC_473\Debug\PSoC_2_Pi.a(ADC_SAR_Seq_1_FinalBuf_dma.o)
 .debug_abbrev  0x00004d54      0x12d .\CortexM3\ARM_GCC_473\Debug\PSoC_2_Pi.a(ADC_SAR_Seq_1_IRQ.o)
 .debug_abbrev  0x00004e81      0x11f .\CortexM3\ARM_GCC_473\Debug\PSoC_2_Pi.a(WaveDAC8_1_DacClk.o)
 .debug_abbrev  0x00004fa0      0x1b4 .\CortexM3\ARM_GCC_473\Debug\PSoC_2_Pi.a(USBUART.o)
 .debug_abbrev  0x00005154      0x1d0 .\CortexM3\ARM_GCC_473\Debug\PSoC_2_Pi.a(USBUART_cdc.o)
 .debug_abbrev  0x00005324      0x16e .\CortexM3\ARM_GCC_473\Debug\PSoC_2_Pi.a(USBUART_drv.o)
 .debug_abbrev  0x00005492       0xc7 .\CortexM3\ARM_GCC_473\Debug\PSoC_2_Pi.a(USBUART_episr.o)
 .debug_abbrev  0x00005559      0x1a1 .\CortexM3\ARM_GCC_473\Debug\PSoC_2_Pi.a(USBUART_std.o)
 .debug_abbrev  0x000056fa       0xba .\CortexM3\ARM_GCC_473\Debug\PSoC_2_Pi.a(USBUART_vnd.o)
 .debug_abbrev  0x000057b4      0x14b .\CortexM3\ARM_GCC_473\Debug\PSoC_2_Pi.a(DEBUG_UART.o)
 .debug_abbrev  0x000058ff      0x11f .\CortexM3\ARM_GCC_473\Debug\PSoC_2_Pi.a(DEBUG_UART_IntClock.o)
 .debug_abbrev  0x00005a1e      0x172 .\CortexM3\ARM_GCC_473\Debug\PSoC_2_Pi.a(CyFlash.o)
 .debug_abbrev  0x00005b90      0x15f .\CortexM3\ARM_GCC_473\Debug\PSoC_2_Pi.a(CySpc.o)
 .debug_abbrev  0x00005cef       0xba .\CortexM3\ARM_GCC_473\Debug\PSoC_2_Pi.a(USBUART_cls.o)
 .debug_abbrev  0x00005da9       0xa7 .\CortexM3\ARM_GCC_473\Debug\PSoC_2_Pi.a(USBUART_descr.o)

.debug_line     0x00000000     0x841a
 *(.debug_line)
 .debug_line    0x00000000      0x187 .\CortexM3\ARM_GCC_473\Debug\main.o
 .debug_line    0x00000187      0x469 .\CortexM3\ARM_GCC_473\Debug\mem1.o
 .debug_line    0x000005f0      0x19d .\CortexM3\ARM_GCC_473\Debug\LINX.o
 .debug_line    0x0000078d       0x53 .\CortexM3\ARM_GCC_473\Debug\cymetadata.o
 .debug_line    0x000007e0      0x1ae .\CortexM3\ARM_GCC_473\Debug\Cm3Start.o
 .debug_line    0x0000098e       0x55 .\CortexM3\ARM_GCC_473\Debug\cybootloader.o
 .debug_line    0x000009e3      0x28d .\CortexM3\ARM_GCC_473\Debug\PSoC_2_Pi.a(cyfitter_cfg.o)
 .debug_line    0x00000c70      0x282 .\CortexM3\ARM_GCC_473\Debug\PSoC_2_Pi.a(SPIS_1.o)
 .debug_line    0x00000ef2       0x68 .\CortexM3\ARM_GCC_473\Debug\PSoC_2_Pi.a(CyBootAsmGnu.o)
 .debug_line    0x00000f5a      0x2bc .\CortexM3\ARM_GCC_473\Debug\PSoC_2_Pi.a(CyDmac.o)
 .debug_line    0x00001216      0x73b .\CortexM3\ARM_GCC_473\Debug\PSoC_2_Pi.a(CyLib.o)
 .debug_line    0x00001951      0x370 .\CortexM3\ARM_GCC_473\Debug\PSoC_2_Pi.a(cyPm.o)
 .debug_line    0x00001cc1      0x190 .\CortexM3\ARM_GCC_473\Debug\PSoC_2_Pi.a(PWM_1.o)
 .debug_line    0x00001e51       0xb3 .\CortexM3\ARM_GCC_473\Debug\PSoC_2_Pi.a(PWM_1_PM.o)
 .debug_line    0x00001f04      0x205 .\CortexM3\ARM_GCC_473\Debug\PSoC_2_Pi.a(ADC_SAR_1.o)
 .debug_line    0x00002109       0x5b .\CortexM3\ARM_GCC_473\Debug\PSoC_2_Pi.a(ADC_SAR_1_INT.o)
 .debug_line    0x00002164       0xb1 .\CortexM3\ARM_GCC_473\Debug\PSoC_2_Pi.a(ADC_SAR_1_PM.o)
 .debug_line    0x00002215      0x1cc .\CortexM3\ARM_GCC_473\Debug\PSoC_2_Pi.a(ADC_SAR_1_theACLK.o)
 .debug_line    0x000023e1       0xf4 .\CortexM3\ARM_GCC_473\Debug\PSoC_2_Pi.a(VDAC8_1.o)
 .debug_line    0x000024d5       0xb3 .\CortexM3\ARM_GCC_473\Debug\PSoC_2_Pi.a(VDAC8_1_PM.o)
 .debug_line    0x00002588       0xf4 .\CortexM3\ARM_GCC_473\Debug\PSoC_2_Pi.a(VDAC8_2.o)
 .debug_line    0x0000267c       0xb3 .\CortexM3\ARM_GCC_473\Debug\PSoC_2_Pi.a(VDAC8_2_PM.o)
 .debug_line    0x0000272f      0x10c .\CortexM3\ARM_GCC_473\Debug\PSoC_2_Pi.a(IDAC8_1.o)
 .debug_line    0x0000283b       0xb3 .\CortexM3\ARM_GCC_473\Debug\PSoC_2_Pi.a(IDAC8_1_PM.o)
 .debug_line    0x000028ee      0x1c6 .\CortexM3\ARM_GCC_473\Debug\PSoC_2_Pi.a(WaveDAC_clk.o)
 .debug_line    0x00002ab4       0xf8 .\CortexM3\ARM_GCC_473\Debug\PSoC_2_Pi.a(WaveDAC8_1.o)
 .debug_line    0x00002bac       0xab .\CortexM3\ARM_GCC_473\Debug\PSoC_2_Pi.a(WaveDAC8_1_PM.o)
 .debug_line    0x00002c57       0x8a .\CortexM3\ARM_GCC_473\Debug\PSoC_2_Pi.a(WaveDAC8_1_Wave1_DMA_dma.o)
 .debug_line    0x00002ce1       0x8a .\CortexM3\ARM_GCC_473\Debug\PSoC_2_Pi.a(WaveDAC8_1_Wave2_DMA_dma.o)
 .debug_line    0x00002d6b       0xfc .\CortexM3\ARM_GCC_473\Debug\PSoC_2_Pi.a(WaveDAC8_1_VDAC8.o)
 .debug_line    0x00002e67       0xc5 .\CortexM3\ARM_GCC_473\Debug\PSoC_2_Pi.a(WaveDAC8_1_VDAC8_PM.o)
 .debug_line    0x00002f2c      0x36b .\CortexM3\ARM_GCC_473\Debug\PSoC_2_Pi.a(ADC_DelSig_1.o)
 .debug_line    0x00003297       0xc5 .\CortexM3\ARM_GCC_473\Debug\PSoC_2_Pi.a(ADC_DelSig_1_PM.o)
 .debug_line    0x0000335c       0x97 .\CortexM3\ARM_GCC_473\Debug\PSoC_2_Pi.a(ADC_DelSig_1_INT.o)
 .debug_line    0x000033f3      0x190 .\CortexM3\ARM_GCC_473\Debug\PSoC_2_Pi.a(PWM_2.o)
 .debug_line    0x00003583       0xb3 .\CortexM3\ARM_GCC_473\Debug\PSoC_2_Pi.a(PWM_2_PM.o)
 .debug_line    0x00003636      0x190 .\CortexM3\ARM_GCC_473\Debug\PSoC_2_Pi.a(PWM_3.o)
 .debug_line    0x000037c6       0xb3 .\CortexM3\ARM_GCC_473\Debug\PSoC_2_Pi.a(PWM_3_PM.o)
 .debug_line    0x00003879      0x190 .\CortexM3\ARM_GCC_473\Debug\PSoC_2_Pi.a(PWM_4.o)
 .debug_line    0x00003a09       0xb3 .\CortexM3\ARM_GCC_473\Debug\PSoC_2_Pi.a(PWM_4_PM.o)
 .debug_line    0x00003abc      0x190 .\CortexM3\ARM_GCC_473\Debug\PSoC_2_Pi.a(PWM_5.o)
 .debug_line    0x00003c4c       0xb3 .\CortexM3\ARM_GCC_473\Debug\PSoC_2_Pi.a(PWM_5_PM.o)
 .debug_line    0x00003cff      0x190 .\CortexM3\ARM_GCC_473\Debug\PSoC_2_Pi.a(PWM_6.o)
 .debug_line    0x00003e8f       0xb3 .\CortexM3\ARM_GCC_473\Debug\PSoC_2_Pi.a(PWM_6_PM.o)
 .debug_line    0x00003f42      0x190 .\CortexM3\ARM_GCC_473\Debug\PSoC_2_Pi.a(PWM_7.o)
 .debug_line    0x000040d2       0xb3 .\CortexM3\ARM_GCC_473\Debug\PSoC_2_Pi.a(PWM_7_PM.o)
 .debug_line    0x00004185      0x190 .\CortexM3\ARM_GCC_473\Debug\PSoC_2_Pi.a(PWM_8.o)
 .debug_line    0x00004315       0xb3 .\CortexM3\ARM_GCC_473\Debug\PSoC_2_Pi.a(PWM_8_PM.o)
 .debug_line    0x000043c8       0xa8 .\CortexM3\ARM_GCC_473\Debug\PSoC_2_Pi.a(ADC_DelSig_1_AMux.o)
 .debug_line    0x00004470      0x1d2 .\CortexM3\ARM_GCC_473\Debug\PSoC_2_Pi.a(ADC_DelSig_1_Ext_CP_Clk.o)
 .debug_line    0x00004642      0x1cf .\CortexM3\ARM_GCC_473\Debug\PSoC_2_Pi.a(ADC_DelSig_1_theACLK.o)
 .debug_line    0x00004811       0xbd .\CortexM3\ARM_GCC_473\Debug\PSoC_2_Pi.a(WaveDAC8_1_BuffAmp.o)
 .debug_line    0x000048ce      0x1a2 .\CortexM3\ARM_GCC_473\Debug\PSoC_2_Pi.a(PWM_1_2_clk.o)
 .debug_line    0x00004a70      0x1a2 .\CortexM3\ARM_GCC_473\Debug\PSoC_2_Pi.a(PWM_3_4_clk.o)
 .debug_line    0x00004c12      0x1a2 .\CortexM3\ARM_GCC_473\Debug\PSoC_2_Pi.a(PWM_5_6_clk.o)
 .debug_line    0x00004db4      0x1a2 .\CortexM3\ARM_GCC_473\Debug\PSoC_2_Pi.a(PWM_7_8_clk.o)
 .debug_line    0x00004f56       0x9b .\CortexM3\ARM_GCC_473\Debug\PSoC_2_Pi.a(GPIO_12_1.o)
 .debug_line    0x00004ff1       0x9b .\CortexM3\ARM_GCC_473\Debug\PSoC_2_Pi.a(GPIO_12_2.o)
 .debug_line    0x0000508c       0x9b .\CortexM3\ARM_GCC_473\Debug\PSoC_2_Pi.a(GPIO_12_0.o)
 .debug_line    0x00005127       0x9b .\CortexM3\ARM_GCC_473\Debug\PSoC_2_Pi.a(GPIO_12_3.o)
 .debug_line    0x000051c2       0x9b .\CortexM3\ARM_GCC_473\Debug\PSoC_2_Pi.a(GPIO_12_4.o)
 .debug_line    0x0000525d       0x9b .\CortexM3\ARM_GCC_473\Debug\PSoC_2_Pi.a(GPIO_12_5.o)
 .debug_line    0x000052f8       0x9b .\CortexM3\ARM_GCC_473\Debug\PSoC_2_Pi.a(GPIO_12_6.o)
 .debug_line    0x00005393       0x9b .\CortexM3\ARM_GCC_473\Debug\PSoC_2_Pi.a(GPIO_12_7.o)
 .debug_line    0x0000542e       0xb3 .\CortexM3\ARM_GCC_473\Debug\PSoC_2_Pi.a(Port_12_Status.o)
 .debug_line    0x000054e1       0x7a .\CortexM3\ARM_GCC_473\Debug\PSoC_2_Pi.a(Port_12_Control.o)
 .debug_line    0x0000555b       0x9a .\CortexM3\ARM_GCC_473\Debug\PSoC_2_Pi.a(GPIO_2_0.o)
 .debug_line    0x000055f5       0x9a .\CortexM3\ARM_GCC_473\Debug\PSoC_2_Pi.a(GPIO_2_1.o)
 .debug_line    0x0000568f       0x9a .\CortexM3\ARM_GCC_473\Debug\PSoC_2_Pi.a(GPIO_2_2.o)
 .debug_line    0x00005729       0x9a .\CortexM3\ARM_GCC_473\Debug\PSoC_2_Pi.a(GPIO_2_7.o)
 .debug_line    0x000057c3       0x9a .\CortexM3\ARM_GCC_473\Debug\PSoC_2_Pi.a(GPIO_2_6.o)
 .debug_line    0x0000585d       0x9a .\CortexM3\ARM_GCC_473\Debug\PSoC_2_Pi.a(GPIO_2_5.o)
 .debug_line    0x000058f7       0x9a .\CortexM3\ARM_GCC_473\Debug\PSoC_2_Pi.a(GPIO_2_4.o)
 .debug_line    0x00005991       0x9a .\CortexM3\ARM_GCC_473\Debug\PSoC_2_Pi.a(GPIO_2_3.o)
 .debug_line    0x00005a2b       0xb2 .\CortexM3\ARM_GCC_473\Debug\PSoC_2_Pi.a(Port_2_Status.o)
 .debug_line    0x00005add       0x79 .\CortexM3\ARM_GCC_473\Debug\PSoC_2_Pi.a(Port_2_Control.o)
 .debug_line    0x00005b56       0x9a .\CortexM3\ARM_GCC_473\Debug\PSoC_2_Pi.a(GPIO_4_0.o)
 .debug_line    0x00005bf0       0x9a .\CortexM3\ARM_GCC_473\Debug\PSoC_2_Pi.a(GPIO_4_6.o)
 .debug_line    0x00005c8a       0x9a .\CortexM3\ARM_GCC_473\Debug\PSoC_2_Pi.a(GPIO_4_5.o)
 .debug_line    0x00005d24       0x9a .\CortexM3\ARM_GCC_473\Debug\PSoC_2_Pi.a(GPIO_4_4.o)
 .debug_line    0x00005dbe       0x9a .\CortexM3\ARM_GCC_473\Debug\PSoC_2_Pi.a(GPIO_4_3.o)
 .debug_line    0x00005e58       0x9a .\CortexM3\ARM_GCC_473\Debug\PSoC_2_Pi.a(GPIO_4_2.o)
 .debug_line    0x00005ef2       0x9a .\CortexM3\ARM_GCC_473\Debug\PSoC_2_Pi.a(GPIO_4_1.o)
 .debug_line    0x00005f8c       0xb2 .\CortexM3\ARM_GCC_473\Debug\PSoC_2_Pi.a(Port_4_Status.o)
 .debug_line    0x0000603e       0x79 .\CortexM3\ARM_GCC_473\Debug\PSoC_2_Pi.a(Port_4_Control.o)
 .debug_line    0x000060b7       0x9a .\CortexM3\ARM_GCC_473\Debug\PSoC_2_Pi.a(GPIO_5_0.o)
 .debug_line    0x00006151       0x9a .\CortexM3\ARM_GCC_473\Debug\PSoC_2_Pi.a(GPIO_5_7.o)
 .debug_line    0x000061eb       0x9a .\CortexM3\ARM_GCC_473\Debug\PSoC_2_Pi.a(GPIO_5_6.o)
 .debug_line    0x00006285       0xb2 .\CortexM3\ARM_GCC_473\Debug\PSoC_2_Pi.a(Port_5_Status.o)
 .debug_line    0x00006337       0x79 .\CortexM3\ARM_GCC_473\Debug\PSoC_2_Pi.a(Port_5_Control.o)
 .debug_line    0x000063b0       0x9a .\CortexM3\ARM_GCC_473\Debug\PSoC_2_Pi.a(GPIO_5_5.o)
 .debug_line    0x0000644a       0x9a .\CortexM3\ARM_GCC_473\Debug\PSoC_2_Pi.a(GPIO_5_4.o)
 .debug_line    0x000064e4       0x9a .\CortexM3\ARM_GCC_473\Debug\PSoC_2_Pi.a(GPIO_5_3.o)
 .debug_line    0x0000657e       0x9a .\CortexM3\ARM_GCC_473\Debug\PSoC_2_Pi.a(GPIO_5_2.o)
 .debug_line    0x00006618       0x9a .\CortexM3\ARM_GCC_473\Debug\PSoC_2_Pi.a(GPIO_5_1.o)
 .debug_line    0x000066b2      0x24c .\CortexM3\ARM_GCC_473\Debug\PSoC_2_Pi.a(ADC_SAR_Seq_1.o)
 .debug_line    0x000068fe       0x5f .\CortexM3\ARM_GCC_473\Debug\PSoC_2_Pi.a(ADC_SAR_Seq_1_INT.o)
 .debug_line    0x0000695d      0x209 .\CortexM3\ARM_GCC_473\Debug\PSoC_2_Pi.a(ADC_SAR_Seq_1_SAR.o)
 .debug_line    0x00006b66       0x8b .\CortexM3\ARM_GCC_473\Debug\PSoC_2_Pi.a(ADC_SAR_Seq_1_TempBuf_dma.o)
 .debug_line    0x00006bf1       0x8c .\CortexM3\ARM_GCC_473\Debug\PSoC_2_Pi.a(ADC_SAR_Seq_1_FinalBuf_dma.o)
 .debug_line    0x00006c7d      0x15c .\CortexM3\ARM_GCC_473\Debug\PSoC_2_Pi.a(ADC_SAR_Seq_1_IRQ.o)
 .debug_line    0x00006dd9      0x1a8 .\CortexM3\ARM_GCC_473\Debug\PSoC_2_Pi.a(WaveDAC8_1_DacClk.o)
 .debug_line    0x00006f81      0x2a4 .\CortexM3\ARM_GCC_473\Debug\PSoC_2_Pi.a(USBUART.o)
 .debug_line    0x00007225      0x234 .\CortexM3\ARM_GCC_473\Debug\PSoC_2_Pi.a(USBUART_cdc.o)
 .debug_line    0x00007459      0x222 .\CortexM3\ARM_GCC_473\Debug\PSoC_2_Pi.a(USBUART_drv.o)
 .debug_line    0x0000767b       0xe5 .\CortexM3\ARM_GCC_473\Debug\PSoC_2_Pi.a(USBUART_episr.o)
 .debug_line    0x00007760      0x431 .\CortexM3\ARM_GCC_473\Debug\PSoC_2_Pi.a(USBUART_std.o)
 .debug_line    0x00007b91       0x8b .\CortexM3\ARM_GCC_473\Debug\PSoC_2_Pi.a(USBUART_vnd.o)
 .debug_line    0x00007c1c      0x209 .\CortexM3\ARM_GCC_473\Debug\PSoC_2_Pi.a(DEBUG_UART.o)
 .debug_line    0x00007e25      0x1aa .\CortexM3\ARM_GCC_473\Debug\PSoC_2_Pi.a(DEBUG_UART_IntClock.o)
 .debug_line    0x00007fcf      0x1a9 .\CortexM3\ARM_GCC_473\Debug\PSoC_2_Pi.a(CyFlash.o)
 .debug_line    0x00008178      0x1a7 .\CortexM3\ARM_GCC_473\Debug\PSoC_2_Pi.a(CySpc.o)
 .debug_line    0x0000831f       0x98 .\CortexM3\ARM_GCC_473\Debug\PSoC_2_Pi.a(USBUART_cls.o)
 .debug_line    0x000083b7       0x63 .\CortexM3\ARM_GCC_473\Debug\PSoC_2_Pi.a(USBUART_descr.o)

.debug_frame    0x00000000     0x70d8
 *(.debug_frame)
 .debug_frame   0x00000000       0x70 .\CortexM3\ARM_GCC_473\Debug\main.o
 .debug_frame   0x00000070      0x258 .\CortexM3\ARM_GCC_473\Debug\mem1.o
 .debug_frame   0x000002c8       0xa4 .\CortexM3\ARM_GCC_473\Debug\LINX.o
 .debug_frame   0x0000036c       0xa4 .\CortexM3\ARM_GCC_473\Debug\Cm3Start.o
 .debug_frame   0x00000410      0x158 .\CortexM3\ARM_GCC_473\Debug\PSoC_2_Pi.a(cyfitter_cfg.o)
 .debug_frame   0x00000568      0x2e0 .\CortexM3\ARM_GCC_473\Debug\PSoC_2_Pi.a(SPIS_1.o)
 .debug_frame   0x00000848      0x2c0 .\CortexM3\ARM_GCC_473\Debug\PSoC_2_Pi.a(CyDmac.o)
 .debug_frame   0x00000b08      0x778 .\CortexM3\ARM_GCC_473\Debug\PSoC_2_Pi.a(CyLib.o)
 .debug_frame   0x00001280      0x1d0 .\CortexM3\ARM_GCC_473\Debug\PSoC_2_Pi.a(cyPm.o)
 .debug_frame   0x00001450      0x1d4 .\CortexM3\ARM_GCC_473\Debug\PSoC_2_Pi.a(PWM_1.o)
 .debug_frame   0x00001624       0x80 .\CortexM3\ARM_GCC_473\Debug\PSoC_2_Pi.a(PWM_1_PM.o)
 .debug_frame   0x000016a4      0x22c .\CortexM3\ARM_GCC_473\Debug\PSoC_2_Pi.a(ADC_SAR_1.o)
 .debug_frame   0x000018d0       0x2c .\CortexM3\ARM_GCC_473\Debug\PSoC_2_Pi.a(ADC_SAR_1_INT.o)
 .debug_frame   0x000018fc       0x80 .\CortexM3\ARM_GCC_473\Debug\PSoC_2_Pi.a(ADC_SAR_1_PM.o)
 .debug_frame   0x0000197c      0x184 .\CortexM3\ARM_GCC_473\Debug\PSoC_2_Pi.a(ADC_SAR_1_theACLK.o)
 .debug_frame   0x00001b00       0xf4 .\CortexM3\ARM_GCC_473\Debug\PSoC_2_Pi.a(VDAC8_1.o)
 .debug_frame   0x00001bf4       0x80 .\CortexM3\ARM_GCC_473\Debug\PSoC_2_Pi.a(VDAC8_1_PM.o)
 .debug_frame   0x00001c74       0xf4 .\CortexM3\ARM_GCC_473\Debug\PSoC_2_Pi.a(VDAC8_2.o)
 .debug_frame   0x00001d68       0x80 .\CortexM3\ARM_GCC_473\Debug\PSoC_2_Pi.a(VDAC8_2_PM.o)
 .debug_frame   0x00001de8      0x114 .\CortexM3\ARM_GCC_473\Debug\PSoC_2_Pi.a(IDAC8_1.o)
 .debug_frame   0x00001efc       0x80 .\CortexM3\ARM_GCC_473\Debug\PSoC_2_Pi.a(IDAC8_1_PM.o)
 .debug_frame   0x00001f7c      0x184 .\CortexM3\ARM_GCC_473\Debug\PSoC_2_Pi.a(WaveDAC_clk.o)
 .debug_frame   0x00002100       0xe0 .\CortexM3\ARM_GCC_473\Debug\PSoC_2_Pi.a(WaveDAC8_1.o)
 .debug_frame   0x000021e0       0x48 .\CortexM3\ARM_GCC_473\Debug\PSoC_2_Pi.a(WaveDAC8_1_PM.o)
 .debug_frame   0x00002228       0x4c .\CortexM3\ARM_GCC_473\Debug\PSoC_2_Pi.a(WaveDAC8_1_Wave1_DMA_dma.o)
 .debug_frame   0x00002274       0x4c .\CortexM3\ARM_GCC_473\Debug\PSoC_2_Pi.a(WaveDAC8_1_Wave2_DMA_dma.o)
 .debug_frame   0x000022c0       0xf4 .\CortexM3\ARM_GCC_473\Debug\PSoC_2_Pi.a(WaveDAC8_1_VDAC8.o)
 .debug_frame   0x000023b4       0x80 .\CortexM3\ARM_GCC_473\Debug\PSoC_2_Pi.a(WaveDAC8_1_VDAC8_PM.o)
 .debug_frame   0x00002434      0x31c .\CortexM3\ARM_GCC_473\Debug\PSoC_2_Pi.a(ADC_DelSig_1.o)
 .debug_frame   0x00002750       0x80 .\CortexM3\ARM_GCC_473\Debug\PSoC_2_Pi.a(ADC_DelSig_1_PM.o)
 .debug_frame   0x000027d0       0x80 .\CortexM3\ARM_GCC_473\Debug\PSoC_2_Pi.a(ADC_DelSig_1_INT.o)
 .debug_frame   0x00002850      0x1d4 .\CortexM3\ARM_GCC_473\Debug\PSoC_2_Pi.a(PWM_2.o)
 .debug_frame   0x00002a24       0x80 .\CortexM3\ARM_GCC_473\Debug\PSoC_2_Pi.a(PWM_2_PM.o)
 .debug_frame   0x00002aa4      0x1d4 .\CortexM3\ARM_GCC_473\Debug\PSoC_2_Pi.a(PWM_3.o)
 .debug_frame   0x00002c78       0x80 .\CortexM3\ARM_GCC_473\Debug\PSoC_2_Pi.a(PWM_3_PM.o)
 .debug_frame   0x00002cf8      0x1d4 .\CortexM3\ARM_GCC_473\Debug\PSoC_2_Pi.a(PWM_4.o)
 .debug_frame   0x00002ecc       0x80 .\CortexM3\ARM_GCC_473\Debug\PSoC_2_Pi.a(PWM_4_PM.o)
 .debug_frame   0x00002f4c      0x1d4 .\CortexM3\ARM_GCC_473\Debug\PSoC_2_Pi.a(PWM_5.o)
 .debug_frame   0x00003120       0x80 .\CortexM3\ARM_GCC_473\Debug\PSoC_2_Pi.a(PWM_5_PM.o)
 .debug_frame   0x000031a0      0x1d4 .\CortexM3\ARM_GCC_473\Debug\PSoC_2_Pi.a(PWM_6.o)
 .debug_frame   0x00003374       0x80 .\CortexM3\ARM_GCC_473\Debug\PSoC_2_Pi.a(PWM_6_PM.o)
 .debug_frame   0x000033f4      0x1d4 .\CortexM3\ARM_GCC_473\Debug\PSoC_2_Pi.a(PWM_7.o)
 .debug_frame   0x000035c8       0x80 .\CortexM3\ARM_GCC_473\Debug\PSoC_2_Pi.a(PWM_7_PM.o)
 .debug_frame   0x00003648      0x1d4 .\CortexM3\ARM_GCC_473\Debug\PSoC_2_Pi.a(PWM_8.o)
 .debug_frame   0x0000381c       0x80 .\CortexM3\ARM_GCC_473\Debug\PSoC_2_Pi.a(PWM_8_PM.o)
 .debug_frame   0x0000389c       0x70 .\CortexM3\ARM_GCC_473\Debug\PSoC_2_Pi.a(ADC_DelSig_1_AMux.o)
 .debug_frame   0x0000390c      0x184 .\CortexM3\ARM_GCC_473\Debug\PSoC_2_Pi.a(ADC_DelSig_1_Ext_CP_Clk.o)
 .debug_frame   0x00003a90      0x184 .\CortexM3\ARM_GCC_473\Debug\PSoC_2_Pi.a(ADC_DelSig_1_theACLK.o)
 .debug_frame   0x00003c14       0x9c .\CortexM3\ARM_GCC_473\Debug\PSoC_2_Pi.a(WaveDAC8_1_BuffAmp.o)
 .debug_frame   0x00003cb0      0x14c .\CortexM3\ARM_GCC_473\Debug\PSoC_2_Pi.a(PWM_1_2_clk.o)
 .debug_frame   0x00003dfc      0x14c .\CortexM3\ARM_GCC_473\Debug\PSoC_2_Pi.a(PWM_3_4_clk.o)
 .debug_frame   0x00003f48      0x14c .\CortexM3\ARM_GCC_473\Debug\PSoC_2_Pi.a(PWM_5_6_clk.o)
 .debug_frame   0x00004094      0x14c .\CortexM3\ARM_GCC_473\Debug\PSoC_2_Pi.a(PWM_7_8_clk.o)
 .debug_frame   0x000041e0       0x80 .\CortexM3\ARM_GCC_473\Debug\PSoC_2_Pi.a(GPIO_12_1.o)
 .debug_frame   0x00004260       0x80 .\CortexM3\ARM_GCC_473\Debug\PSoC_2_Pi.a(GPIO_12_2.o)
 .debug_frame   0x000042e0       0x80 .\CortexM3\ARM_GCC_473\Debug\PSoC_2_Pi.a(GPIO_12_0.o)
 .debug_frame   0x00004360       0x80 .\CortexM3\ARM_GCC_473\Debug\PSoC_2_Pi.a(GPIO_12_3.o)
 .debug_frame   0x000043e0       0x80 .\CortexM3\ARM_GCC_473\Debug\PSoC_2_Pi.a(GPIO_12_4.o)
 .debug_frame   0x00004460       0x80 .\CortexM3\ARM_GCC_473\Debug\PSoC_2_Pi.a(GPIO_12_5.o)
 .debug_frame   0x000044e0       0x80 .\CortexM3\ARM_GCC_473\Debug\PSoC_2_Pi.a(GPIO_12_6.o)
 .debug_frame   0x00004560       0x80 .\CortexM3\ARM_GCC_473\Debug\PSoC_2_Pi.a(GPIO_12_7.o)
 .debug_frame   0x000045e0       0xa4 .\CortexM3\ARM_GCC_473\Debug\PSoC_2_Pi.a(Port_12_Status.o)
 .debug_frame   0x00004684       0x48 .\CortexM3\ARM_GCC_473\Debug\PSoC_2_Pi.a(Port_12_Control.o)
 .debug_frame   0x000046cc       0x80 .\CortexM3\ARM_GCC_473\Debug\PSoC_2_Pi.a(GPIO_2_0.o)
 .debug_frame   0x0000474c       0x80 .\CortexM3\ARM_GCC_473\Debug\PSoC_2_Pi.a(GPIO_2_1.o)
 .debug_frame   0x000047cc       0x80 .\CortexM3\ARM_GCC_473\Debug\PSoC_2_Pi.a(GPIO_2_2.o)
 .debug_frame   0x0000484c       0x80 .\CortexM3\ARM_GCC_473\Debug\PSoC_2_Pi.a(GPIO_2_7.o)
 .debug_frame   0x000048cc       0x80 .\CortexM3\ARM_GCC_473\Debug\PSoC_2_Pi.a(GPIO_2_6.o)
 .debug_frame   0x0000494c       0x80 .\CortexM3\ARM_GCC_473\Debug\PSoC_2_Pi.a(GPIO_2_5.o)
 .debug_frame   0x000049cc       0x80 .\CortexM3\ARM_GCC_473\Debug\PSoC_2_Pi.a(GPIO_2_4.o)
 .debug_frame   0x00004a4c       0x80 .\CortexM3\ARM_GCC_473\Debug\PSoC_2_Pi.a(GPIO_2_3.o)
 .debug_frame   0x00004acc       0xa4 .\CortexM3\ARM_GCC_473\Debug\PSoC_2_Pi.a(Port_2_Status.o)
 .debug_frame   0x00004b70       0x48 .\CortexM3\ARM_GCC_473\Debug\PSoC_2_Pi.a(Port_2_Control.o)
 .debug_frame   0x00004bb8       0x80 .\CortexM3\ARM_GCC_473\Debug\PSoC_2_Pi.a(GPIO_4_0.o)
 .debug_frame   0x00004c38       0x80 .\CortexM3\ARM_GCC_473\Debug\PSoC_2_Pi.a(GPIO_4_6.o)
 .debug_frame   0x00004cb8       0x80 .\CortexM3\ARM_GCC_473\Debug\PSoC_2_Pi.a(GPIO_4_5.o)
 .debug_frame   0x00004d38       0x80 .\CortexM3\ARM_GCC_473\Debug\PSoC_2_Pi.a(GPIO_4_4.o)
 .debug_frame   0x00004db8       0x80 .\CortexM3\ARM_GCC_473\Debug\PSoC_2_Pi.a(GPIO_4_3.o)
 .debug_frame   0x00004e38       0x80 .\CortexM3\ARM_GCC_473\Debug\PSoC_2_Pi.a(GPIO_4_2.o)
 .debug_frame   0x00004eb8       0x80 .\CortexM3\ARM_GCC_473\Debug\PSoC_2_Pi.a(GPIO_4_1.o)
 .debug_frame   0x00004f38       0xa4 .\CortexM3\ARM_GCC_473\Debug\PSoC_2_Pi.a(Port_4_Status.o)
 .debug_frame   0x00004fdc       0x48 .\CortexM3\ARM_GCC_473\Debug\PSoC_2_Pi.a(Port_4_Control.o)
 .debug_frame   0x00005024       0x80 .\CortexM3\ARM_GCC_473\Debug\PSoC_2_Pi.a(GPIO_5_0.o)
 .debug_frame   0x000050a4       0x80 .\CortexM3\ARM_GCC_473\Debug\PSoC_2_Pi.a(GPIO_5_7.o)
 .debug_frame   0x00005124       0x80 .\CortexM3\ARM_GCC_473\Debug\PSoC_2_Pi.a(GPIO_5_6.o)
 .debug_frame   0x000051a4       0xa4 .\CortexM3\ARM_GCC_473\Debug\PSoC_2_Pi.a(Port_5_Status.o)
 .debug_frame   0x00005248       0x48 .\CortexM3\ARM_GCC_473\Debug\PSoC_2_Pi.a(Port_5_Control.o)
 .debug_frame   0x00005290       0x80 .\CortexM3\ARM_GCC_473\Debug\PSoC_2_Pi.a(GPIO_5_5.o)
 .debug_frame   0x00005310       0x80 .\CortexM3\ARM_GCC_473\Debug\PSoC_2_Pi.a(GPIO_5_4.o)
 .debug_frame   0x00005390       0x80 .\CortexM3\ARM_GCC_473\Debug\PSoC_2_Pi.a(GPIO_5_3.o)
 .debug_frame   0x00005410       0x80 .\CortexM3\ARM_GCC_473\Debug\PSoC_2_Pi.a(GPIO_5_2.o)
 .debug_frame   0x00005490       0x80 .\CortexM3\ARM_GCC_473\Debug\PSoC_2_Pi.a(GPIO_5_1.o)
 .debug_frame   0x00005510      0x280 .\CortexM3\ARM_GCC_473\Debug\PSoC_2_Pi.a(ADC_SAR_Seq_1.o)
 .debug_frame   0x00005790       0x2c .\CortexM3\ARM_GCC_473\Debug\PSoC_2_Pi.a(ADC_SAR_Seq_1_INT.o)
 .debug_frame   0x000057bc      0x22c .\CortexM3\ARM_GCC_473\Debug\PSoC_2_Pi.a(ADC_SAR_Seq_1_SAR.o)
 .debug_frame   0x000059e8       0x4c .\CortexM3\ARM_GCC_473\Debug\PSoC_2_Pi.a(ADC_SAR_Seq_1_TempBuf_dma.o)
 .debug_frame   0x00005a34       0x4c .\CortexM3\ARM_GCC_473\Debug\PSoC_2_Pi.a(ADC_SAR_Seq_1_FinalBuf_dma.o)
 .debug_frame   0x00005a80      0x180 .\CortexM3\ARM_GCC_473\Debug\PSoC_2_Pi.a(ADC_SAR_Seq_1_IRQ.o)
 .debug_frame   0x00005c00      0x14c .\CortexM3\ARM_GCC_473\Debug\PSoC_2_Pi.a(WaveDAC8_1_DacClk.o)
 .debug_frame   0x00005d4c      0x238 .\CortexM3\ARM_GCC_473\Debug\PSoC_2_Pi.a(USBUART.o)
 .debug_frame   0x00005f84      0x248 .\CortexM3\ARM_GCC_473\Debug\PSoC_2_Pi.a(USBUART_cdc.o)
 .debug_frame   0x000061cc      0x1e0 .\CortexM3\ARM_GCC_473\Debug\PSoC_2_Pi.a(USBUART_drv.o)
 .debug_frame   0x000063ac       0x9c .\CortexM3\ARM_GCC_473\Debug\PSoC_2_Pi.a(USBUART_episr.o)
 .debug_frame   0x00006448      0x180 .\CortexM3\ARM_GCC_473\Debug\PSoC_2_Pi.a(USBUART_std.o)
 .debug_frame   0x000065c8       0x30 .\CortexM3\ARM_GCC_473\Debug\PSoC_2_Pi.a(USBUART_vnd.o)