ARM GAS  C:\Users\Mark\AppData\Local\Temp\ccKrsdHU.s 			page 1


   1              		.syntax unified
   2              		.cpu cortex-m3
   3              		.fpu softvfp
   4              		.eabi_attribute 20, 1
   5              		.eabi_attribute 21, 1
   6              		.eabi_attribute 23, 3
   7              		.eabi_attribute 24, 1
   8              		.eabi_attribute 25, 1
   9              		.eabi_attribute 26, 1
  10              		.eabi_attribute 30, 6
  11              		.eabi_attribute 34, 1
  12              		.eabi_attribute 18, 4
  13              		.thumb
  14              		.file	"WaveDAC8_1.c"
  15              		.text
  16              	.Ltext0:
  17              		.cfi_sections	.debug_frame
  18              		.global	WaveDAC8_1_initVar
  19              		.bss
  20              		.type	WaveDAC8_1_initVar, %object
  21              		.size	WaveDAC8_1_initVar, 1
  22              	WaveDAC8_1_initVar:
  23 0000 00       		.space	1
  24              		.global	WaveDAC8_1_wave1
  25              		.section	.rodata
  26              		.align	2
  27              		.type	WaveDAC8_1_wave1, %object
  28              		.size	WaveDAC8_1_wave1, 100
  29              	WaveDAC8_1_wave1:
  30 0000 80       		.byte	-128
  31 0001 84       		.byte	-124
  32 0002 8A       		.byte	-118
  33 0003 8F       		.byte	-113
  34 0004 94       		.byte	-108
  35 0005 98       		.byte	-104
  36 0006 9E       		.byte	-98
  37 0007 A2       		.byte	-94
  38 0008 A8       		.byte	-88
  39 0009 AC       		.byte	-84
  40 000a B2       		.byte	-78
  41 000b B6       		.byte	-74
  42 000c BC       		.byte	-68
  43 000d C0       		.byte	-64
  44 000e C6       		.byte	-58
  45 000f CA       		.byte	-54
  46 0010 D0       		.byte	-48
  47 0011 D5       		.byte	-43
  48 0012 DA       		.byte	-38
  49 0013 DE       		.byte	-34
  50 0014 E4       		.byte	-28
  51 0015 E8       		.byte	-24
  52 0016 EE       		.byte	-18
  53 0017 F2       		.byte	-14
  54 0018 F8       		.byte	-8
  55 0019 FC       		.byte	-4
  56 001a F8       		.byte	-8
  57 001b F2       		.byte	-14
ARM GAS  C:\Users\Mark\AppData\Local\Temp\ccKrsdHU.s 			page 2


  58 001c EE       		.byte	-18
  59 001d E8       		.byte	-24
  60 001e E4       		.byte	-28
  61 001f DE       		.byte	-34
  62 0020 DA       		.byte	-38
  63 0021 D4       		.byte	-44
  64 0022 D0       		.byte	-48
  65 0023 CA       		.byte	-54
  66 0024 C6       		.byte	-58
  67 0025 C0       		.byte	-64
  68 0026 BC       		.byte	-68
  69 0027 B6       		.byte	-74
  70 0028 B2       		.byte	-78
  71 0029 AD       		.byte	-83
  72 002a A8       		.byte	-88
  73 002b A2       		.byte	-94
  74 002c 9E       		.byte	-98
  75 002d 98       		.byte	-104
  76 002e 94       		.byte	-108
  77 002f 8F       		.byte	-113
  78 0030 8A       		.byte	-118
  79 0031 84       		.byte	-124
  80 0032 80       		.byte	-128
  81 0033 7A       		.byte	122
  82 0034 76       		.byte	118
  83 0035 70       		.byte	112
  84 0036 6B       		.byte	107
  85 0037 66       		.byte	102
  86 0038 61       		.byte	97
  87 0039 5D       		.byte	93
  88 003a 58       		.byte	88
  89 003b 53       		.byte	83
  90 003c 4E       		.byte	78
  91 003d 49       		.byte	73
  92 003e 44       		.byte	68
  93 003f 3E       		.byte	62
  94 0040 39       		.byte	57
  95 0041 34       		.byte	52
  96 0042 2F       		.byte	47
  97 0043 2A       		.byte	42
  98 0044 25       		.byte	37
  99 0045 21       		.byte	33
 100 0046 1C       		.byte	28
 101 0047 17       		.byte	23
 102 0048 12       		.byte	18
 103 0049 0D       		.byte	13
 104 004a 08       		.byte	8
 105 004b 03       		.byte	3
 106 004c 08       		.byte	8
 107 004d 0D       		.byte	13
 108 004e 12       		.byte	18
 109 004f 17       		.byte	23
 110 0050 1C       		.byte	28
 111 0051 21       		.byte	33
 112 0052 25       		.byte	37
 113 0053 2A       		.byte	42
 114 0054 2F       		.byte	47
ARM GAS  C:\Users\Mark\AppData\Local\Temp\ccKrsdHU.s 			page 3


 115 0055 34       		.byte	52
 116 0056 39       		.byte	57
 117 0057 3E       		.byte	62
 118 0058 44       		.byte	68
 119 0059 49       		.byte	73
 120 005a 4E       		.byte	78
 121 005b 53       		.byte	83
 122 005c 58       		.byte	88
 123 005d 5D       		.byte	93
 124 005e 61       		.byte	97
 125 005f 66       		.byte	102
 126 0060 6B       		.byte	107
 127 0061 70       		.byte	112
 128 0062 76       		.byte	118
 129 0063 7A       		.byte	122
 130              		.global	WaveDAC8_1_wave2
 131              		.align	2
 132              		.type	WaveDAC8_1_wave2, %object
 133              		.size	WaveDAC8_1_wave2, 100
 134              	WaveDAC8_1_wave2:
 135 0064 80       		.byte	-128
 136 0065 87       		.byte	-121
 137 0066 8F       		.byte	-113
 138 0067 97       		.byte	-105
 139 0068 9F       		.byte	-97
 140 0069 A6       		.byte	-90
 141 006a AE       		.byte	-82
 142 006b B5       		.byte	-75
 143 006c BC       		.byte	-68
 144 006d C2       		.byte	-62
 145 006e C9       		.byte	-55
 146 006f CF       		.byte	-49
 147 0070 D5       		.byte	-43
 148 0071 DB       		.byte	-37
 149 0072 E0       		.byte	-32
 150 0073 E5       		.byte	-27
 151 0074 E9       		.byte	-23
 152 0075 ED       		.byte	-19
 153 0076 F1       		.byte	-15
 154 0077 F4       		.byte	-12
 155 0078 F6       		.byte	-10
 156 0079 F9       		.byte	-7
 157 007a FA       		.byte	-6
 158 007b FC       		.byte	-4
 159 007c FC       		.byte	-4
 160 007d FC       		.byte	-4
 161 007e FC       		.byte	-4
 162 007f FC       		.byte	-4
 163 0080 FA       		.byte	-6
 164 0081 F9       		.byte	-7
 165 0082 F6       		.byte	-10
 166 0083 F4       		.byte	-12
 167 0084 F1       		.byte	-15
 168 0085 ED       		.byte	-19
 169 0086 E9       		.byte	-23
 170 0087 E5       		.byte	-27
 171 0088 E0       		.byte	-32
ARM GAS  C:\Users\Mark\AppData\Local\Temp\ccKrsdHU.s 			page 4


 172 0089 DB       		.byte	-37
 173 008a D5       		.byte	-43
 174 008b CF       		.byte	-49
 175 008c C9       		.byte	-55
 176 008d C2       		.byte	-62
 177 008e BC       		.byte	-68
 178 008f B5       		.byte	-75
 179 0090 AE       		.byte	-82
 180 0091 A6       		.byte	-90
 181 0092 9F       		.byte	-97
 182 0093 97       		.byte	-105
 183 0094 8F       		.byte	-113
 184 0095 87       		.byte	-121
 185 0096 80       		.byte	-128
 186 0097 78       		.byte	120
 187 0098 70       		.byte	112
 188 0099 68       		.byte	104
 189 009a 60       		.byte	96
 190 009b 59       		.byte	89
 191 009c 51       		.byte	81
 192 009d 4A       		.byte	74
 193 009e 43       		.byte	67
 194 009f 3D       		.byte	61
 195 00a0 36       		.byte	54
 196 00a1 30       		.byte	48
 197 00a2 2A       		.byte	42
 198 00a3 24       		.byte	36
 199 00a4 1F       		.byte	31
 200 00a5 1A       		.byte	26
 201 00a6 16       		.byte	22
 202 00a7 12       		.byte	18
 203 00a8 0E       		.byte	14
 204 00a9 0B       		.byte	11
 205 00aa 09       		.byte	9
 206 00ab 06       		.byte	6
 207 00ac 05       		.byte	5
 208 00ad 03       		.byte	3
 209 00ae 03       		.byte	3
 210 00af 03       		.byte	3
 211 00b0 03       		.byte	3
 212 00b1 03       		.byte	3
 213 00b2 05       		.byte	5
 214 00b3 06       		.byte	6
 215 00b4 09       		.byte	9
 216 00b5 0B       		.byte	11
 217 00b6 0E       		.byte	14
 218 00b7 12       		.byte	18
 219 00b8 16       		.byte	22
 220 00b9 1A       		.byte	26
 221 00ba 1F       		.byte	31
 222 00bb 24       		.byte	36
 223 00bc 2A       		.byte	42
 224 00bd 30       		.byte	48
 225 00be 36       		.byte	54
 226 00bf 3D       		.byte	61
 227 00c0 43       		.byte	67
 228 00c1 4A       		.byte	74
ARM GAS  C:\Users\Mark\AppData\Local\Temp\ccKrsdHU.s 			page 5


 229 00c2 51       		.byte	81
 230 00c3 59       		.byte	89
 231 00c4 60       		.byte	96
 232 00c5 68       		.byte	104
 233 00c6 70       		.byte	112
 234 00c7 78       		.byte	120
 235              		.bss
 236              	WaveDAC8_1_Wave1Chan:
 237 0001 00       		.space	1
 238              	WaveDAC8_1_Wave2Chan:
 239 0002 00       		.space	1
 240              	WaveDAC8_1_Wave1TD:
 241 0003 00       		.space	1
 242              	WaveDAC8_1_Wave2TD:
 243 0004 00       		.space	1
 244              		.section	.text.WaveDAC8_1_Init,"ax",%progbits
 245              		.align	2
 246              		.global	WaveDAC8_1_Init
 247              		.thumb
 248              		.thumb_func
 249              		.type	WaveDAC8_1_Init, %function
 250              	WaveDAC8_1_Init:
 251              	.LFB0:
 252              		.file 1 ".\\Generated_Source\\PSoC5\\WaveDAC8_1.c"
   1:.\Generated_Source\PSoC5/WaveDAC8_1.c **** /*******************************************************************************
   2:.\Generated_Source\PSoC5/WaveDAC8_1.c **** * File Name: WaveDAC8_1.c
   3:.\Generated_Source\PSoC5/WaveDAC8_1.c **** * Version 2.0
   4:.\Generated_Source\PSoC5/WaveDAC8_1.c **** *
   5:.\Generated_Source\PSoC5/WaveDAC8_1.c **** * Description:
   6:.\Generated_Source\PSoC5/WaveDAC8_1.c **** *  This file provides the source code for the 8-bit Waveform DAC 
   7:.\Generated_Source\PSoC5/WaveDAC8_1.c **** *  (WaveDAC8) Component.
   8:.\Generated_Source\PSoC5/WaveDAC8_1.c **** *
   9:.\Generated_Source\PSoC5/WaveDAC8_1.c **** ********************************************************************************
  10:.\Generated_Source\PSoC5/WaveDAC8_1.c **** * Copyright 2013, Cypress Semiconductor Corporation.  All rights reserved.
  11:.\Generated_Source\PSoC5/WaveDAC8_1.c **** * You may use this file only in accordance with the license, terms, conditions,
  12:.\Generated_Source\PSoC5/WaveDAC8_1.c **** * disclaimers, and limitations in the end user license agreement accompanying
  13:.\Generated_Source\PSoC5/WaveDAC8_1.c **** * the software package with which this file was provided.
  14:.\Generated_Source\PSoC5/WaveDAC8_1.c **** *******************************************************************************/
  15:.\Generated_Source\PSoC5/WaveDAC8_1.c **** 
  16:.\Generated_Source\PSoC5/WaveDAC8_1.c **** #include "WaveDAC8_1.h"
  17:.\Generated_Source\PSoC5/WaveDAC8_1.c **** 
  18:.\Generated_Source\PSoC5/WaveDAC8_1.c **** uint8  WaveDAC8_1_initVar = 0u;
  19:.\Generated_Source\PSoC5/WaveDAC8_1.c **** 
  20:.\Generated_Source\PSoC5/WaveDAC8_1.c **** const uint8 CYCODE WaveDAC8_1_wave1[WaveDAC8_1_WAVE1_LENGTH] = { 128u,132u,138u,143u,148u,152u,158u
  21:.\Generated_Source\PSoC5/WaveDAC8_1.c **** const uint8 CYCODE WaveDAC8_1_wave2[WaveDAC8_1_WAVE2_LENGTH] = { 128u,135u,143u,151u,159u,166u,174u
  22:.\Generated_Source\PSoC5/WaveDAC8_1.c **** 
  23:.\Generated_Source\PSoC5/WaveDAC8_1.c **** static uint8  WaveDAC8_1_Wave1Chan;
  24:.\Generated_Source\PSoC5/WaveDAC8_1.c **** static uint8  WaveDAC8_1_Wave2Chan;
  25:.\Generated_Source\PSoC5/WaveDAC8_1.c **** static uint8  WaveDAC8_1_Wave1TD;
  26:.\Generated_Source\PSoC5/WaveDAC8_1.c **** static uint8  WaveDAC8_1_Wave2TD;
  27:.\Generated_Source\PSoC5/WaveDAC8_1.c **** 
  28:.\Generated_Source\PSoC5/WaveDAC8_1.c **** 
  29:.\Generated_Source\PSoC5/WaveDAC8_1.c **** /*******************************************************************************
  30:.\Generated_Source\PSoC5/WaveDAC8_1.c **** * Function Name: WaveDAC8_1_Init
  31:.\Generated_Source\PSoC5/WaveDAC8_1.c **** ********************************************************************************
  32:.\Generated_Source\PSoC5/WaveDAC8_1.c **** *
  33:.\Generated_Source\PSoC5/WaveDAC8_1.c **** * Summary:
ARM GAS  C:\Users\Mark\AppData\Local\Temp\ccKrsdHU.s 			page 6


  34:.\Generated_Source\PSoC5/WaveDAC8_1.c **** *  Initializes component with parameters set in the customizer.
  35:.\Generated_Source\PSoC5/WaveDAC8_1.c **** *
  36:.\Generated_Source\PSoC5/WaveDAC8_1.c **** * Parameters:  
  37:.\Generated_Source\PSoC5/WaveDAC8_1.c **** *  None
  38:.\Generated_Source\PSoC5/WaveDAC8_1.c **** *
  39:.\Generated_Source\PSoC5/WaveDAC8_1.c **** * Return: 
  40:.\Generated_Source\PSoC5/WaveDAC8_1.c **** *  None
  41:.\Generated_Source\PSoC5/WaveDAC8_1.c **** *
  42:.\Generated_Source\PSoC5/WaveDAC8_1.c **** *******************************************************************************/
  43:.\Generated_Source\PSoC5/WaveDAC8_1.c **** void WaveDAC8_1_Init(void) 
  44:.\Generated_Source\PSoC5/WaveDAC8_1.c **** {
 253              		.loc 1 44 0
 254              		.cfi_startproc
 255              		@ args = 0, pretend = 0, frame = 0
 256              		@ frame_needed = 1, uses_anonymous_args = 0
 257 0000 80B5     		push	{r7, lr}
 258              	.LCFI0:
 259              		.cfi_def_cfa_offset 8
 260              		.cfi_offset 7, -8
 261              		.cfi_offset 14, -4
 262 0002 00AF     		add	r7, sp, #0
 263              	.LCFI1:
 264              		.cfi_def_cfa_register 7
  45:.\Generated_Source\PSoC5/WaveDAC8_1.c **** 	WaveDAC8_1_VDAC8_Init();
 265              		.loc 1 45 0
 266 0004 FFF7FEFF 		bl	WaveDAC8_1_VDAC8_Init
  46:.\Generated_Source\PSoC5/WaveDAC8_1.c **** 	WaveDAC8_1_VDAC8_SetSpeed(WaveDAC8_1_HIGHSPEED);
 267              		.loc 1 46 0
 268 0008 4FF00200 		mov	r0, #2
 269 000c FFF7FEFF 		bl	WaveDAC8_1_VDAC8_SetSpeed
  47:.\Generated_Source\PSoC5/WaveDAC8_1.c **** 	WaveDAC8_1_VDAC8_SetRange(WaveDAC8_1_DAC_RANGE);
 270              		.loc 1 47 0
 271 0010 4FF00400 		mov	r0, #4
 272 0014 FFF7FEFF 		bl	WaveDAC8_1_VDAC8_SetRange
  48:.\Generated_Source\PSoC5/WaveDAC8_1.c **** 
  49:.\Generated_Source\PSoC5/WaveDAC8_1.c **** 	#if(WaveDAC8_1_DAC_MODE == WaveDAC8_1_CURRENT_MODE)
  50:.\Generated_Source\PSoC5/WaveDAC8_1.c **** 		WaveDAC8_1_IDAC8_SetPolarity(WaveDAC8_1_DAC_POL);
  51:.\Generated_Source\PSoC5/WaveDAC8_1.c **** 	#endif /* WaveDAC8_1_DAC_MODE == WaveDAC8_1_CURRENT_MODE */
  52:.\Generated_Source\PSoC5/WaveDAC8_1.c **** 
  53:.\Generated_Source\PSoC5/WaveDAC8_1.c **** 	#if(WaveDAC8_1_OUT_MODE == WaveDAC8_1_BUFFER_MODE)
  54:.\Generated_Source\PSoC5/WaveDAC8_1.c **** 	   WaveDAC8_1_BuffAmp_Init();
 273              		.loc 1 54 0
 274 0018 FFF7FEFF 		bl	WaveDAC8_1_BuffAmp_Init
  55:.\Generated_Source\PSoC5/WaveDAC8_1.c **** 	#endif /* WaveDAC8_1_OUT_MODE == WaveDAC8_1_BUFFER_MODE */
  56:.\Generated_Source\PSoC5/WaveDAC8_1.c **** 
  57:.\Generated_Source\PSoC5/WaveDAC8_1.c **** 	/* Get the TD Number for the DMA channel 1 and 2   */
  58:.\Generated_Source\PSoC5/WaveDAC8_1.c **** 	WaveDAC8_1_Wave1TD = CyDmaTdAllocate();
 275              		.loc 1 58 0
 276 001c FFF7FEFF 		bl	CyDmaTdAllocate
 277 0020 0346     		mov	r3, r0
 278 0022 1A46     		mov	r2, r3
 279 0024 40F20003 		movw	r3, #:lower16:WaveDAC8_1_Wave1TD
 280 0028 C0F20003 		movt	r3, #:upper16:WaveDAC8_1_Wave1TD
 281 002c 1A70     		strb	r2, [r3, #0]
  59:.\Generated_Source\PSoC5/WaveDAC8_1.c **** 	WaveDAC8_1_Wave2TD = CyDmaTdAllocate();
 282              		.loc 1 59 0
 283 002e FFF7FEFF 		bl	CyDmaTdAllocate
ARM GAS  C:\Users\Mark\AppData\Local\Temp\ccKrsdHU.s 			page 7


 284 0032 0346     		mov	r3, r0
 285 0034 1A46     		mov	r2, r3
 286 0036 40F20003 		movw	r3, #:lower16:WaveDAC8_1_Wave2TD
 287 003a C0F20003 		movt	r3, #:upper16:WaveDAC8_1_Wave2TD
 288 003e 1A70     		strb	r2, [r3, #0]
  60:.\Generated_Source\PSoC5/WaveDAC8_1.c **** 	
  61:.\Generated_Source\PSoC5/WaveDAC8_1.c **** 	/* Initialize waveform pointers  */
  62:.\Generated_Source\PSoC5/WaveDAC8_1.c **** 	WaveDAC8_1_Wave1Setup(WaveDAC8_1_wave1, WaveDAC8_1_WAVE1_LENGTH) ;
 289              		.loc 1 62 0
 290 0040 40F20000 		movw	r0, #:lower16:WaveDAC8_1_wave1
 291 0044 C0F20000 		movt	r0, #:upper16:WaveDAC8_1_wave1
 292 0048 4FF06401 		mov	r1, #100
 293 004c FFF7FEFF 		bl	WaveDAC8_1_Wave1Setup
  63:.\Generated_Source\PSoC5/WaveDAC8_1.c **** 	WaveDAC8_1_Wave2Setup(WaveDAC8_1_wave2, WaveDAC8_1_WAVE2_LENGTH) ;
 294              		.loc 1 63 0
 295 0050 40F20000 		movw	r0, #:lower16:WaveDAC8_1_wave2
 296 0054 C0F20000 		movt	r0, #:upper16:WaveDAC8_1_wave2
 297 0058 4FF06401 		mov	r1, #100
 298 005c FFF7FEFF 		bl	WaveDAC8_1_Wave2Setup
  64:.\Generated_Source\PSoC5/WaveDAC8_1.c **** 	
  65:.\Generated_Source\PSoC5/WaveDAC8_1.c **** 	/* Initialize the internal clock if one present  */
  66:.\Generated_Source\PSoC5/WaveDAC8_1.c **** 	#if defined(WaveDAC8_1_DacClk_PHASE)
  67:.\Generated_Source\PSoC5/WaveDAC8_1.c **** 	   WaveDAC8_1_DacClk_SetPhase(WaveDAC8_1_CLK_PHASE_0nS);
  68:.\Generated_Source\PSoC5/WaveDAC8_1.c **** 	#endif /* defined(WaveDAC8_1_DacClk_PHASE) */
  69:.\Generated_Source\PSoC5/WaveDAC8_1.c **** }
 299              		.loc 1 69 0
 300 0060 80BD     		pop	{r7, pc}
 301              		.cfi_endproc
 302              	.LFE0:
 303              		.size	WaveDAC8_1_Init, .-WaveDAC8_1_Init
 304 0062 00BF     		.section	.text.WaveDAC8_1_Enable,"ax",%progbits
 305              		.align	2
 306              		.global	WaveDAC8_1_Enable
 307              		.thumb
 308              		.thumb_func
 309              		.type	WaveDAC8_1_Enable, %function
 310              	WaveDAC8_1_Enable:
 311              	.LFB1:
  70:.\Generated_Source\PSoC5/WaveDAC8_1.c **** 
  71:.\Generated_Source\PSoC5/WaveDAC8_1.c **** 
  72:.\Generated_Source\PSoC5/WaveDAC8_1.c **** /*******************************************************************************
  73:.\Generated_Source\PSoC5/WaveDAC8_1.c **** * Function Name: WaveDAC8_1_Enable
  74:.\Generated_Source\PSoC5/WaveDAC8_1.c **** ********************************************************************************
  75:.\Generated_Source\PSoC5/WaveDAC8_1.c **** *  
  76:.\Generated_Source\PSoC5/WaveDAC8_1.c **** * Summary: 
  77:.\Generated_Source\PSoC5/WaveDAC8_1.c **** *  Enables the DAC block and DMA operation.
  78:.\Generated_Source\PSoC5/WaveDAC8_1.c **** *
  79:.\Generated_Source\PSoC5/WaveDAC8_1.c **** * Parameters:  
  80:.\Generated_Source\PSoC5/WaveDAC8_1.c **** *  None
  81:.\Generated_Source\PSoC5/WaveDAC8_1.c **** *
  82:.\Generated_Source\PSoC5/WaveDAC8_1.c **** * Return: 
  83:.\Generated_Source\PSoC5/WaveDAC8_1.c **** *  None
  84:.\Generated_Source\PSoC5/WaveDAC8_1.c **** *
  85:.\Generated_Source\PSoC5/WaveDAC8_1.c **** *******************************************************************************/
  86:.\Generated_Source\PSoC5/WaveDAC8_1.c **** void WaveDAC8_1_Enable(void) 
  87:.\Generated_Source\PSoC5/WaveDAC8_1.c **** {
 312              		.loc 1 87 0
ARM GAS  C:\Users\Mark\AppData\Local\Temp\ccKrsdHU.s 			page 8


 313              		.cfi_startproc
 314              		@ args = 0, pretend = 0, frame = 0
 315              		@ frame_needed = 1, uses_anonymous_args = 0
 316 0000 80B5     		push	{r7, lr}
 317              	.LCFI2:
 318              		.cfi_def_cfa_offset 8
 319              		.cfi_offset 7, -8
 320              		.cfi_offset 14, -4
 321 0002 00AF     		add	r7, sp, #0
 322              	.LCFI3:
 323              		.cfi_def_cfa_register 7
  88:.\Generated_Source\PSoC5/WaveDAC8_1.c **** 	WaveDAC8_1_VDAC8_Enable();
 324              		.loc 1 88 0
 325 0004 FFF7FEFF 		bl	WaveDAC8_1_VDAC8_Enable
  89:.\Generated_Source\PSoC5/WaveDAC8_1.c **** 
  90:.\Generated_Source\PSoC5/WaveDAC8_1.c **** 	#if(WaveDAC8_1_OUT_MODE == WaveDAC8_1_BUFFER_MODE)
  91:.\Generated_Source\PSoC5/WaveDAC8_1.c **** 	   WaveDAC8_1_BuffAmp_Enable();
 326              		.loc 1 91 0
 327 0008 FFF7FEFF 		bl	WaveDAC8_1_BuffAmp_Enable
  92:.\Generated_Source\PSoC5/WaveDAC8_1.c **** 	#endif /* WaveDAC8_1_OUT_MODE == WaveDAC8_1_BUFFER_MODE */
  93:.\Generated_Source\PSoC5/WaveDAC8_1.c **** 
  94:.\Generated_Source\PSoC5/WaveDAC8_1.c **** 	/* 
  95:.\Generated_Source\PSoC5/WaveDAC8_1.c **** 	* Enable the channel. It is configured to remember the TD value so that
  96:.\Generated_Source\PSoC5/WaveDAC8_1.c **** 	* it can be restored from the place where it has been stopped.
  97:.\Generated_Source\PSoC5/WaveDAC8_1.c **** 	*/
  98:.\Generated_Source\PSoC5/WaveDAC8_1.c **** 	(void)CyDmaChEnable(WaveDAC8_1_Wave1Chan, 1u);
 328              		.loc 1 98 0
 329 000c 40F20003 		movw	r3, #:lower16:WaveDAC8_1_Wave1Chan
 330 0010 C0F20003 		movt	r3, #:upper16:WaveDAC8_1_Wave1Chan
 331 0014 1B78     		ldrb	r3, [r3, #0]	@ zero_extendqisi2
 332 0016 1846     		mov	r0, r3
 333 0018 4FF00101 		mov	r1, #1
 334 001c FFF7FEFF 		bl	CyDmaChEnable
  99:.\Generated_Source\PSoC5/WaveDAC8_1.c **** 	(void)CyDmaChEnable(WaveDAC8_1_Wave2Chan, 1u);
 335              		.loc 1 99 0
 336 0020 40F20003 		movw	r3, #:lower16:WaveDAC8_1_Wave2Chan
 337 0024 C0F20003 		movt	r3, #:upper16:WaveDAC8_1_Wave2Chan
 338 0028 1B78     		ldrb	r3, [r3, #0]	@ zero_extendqisi2
 339 002a 1846     		mov	r0, r3
 340 002c 4FF00101 		mov	r1, #1
 341 0030 FFF7FEFF 		bl	CyDmaChEnable
 100:.\Generated_Source\PSoC5/WaveDAC8_1.c **** 	
 101:.\Generated_Source\PSoC5/WaveDAC8_1.c **** 	/* set the initial value */
 102:.\Generated_Source\PSoC5/WaveDAC8_1.c **** 	WaveDAC8_1_SetValue(0u);
 342              		.loc 1 102 0
 343 0034 4FF00000 		mov	r0, #0
 344 0038 FFF7FEFF 		bl	WaveDAC8_1_VDAC8_SetValue
 103:.\Generated_Source\PSoC5/WaveDAC8_1.c **** 	
 104:.\Generated_Source\PSoC5/WaveDAC8_1.c **** 	#if(WaveDAC8_1_CLOCK_SRC == WaveDAC8_1_CLOCK_INT)  	
 105:.\Generated_Source\PSoC5/WaveDAC8_1.c **** 	   WaveDAC8_1_DacClk_Start();
 345              		.loc 1 105 0
 346 003c FFF7FEFF 		bl	WaveDAC8_1_DacClk_Start
 106:.\Generated_Source\PSoC5/WaveDAC8_1.c **** 	#endif /* WaveDAC8_1_CLOCK_SRC == WaveDAC8_1_CLOCK_INT */
 107:.\Generated_Source\PSoC5/WaveDAC8_1.c **** }
 347              		.loc 1 107 0
 348 0040 80BD     		pop	{r7, pc}
 349              		.cfi_endproc
ARM GAS  C:\Users\Mark\AppData\Local\Temp\ccKrsdHU.s 			page 9


 350              	.LFE1:
 351              		.size	WaveDAC8_1_Enable, .-WaveDAC8_1_Enable
 352 0042 00BF     		.section	.text.WaveDAC8_1_Start,"ax",%progbits
 353              		.align	2
 354              		.global	WaveDAC8_1_Start
 355              		.thumb
 356              		.thumb_func
 357              		.type	WaveDAC8_1_Start, %function
 358              	WaveDAC8_1_Start:
 359              	.LFB2:
 108:.\Generated_Source\PSoC5/WaveDAC8_1.c **** 
 109:.\Generated_Source\PSoC5/WaveDAC8_1.c **** 
 110:.\Generated_Source\PSoC5/WaveDAC8_1.c **** /*******************************************************************************
 111:.\Generated_Source\PSoC5/WaveDAC8_1.c **** * Function Name: WaveDAC8_1_Start
 112:.\Generated_Source\PSoC5/WaveDAC8_1.c **** ********************************************************************************
 113:.\Generated_Source\PSoC5/WaveDAC8_1.c **** *
 114:.\Generated_Source\PSoC5/WaveDAC8_1.c **** * Summary:
 115:.\Generated_Source\PSoC5/WaveDAC8_1.c **** *  The start function initializes the voltage DAC with the default values, 
 116:.\Generated_Source\PSoC5/WaveDAC8_1.c **** *  and sets the power to the given level.  A power level of 0, is the same as 
 117:.\Generated_Source\PSoC5/WaveDAC8_1.c **** *  executing the stop function.
 118:.\Generated_Source\PSoC5/WaveDAC8_1.c **** *
 119:.\Generated_Source\PSoC5/WaveDAC8_1.c **** * Parameters:  
 120:.\Generated_Source\PSoC5/WaveDAC8_1.c **** *  None
 121:.\Generated_Source\PSoC5/WaveDAC8_1.c **** *
 122:.\Generated_Source\PSoC5/WaveDAC8_1.c **** * Return: 
 123:.\Generated_Source\PSoC5/WaveDAC8_1.c **** *  None
 124:.\Generated_Source\PSoC5/WaveDAC8_1.c **** *
 125:.\Generated_Source\PSoC5/WaveDAC8_1.c **** * Reentrant:
 126:.\Generated_Source\PSoC5/WaveDAC8_1.c **** *  No
 127:.\Generated_Source\PSoC5/WaveDAC8_1.c **** *
 128:.\Generated_Source\PSoC5/WaveDAC8_1.c **** *******************************************************************************/
 129:.\Generated_Source\PSoC5/WaveDAC8_1.c **** void WaveDAC8_1_Start(void) 
 130:.\Generated_Source\PSoC5/WaveDAC8_1.c **** {
 360              		.loc 1 130 0
 361              		.cfi_startproc
 362              		@ args = 0, pretend = 0, frame = 0
 363              		@ frame_needed = 1, uses_anonymous_args = 0
 364 0000 80B5     		push	{r7, lr}
 365              	.LCFI4:
 366              		.cfi_def_cfa_offset 8
 367              		.cfi_offset 7, -8
 368              		.cfi_offset 14, -4
 369 0002 00AF     		add	r7, sp, #0
 370              	.LCFI5:
 371              		.cfi_def_cfa_register 7
 131:.\Generated_Source\PSoC5/WaveDAC8_1.c **** 	/* If not Initialized then initialize all required hardware and software */
 132:.\Generated_Source\PSoC5/WaveDAC8_1.c **** 	if(WaveDAC8_1_initVar == 0u)
 372              		.loc 1 132 0
 373 0004 40F20003 		movw	r3, #:lower16:WaveDAC8_1_initVar
 374 0008 C0F20003 		movt	r3, #:upper16:WaveDAC8_1_initVar
 375 000c 1B78     		ldrb	r3, [r3, #0]	@ zero_extendqisi2
 376 000e 002B     		cmp	r3, #0
 377 0010 08D1     		bne	.L4
 133:.\Generated_Source\PSoC5/WaveDAC8_1.c **** 	{
 134:.\Generated_Source\PSoC5/WaveDAC8_1.c **** 		WaveDAC8_1_Init();
 378              		.loc 1 134 0
 379 0012 FFF7FEFF 		bl	WaveDAC8_1_Init
ARM GAS  C:\Users\Mark\AppData\Local\Temp\ccKrsdHU.s 			page 10


 135:.\Generated_Source\PSoC5/WaveDAC8_1.c **** 		WaveDAC8_1_initVar = 1u;
 380              		.loc 1 135 0
 381 0016 40F20003 		movw	r3, #:lower16:WaveDAC8_1_initVar
 382 001a C0F20003 		movt	r3, #:upper16:WaveDAC8_1_initVar
 383 001e 4FF00102 		mov	r2, #1
 384 0022 1A70     		strb	r2, [r3, #0]
 385              	.L4:
 136:.\Generated_Source\PSoC5/WaveDAC8_1.c **** 	}
 137:.\Generated_Source\PSoC5/WaveDAC8_1.c **** 	
 138:.\Generated_Source\PSoC5/WaveDAC8_1.c **** 	WaveDAC8_1_Enable();
 386              		.loc 1 138 0
 387 0024 FFF7FEFF 		bl	WaveDAC8_1_Enable
 139:.\Generated_Source\PSoC5/WaveDAC8_1.c **** }
 388              		.loc 1 139 0
 389 0028 80BD     		pop	{r7, pc}
 390              		.cfi_endproc
 391              	.LFE2:
 392              		.size	WaveDAC8_1_Start, .-WaveDAC8_1_Start
 393 002a 00BF     		.section	.text.WaveDAC8_1_StartEx,"ax",%progbits
 394              		.align	2
 395              		.global	WaveDAC8_1_StartEx
 396              		.thumb
 397              		.thumb_func
 398              		.type	WaveDAC8_1_StartEx, %function
 399              	WaveDAC8_1_StartEx:
 400              	.LFB3:
 140:.\Generated_Source\PSoC5/WaveDAC8_1.c **** 
 141:.\Generated_Source\PSoC5/WaveDAC8_1.c **** 
 142:.\Generated_Source\PSoC5/WaveDAC8_1.c **** /*******************************************************************************
 143:.\Generated_Source\PSoC5/WaveDAC8_1.c **** * Function Name: WaveDAC8_1_StartEx
 144:.\Generated_Source\PSoC5/WaveDAC8_1.c **** ********************************************************************************
 145:.\Generated_Source\PSoC5/WaveDAC8_1.c **** *
 146:.\Generated_Source\PSoC5/WaveDAC8_1.c **** * Summary:
 147:.\Generated_Source\PSoC5/WaveDAC8_1.c **** *  The StartEx function sets pointers and sizes for both waveforms
 148:.\Generated_Source\PSoC5/WaveDAC8_1.c **** *  and then starts the component.
 149:.\Generated_Source\PSoC5/WaveDAC8_1.c **** *
 150:.\Generated_Source\PSoC5/WaveDAC8_1.c **** * Parameters:  
 151:.\Generated_Source\PSoC5/WaveDAC8_1.c **** *   uint8 * wavePtr1:     Pointer to the waveform 1 array.
 152:.\Generated_Source\PSoC5/WaveDAC8_1.c **** *   uint16  sampleSize1:  The amount of samples in the waveform 1.
 153:.\Generated_Source\PSoC5/WaveDAC8_1.c **** *   uint8 * wavePtr2:     Pointer to the waveform 2 array.
 154:.\Generated_Source\PSoC5/WaveDAC8_1.c **** *   uint16  sampleSize2:  The amount of samples in the waveform 2.
 155:.\Generated_Source\PSoC5/WaveDAC8_1.c **** *
 156:.\Generated_Source\PSoC5/WaveDAC8_1.c **** * Return: 
 157:.\Generated_Source\PSoC5/WaveDAC8_1.c **** *  None
 158:.\Generated_Source\PSoC5/WaveDAC8_1.c **** *
 159:.\Generated_Source\PSoC5/WaveDAC8_1.c **** * Reentrant:
 160:.\Generated_Source\PSoC5/WaveDAC8_1.c **** *  No
 161:.\Generated_Source\PSoC5/WaveDAC8_1.c **** *
 162:.\Generated_Source\PSoC5/WaveDAC8_1.c **** *******************************************************************************/
 163:.\Generated_Source\PSoC5/WaveDAC8_1.c **** void WaveDAC8_1_StartEx(const uint8 * wavePtr1, uint16 sampleSize1, const uint8 * wavePtr2, uint16 
 164:.\Generated_Source\PSoC5/WaveDAC8_1.c **** 
 165:.\Generated_Source\PSoC5/WaveDAC8_1.c **** {
 401              		.loc 1 165 0
 402              		.cfi_startproc
 403              		@ args = 0, pretend = 0, frame = 16
 404              		@ frame_needed = 1, uses_anonymous_args = 0
 405 0000 80B5     		push	{r7, lr}
ARM GAS  C:\Users\Mark\AppData\Local\Temp\ccKrsdHU.s 			page 11


 406              	.LCFI6:
 407              		.cfi_def_cfa_offset 8
 408              		.cfi_offset 7, -8
 409              		.cfi_offset 14, -4
 410 0002 84B0     		sub	sp, sp, #16
 411              	.LCFI7:
 412              		.cfi_def_cfa_offset 24
 413 0004 00AF     		add	r7, sp, #0
 414              	.LCFI8:
 415              		.cfi_def_cfa_register 7
 416 0006 F860     		str	r0, [r7, #12]
 417 0008 7A60     		str	r2, [r7, #4]
 418 000a 0A46     		mov	r2, r1	@ movhi
 419 000c 7A81     		strh	r2, [r7, #10]	@ movhi
 420 000e 3B81     		strh	r3, [r7, #8]	@ movhi
 166:.\Generated_Source\PSoC5/WaveDAC8_1.c **** 	WaveDAC8_1_Wave1Setup(wavePtr1, sampleSize1);
 421              		.loc 1 166 0
 422 0010 7B89     		ldrh	r3, [r7, #10]
 423 0012 F868     		ldr	r0, [r7, #12]
 424 0014 1946     		mov	r1, r3
 425 0016 FFF7FEFF 		bl	WaveDAC8_1_Wave1Setup
 167:.\Generated_Source\PSoC5/WaveDAC8_1.c **** 	WaveDAC8_1_Wave2Setup(wavePtr2, sampleSize2);
 426              		.loc 1 167 0
 427 001a 3B89     		ldrh	r3, [r7, #8]
 428 001c 7868     		ldr	r0, [r7, #4]
 429 001e 1946     		mov	r1, r3
 430 0020 FFF7FEFF 		bl	WaveDAC8_1_Wave2Setup
 168:.\Generated_Source\PSoC5/WaveDAC8_1.c **** 	WaveDAC8_1_Start();
 431              		.loc 1 168 0
 432 0024 FFF7FEFF 		bl	WaveDAC8_1_Start
 169:.\Generated_Source\PSoC5/WaveDAC8_1.c **** }
 433              		.loc 1 169 0
 434 0028 07F11007 		add	r7, r7, #16
 435 002c BD46     		mov	sp, r7
 436 002e 80BD     		pop	{r7, pc}
 437              		.cfi_endproc
 438              	.LFE3:
 439              		.size	WaveDAC8_1_StartEx, .-WaveDAC8_1_StartEx
 440              		.section	.text.WaveDAC8_1_Stop,"ax",%progbits
 441              		.align	2
 442              		.global	WaveDAC8_1_Stop
 443              		.thumb
 444              		.thumb_func
 445              		.type	WaveDAC8_1_Stop, %function
 446              	WaveDAC8_1_Stop:
 447              	.LFB4:
 170:.\Generated_Source\PSoC5/WaveDAC8_1.c **** 
 171:.\Generated_Source\PSoC5/WaveDAC8_1.c **** 
 172:.\Generated_Source\PSoC5/WaveDAC8_1.c **** /*******************************************************************************
 173:.\Generated_Source\PSoC5/WaveDAC8_1.c **** * Function Name: WaveDAC8_1_Stop
 174:.\Generated_Source\PSoC5/WaveDAC8_1.c **** ********************************************************************************
 175:.\Generated_Source\PSoC5/WaveDAC8_1.c **** *
 176:.\Generated_Source\PSoC5/WaveDAC8_1.c **** * Summary:
 177:.\Generated_Source\PSoC5/WaveDAC8_1.c **** *  Stops the clock (if internal), disables the DMA channels
 178:.\Generated_Source\PSoC5/WaveDAC8_1.c **** *  and powers down the DAC.
 179:.\Generated_Source\PSoC5/WaveDAC8_1.c **** *
 180:.\Generated_Source\PSoC5/WaveDAC8_1.c **** * Parameters:  
ARM GAS  C:\Users\Mark\AppData\Local\Temp\ccKrsdHU.s 			page 12


 181:.\Generated_Source\PSoC5/WaveDAC8_1.c **** *  None  
 182:.\Generated_Source\PSoC5/WaveDAC8_1.c **** *
 183:.\Generated_Source\PSoC5/WaveDAC8_1.c **** * Return: 
 184:.\Generated_Source\PSoC5/WaveDAC8_1.c **** *  None
 185:.\Generated_Source\PSoC5/WaveDAC8_1.c **** *
 186:.\Generated_Source\PSoC5/WaveDAC8_1.c **** *******************************************************************************/
 187:.\Generated_Source\PSoC5/WaveDAC8_1.c **** void WaveDAC8_1_Stop(void) 
 188:.\Generated_Source\PSoC5/WaveDAC8_1.c **** {
 448              		.loc 1 188 0
 449              		.cfi_startproc
 450              		@ args = 0, pretend = 0, frame = 0
 451              		@ frame_needed = 1, uses_anonymous_args = 0
 452 0000 80B5     		push	{r7, lr}
 453              	.LCFI9:
 454              		.cfi_def_cfa_offset 8
 455              		.cfi_offset 7, -8
 456              		.cfi_offset 14, -4
 457 0002 00AF     		add	r7, sp, #0
 458              	.LCFI10:
 459              		.cfi_def_cfa_register 7
 189:.\Generated_Source\PSoC5/WaveDAC8_1.c **** 	/* Turn off internal clock, if one present */
 190:.\Generated_Source\PSoC5/WaveDAC8_1.c **** 	#if(WaveDAC8_1_CLOCK_SRC == WaveDAC8_1_CLOCK_INT)  	
 191:.\Generated_Source\PSoC5/WaveDAC8_1.c **** 	   WaveDAC8_1_DacClk_Stop();
 460              		.loc 1 191 0
 461 0004 FFF7FEFF 		bl	WaveDAC8_1_DacClk_Stop
 192:.\Generated_Source\PSoC5/WaveDAC8_1.c **** 	#endif /* WaveDAC8_1_CLOCK_SRC == WaveDAC8_1_CLOCK_INT */
 193:.\Generated_Source\PSoC5/WaveDAC8_1.c **** 	
 194:.\Generated_Source\PSoC5/WaveDAC8_1.c **** 	/* Disble DMA channels */
 195:.\Generated_Source\PSoC5/WaveDAC8_1.c **** 	(void)CyDmaChDisable(WaveDAC8_1_Wave1Chan);
 462              		.loc 1 195 0
 463 0008 40F20003 		movw	r3, #:lower16:WaveDAC8_1_Wave1Chan
 464 000c C0F20003 		movt	r3, #:upper16:WaveDAC8_1_Wave1Chan
 465 0010 1B78     		ldrb	r3, [r3, #0]	@ zero_extendqisi2
 466 0012 1846     		mov	r0, r3
 467 0014 FFF7FEFF 		bl	CyDmaChDisable
 196:.\Generated_Source\PSoC5/WaveDAC8_1.c **** 	(void)CyDmaChDisable(WaveDAC8_1_Wave2Chan);
 468              		.loc 1 196 0
 469 0018 40F20003 		movw	r3, #:lower16:WaveDAC8_1_Wave2Chan
 470 001c C0F20003 		movt	r3, #:upper16:WaveDAC8_1_Wave2Chan
 471 0020 1B78     		ldrb	r3, [r3, #0]	@ zero_extendqisi2
 472 0022 1846     		mov	r0, r3
 473 0024 FFF7FEFF 		bl	CyDmaChDisable
 197:.\Generated_Source\PSoC5/WaveDAC8_1.c **** 
 198:.\Generated_Source\PSoC5/WaveDAC8_1.c **** 	/* Disable power to DAC */
 199:.\Generated_Source\PSoC5/WaveDAC8_1.c **** 	WaveDAC8_1_VDAC8_Stop();
 474              		.loc 1 199 0
 475 0028 FFF7FEFF 		bl	WaveDAC8_1_VDAC8_Stop
 200:.\Generated_Source\PSoC5/WaveDAC8_1.c **** }
 476              		.loc 1 200 0
 477 002c 80BD     		pop	{r7, pc}
 478              		.cfi_endproc
 479              	.LFE4:
 480              		.size	WaveDAC8_1_Stop, .-WaveDAC8_1_Stop
 481 002e 00BF     		.section	.text.WaveDAC8_1_Wave1Setup,"ax",%progbits
 482              		.align	2
 483              		.global	WaveDAC8_1_Wave1Setup
 484              		.thumb
ARM GAS  C:\Users\Mark\AppData\Local\Temp\ccKrsdHU.s 			page 13


 485              		.thumb_func
 486              		.type	WaveDAC8_1_Wave1Setup, %function
 487              	WaveDAC8_1_Wave1Setup:
 488              	.LFB5:
 201:.\Generated_Source\PSoC5/WaveDAC8_1.c **** 
 202:.\Generated_Source\PSoC5/WaveDAC8_1.c **** 
 203:.\Generated_Source\PSoC5/WaveDAC8_1.c **** /*******************************************************************************
 204:.\Generated_Source\PSoC5/WaveDAC8_1.c **** * Function Name: WaveDAC8_1_Wave1Setup
 205:.\Generated_Source\PSoC5/WaveDAC8_1.c **** ********************************************************************************
 206:.\Generated_Source\PSoC5/WaveDAC8_1.c **** *
 207:.\Generated_Source\PSoC5/WaveDAC8_1.c **** * Summary:
 208:.\Generated_Source\PSoC5/WaveDAC8_1.c **** *  Sets pointer and size for waveform 1.                                    
 209:.\Generated_Source\PSoC5/WaveDAC8_1.c **** *
 210:.\Generated_Source\PSoC5/WaveDAC8_1.c **** * Parameters:  
 211:.\Generated_Source\PSoC5/WaveDAC8_1.c **** *  uint8 * WavePtr:     Pointer to the waveform array.
 212:.\Generated_Source\PSoC5/WaveDAC8_1.c **** *  uint16  SampleSize:  The amount of samples in the waveform.
 213:.\Generated_Source\PSoC5/WaveDAC8_1.c **** *
 214:.\Generated_Source\PSoC5/WaveDAC8_1.c **** * Return: 
 215:.\Generated_Source\PSoC5/WaveDAC8_1.c **** *  None 
 216:.\Generated_Source\PSoC5/WaveDAC8_1.c **** *
 217:.\Generated_Source\PSoC5/WaveDAC8_1.c **** *******************************************************************************/
 218:.\Generated_Source\PSoC5/WaveDAC8_1.c **** void WaveDAC8_1_Wave1Setup(const uint8 * wavePtr, uint16 sampleSize)
 219:.\Generated_Source\PSoC5/WaveDAC8_1.c **** 
 220:.\Generated_Source\PSoC5/WaveDAC8_1.c **** {
 489              		.loc 1 220 0
 490              		.cfi_startproc
 491              		@ args = 0, pretend = 0, frame = 8
 492              		@ frame_needed = 1, uses_anonymous_args = 0
 493 0000 80B5     		push	{r7, lr}
 494              	.LCFI11:
 495              		.cfi_def_cfa_offset 8
 496              		.cfi_offset 7, -8
 497              		.cfi_offset 14, -4
 498 0002 82B0     		sub	sp, sp, #8
 499              	.LCFI12:
 500              		.cfi_def_cfa_offset 16
 501 0004 00AF     		add	r7, sp, #0
 502              	.LCFI13:
 503              		.cfi_def_cfa_register 7
 504 0006 7860     		str	r0, [r7, #4]
 505 0008 0B46     		mov	r3, r1
 506 000a 7B80     		strh	r3, [r7, #2]	@ movhi
 221:.\Generated_Source\PSoC5/WaveDAC8_1.c **** 	#if (CY_PSOC3)
 222:.\Generated_Source\PSoC5/WaveDAC8_1.c **** 		uint16 memoryType; /* determining the source memory type */
 223:.\Generated_Source\PSoC5/WaveDAC8_1.c **** 		memoryType = (WaveDAC8_1_HI16FLASHPTR == HI16(wavePtr)) ? HI16(CYDEV_FLS_BASE) : HI16(CYDEV_SRAM_
 224:.\Generated_Source\PSoC5/WaveDAC8_1.c **** 		
 225:.\Generated_Source\PSoC5/WaveDAC8_1.c **** 		WaveDAC8_1_Wave1Chan = WaveDAC8_1_Wave1_DMA_DmaInitialize(
 226:.\Generated_Source\PSoC5/WaveDAC8_1.c **** 		WaveDAC8_1_Wave1_DMA_BYTES_PER_BURST, WaveDAC8_1_Wave1_DMA_REQUEST_PER_BURST,
 227:.\Generated_Source\PSoC5/WaveDAC8_1.c **** 		memoryType, HI16(CYDEV_PERIPH_BASE));
 228:.\Generated_Source\PSoC5/WaveDAC8_1.c **** 	#else /* PSoC 5 */
 229:.\Generated_Source\PSoC5/WaveDAC8_1.c **** 		WaveDAC8_1_Wave1Chan = WaveDAC8_1_Wave1_DMA_DmaInitialize(
 230:.\Generated_Source\PSoC5/WaveDAC8_1.c **** 		WaveDAC8_1_Wave1_DMA_BYTES_PER_BURST, WaveDAC8_1_Wave1_DMA_REQUEST_PER_BURST,
 231:.\Generated_Source\PSoC5/WaveDAC8_1.c **** 		HI16(wavePtr), HI16(WaveDAC8_1_DAC8__D));
 507              		.loc 1 231 0
 508 000c 7B68     		ldr	r3, [r7, #4]
 509 000e 4FEA1343 		lsr	r3, r3, #16
 229:.\Generated_Source\PSoC5/WaveDAC8_1.c **** 		WaveDAC8_1_Wave1Chan = WaveDAC8_1_Wave1_DMA_DmaInitialize(
ARM GAS  C:\Users\Mark\AppData\Local\Temp\ccKrsdHU.s 			page 14


 510              		.loc 1 229 0
 511 0012 9BB2     		uxth	r3, r3
 512 0014 4FF00100 		mov	r0, #1
 513 0018 4FF00101 		mov	r1, #1
 514 001c 1A46     		mov	r2, r3
 515 001e 4FF48043 		mov	r3, #16384
 516 0022 FFF7FEFF 		bl	WaveDAC8_1_Wave1_DMA_DmaInitialize
 517 0026 0346     		mov	r3, r0
 518 0028 1A46     		mov	r2, r3
 519 002a 40F20003 		movw	r3, #:lower16:WaveDAC8_1_Wave1Chan
 520 002e C0F20003 		movt	r3, #:upper16:WaveDAC8_1_Wave1Chan
 521 0032 1A70     		strb	r2, [r3, #0]
 232:.\Generated_Source\PSoC5/WaveDAC8_1.c **** 	#endif /* CY_PSOC3 */
 233:.\Generated_Source\PSoC5/WaveDAC8_1.c **** 	
 234:.\Generated_Source\PSoC5/WaveDAC8_1.c **** 	/*
 235:.\Generated_Source\PSoC5/WaveDAC8_1.c **** 	* TD is looping on itself. 
 236:.\Generated_Source\PSoC5/WaveDAC8_1.c ****     * Increment the source address, but not the destination address. 
 237:.\Generated_Source\PSoC5/WaveDAC8_1.c **** 	*/
 238:.\Generated_Source\PSoC5/WaveDAC8_1.c **** 	(void)CyDmaTdSetConfiguration(WaveDAC8_1_Wave1TD, sampleSize, WaveDAC8_1_Wave1TD, 
 522              		.loc 1 238 0
 523 0034 40F20003 		movw	r3, #:lower16:WaveDAC8_1_Wave1TD
 524 0038 C0F20003 		movt	r3, #:upper16:WaveDAC8_1_Wave1TD
 525 003c 1978     		ldrb	r1, [r3, #0]	@ zero_extendqisi2
 526 003e 40F20003 		movw	r3, #:lower16:WaveDAC8_1_Wave1TD
 527 0042 C0F20003 		movt	r3, #:upper16:WaveDAC8_1_Wave1TD
 528 0046 1B78     		ldrb	r3, [r3, #0]	@ zero_extendqisi2
 529 0048 7A88     		ldrh	r2, [r7, #2]
 530 004a 0846     		mov	r0, r1
 531 004c 1146     		mov	r1, r2
 532 004e 1A46     		mov	r2, r3
 533 0050 4FF00103 		mov	r3, #1
 534 0054 FFF7FEFF 		bl	CyDmaTdSetConfiguration
 239:.\Generated_Source\PSoC5/WaveDAC8_1.c ****                                     (uint8)CY_DMA_TD_INC_SRC_ADR | (uint8)WaveDAC8_1_Wave1_DMA__TD_
 240:.\Generated_Source\PSoC5/WaveDAC8_1.c **** 	
 241:.\Generated_Source\PSoC5/WaveDAC8_1.c **** 	/* Set the TD source and destination address */
 242:.\Generated_Source\PSoC5/WaveDAC8_1.c **** 	(void)CyDmaTdSetAddress(WaveDAC8_1_Wave1TD, LO16((uint32)wavePtr), LO16(WaveDAC8_1_DAC8__D));
 535              		.loc 1 242 0
 536 0058 40F20003 		movw	r3, #:lower16:WaveDAC8_1_Wave1TD
 537 005c C0F20003 		movt	r3, #:upper16:WaveDAC8_1_Wave1TD
 538 0060 1A78     		ldrb	r2, [r3, #0]	@ zero_extendqisi2
 539 0062 7B68     		ldr	r3, [r7, #4]
 540 0064 9BB2     		uxth	r3, r3
 541 0066 1046     		mov	r0, r2
 542 0068 1946     		mov	r1, r3
 543 006a 45F68132 		movw	r2, #23425
 544 006e FFF7FEFF 		bl	CyDmaTdSetAddress
 243:.\Generated_Source\PSoC5/WaveDAC8_1.c **** 	
 244:.\Generated_Source\PSoC5/WaveDAC8_1.c **** 	/* Associate the TD with the channel */
 245:.\Generated_Source\PSoC5/WaveDAC8_1.c **** 	(void)CyDmaChSetInitialTd(WaveDAC8_1_Wave1Chan, WaveDAC8_1_Wave1TD);
 545              		.loc 1 245 0
 546 0072 40F20003 		movw	r3, #:lower16:WaveDAC8_1_Wave1Chan
 547 0076 C0F20003 		movt	r3, #:upper16:WaveDAC8_1_Wave1Chan
 548 007a 1A78     		ldrb	r2, [r3, #0]	@ zero_extendqisi2
 549 007c 40F20003 		movw	r3, #:lower16:WaveDAC8_1_Wave1TD
 550 0080 C0F20003 		movt	r3, #:upper16:WaveDAC8_1_Wave1TD
 551 0084 1B78     		ldrb	r3, [r3, #0]	@ zero_extendqisi2
 552 0086 1046     		mov	r0, r2
ARM GAS  C:\Users\Mark\AppData\Local\Temp\ccKrsdHU.s 			page 15


 553 0088 1946     		mov	r1, r3
 554 008a FFF7FEFF 		bl	CyDmaChSetInitialTd
 246:.\Generated_Source\PSoC5/WaveDAC8_1.c **** }
 555              		.loc 1 246 0
 556 008e 07F10807 		add	r7, r7, #8
 557 0092 BD46     		mov	sp, r7
 558 0094 80BD     		pop	{r7, pc}
 559              		.cfi_endproc
 560              	.LFE5:
 561              		.size	WaveDAC8_1_Wave1Setup, .-WaveDAC8_1_Wave1Setup
 562 0096 00BF     		.section	.text.WaveDAC8_1_Wave2Setup,"ax",%progbits
 563              		.align	2
 564              		.global	WaveDAC8_1_Wave2Setup
 565              		.thumb
 566              		.thumb_func
 567              		.type	WaveDAC8_1_Wave2Setup, %function
 568              	WaveDAC8_1_Wave2Setup:
 569              	.LFB6:
 247:.\Generated_Source\PSoC5/WaveDAC8_1.c **** 
 248:.\Generated_Source\PSoC5/WaveDAC8_1.c **** 
 249:.\Generated_Source\PSoC5/WaveDAC8_1.c **** /*******************************************************************************
 250:.\Generated_Source\PSoC5/WaveDAC8_1.c **** * Function Name: WaveDAC8_1_Wave2Setup
 251:.\Generated_Source\PSoC5/WaveDAC8_1.c **** ********************************************************************************
 252:.\Generated_Source\PSoC5/WaveDAC8_1.c **** *
 253:.\Generated_Source\PSoC5/WaveDAC8_1.c **** * Summary:
 254:.\Generated_Source\PSoC5/WaveDAC8_1.c **** *  Sets pointer and size for waveform 2.                                    
 255:.\Generated_Source\PSoC5/WaveDAC8_1.c **** *
 256:.\Generated_Source\PSoC5/WaveDAC8_1.c **** * Parameters:  
 257:.\Generated_Source\PSoC5/WaveDAC8_1.c **** *  uint8 * WavePtr:     Pointer to the waveform array.
 258:.\Generated_Source\PSoC5/WaveDAC8_1.c **** *  uint16  SampleSize:  The amount of samples in the waveform.
 259:.\Generated_Source\PSoC5/WaveDAC8_1.c **** *
 260:.\Generated_Source\PSoC5/WaveDAC8_1.c **** * Return: 
 261:.\Generated_Source\PSoC5/WaveDAC8_1.c **** *  None
 262:.\Generated_Source\PSoC5/WaveDAC8_1.c **** *
 263:.\Generated_Source\PSoC5/WaveDAC8_1.c **** *******************************************************************************/
 264:.\Generated_Source\PSoC5/WaveDAC8_1.c **** void WaveDAC8_1_Wave2Setup(const uint8 * wavePtr, uint16 sampleSize)
 265:.\Generated_Source\PSoC5/WaveDAC8_1.c ****  
 266:.\Generated_Source\PSoC5/WaveDAC8_1.c **** {
 570              		.loc 1 266 0
 571              		.cfi_startproc
 572              		@ args = 0, pretend = 0, frame = 8
 573              		@ frame_needed = 1, uses_anonymous_args = 0
 574 0000 80B5     		push	{r7, lr}
 575              	.LCFI14:
 576              		.cfi_def_cfa_offset 8
 577              		.cfi_offset 7, -8
 578              		.cfi_offset 14, -4
 579 0002 82B0     		sub	sp, sp, #8
 580              	.LCFI15:
 581              		.cfi_def_cfa_offset 16
 582 0004 00AF     		add	r7, sp, #0
 583              	.LCFI16:
 584              		.cfi_def_cfa_register 7
 585 0006 7860     		str	r0, [r7, #4]
 586 0008 0B46     		mov	r3, r1
 587 000a 7B80     		strh	r3, [r7, #2]	@ movhi
 267:.\Generated_Source\PSoC5/WaveDAC8_1.c **** 	#if (CY_PSOC3)
ARM GAS  C:\Users\Mark\AppData\Local\Temp\ccKrsdHU.s 			page 16


 268:.\Generated_Source\PSoC5/WaveDAC8_1.c **** 		uint16 memoryType; /* determining the source memory type */
 269:.\Generated_Source\PSoC5/WaveDAC8_1.c **** 		memoryType = (WaveDAC8_1_HI16FLASHPTR == HI16(wavePtr)) ? HI16(CYDEV_FLS_BASE) : HI16(CYDEV_SRAM_
 270:.\Generated_Source\PSoC5/WaveDAC8_1.c **** 			
 271:.\Generated_Source\PSoC5/WaveDAC8_1.c **** 		WaveDAC8_1_Wave2Chan = WaveDAC8_1_Wave2_DMA_DmaInitialize(
 272:.\Generated_Source\PSoC5/WaveDAC8_1.c **** 		WaveDAC8_1_Wave2_DMA_BYTES_PER_BURST, WaveDAC8_1_Wave2_DMA_REQUEST_PER_BURST,
 273:.\Generated_Source\PSoC5/WaveDAC8_1.c **** 		memoryType, HI16(CYDEV_PERIPH_BASE));
 274:.\Generated_Source\PSoC5/WaveDAC8_1.c **** 	#else /* PSoC 5 */
 275:.\Generated_Source\PSoC5/WaveDAC8_1.c **** 		WaveDAC8_1_Wave2Chan = WaveDAC8_1_Wave2_DMA_DmaInitialize(
 276:.\Generated_Source\PSoC5/WaveDAC8_1.c **** 		WaveDAC8_1_Wave2_DMA_BYTES_PER_BURST, WaveDAC8_1_Wave2_DMA_REQUEST_PER_BURST,
 277:.\Generated_Source\PSoC5/WaveDAC8_1.c **** 		HI16(wavePtr), HI16(WaveDAC8_1_DAC8__D));
 588              		.loc 1 277 0
 589 000c 7B68     		ldr	r3, [r7, #4]
 590 000e 4FEA1343 		lsr	r3, r3, #16
 275:.\Generated_Source\PSoC5/WaveDAC8_1.c **** 		WaveDAC8_1_Wave2Chan = WaveDAC8_1_Wave2_DMA_DmaInitialize(
 591              		.loc 1 275 0
 592 0012 9BB2     		uxth	r3, r3
 593 0014 4FF00100 		mov	r0, #1
 594 0018 4FF00101 		mov	r1, #1
 595 001c 1A46     		mov	r2, r3
 596 001e 4FF48043 		mov	r3, #16384
 597 0022 FFF7FEFF 		bl	WaveDAC8_1_Wave2_DMA_DmaInitialize
 598 0026 0346     		mov	r3, r0
 599 0028 1A46     		mov	r2, r3
 600 002a 40F20003 		movw	r3, #:lower16:WaveDAC8_1_Wave2Chan
 601 002e C0F20003 		movt	r3, #:upper16:WaveDAC8_1_Wave2Chan
 602 0032 1A70     		strb	r2, [r3, #0]
 278:.\Generated_Source\PSoC5/WaveDAC8_1.c **** 	#endif /* CY_PSOC3 */
 279:.\Generated_Source\PSoC5/WaveDAC8_1.c **** 	
 280:.\Generated_Source\PSoC5/WaveDAC8_1.c **** 	/*
 281:.\Generated_Source\PSoC5/WaveDAC8_1.c **** 	* TD is looping on itself. 
 282:.\Generated_Source\PSoC5/WaveDAC8_1.c **** 	* Increment the source address, but not the destination address. 
 283:.\Generated_Source\PSoC5/WaveDAC8_1.c **** 	*/
 284:.\Generated_Source\PSoC5/WaveDAC8_1.c **** 	(void)CyDmaTdSetConfiguration(WaveDAC8_1_Wave2TD, sampleSize, WaveDAC8_1_Wave2TD, 
 603              		.loc 1 284 0
 604 0034 40F20003 		movw	r3, #:lower16:WaveDAC8_1_Wave2TD
 605 0038 C0F20003 		movt	r3, #:upper16:WaveDAC8_1_Wave2TD
 606 003c 1978     		ldrb	r1, [r3, #0]	@ zero_extendqisi2
 607 003e 40F20003 		movw	r3, #:lower16:WaveDAC8_1_Wave2TD
 608 0042 C0F20003 		movt	r3, #:upper16:WaveDAC8_1_Wave2TD
 609 0046 1B78     		ldrb	r3, [r3, #0]	@ zero_extendqisi2
 610 0048 7A88     		ldrh	r2, [r7, #2]
 611 004a 0846     		mov	r0, r1
 612 004c 1146     		mov	r1, r2
 613 004e 1A46     		mov	r2, r3
 614 0050 4FF00103 		mov	r3, #1
 615 0054 FFF7FEFF 		bl	CyDmaTdSetConfiguration
 285:.\Generated_Source\PSoC5/WaveDAC8_1.c ****                                     (uint8)CY_DMA_TD_INC_SRC_ADR | (uint8)WaveDAC8_1_Wave2_DMA__TD_
 286:.\Generated_Source\PSoC5/WaveDAC8_1.c **** 	
 287:.\Generated_Source\PSoC5/WaveDAC8_1.c **** 	/* Set the TD source and destination address */
 288:.\Generated_Source\PSoC5/WaveDAC8_1.c **** 	(void)CyDmaTdSetAddress(WaveDAC8_1_Wave2TD, LO16((uint32)wavePtr), LO16(WaveDAC8_1_DAC8__D));
 616              		.loc 1 288 0
 617 0058 40F20003 		movw	r3, #:lower16:WaveDAC8_1_Wave2TD
 618 005c C0F20003 		movt	r3, #:upper16:WaveDAC8_1_Wave2TD
 619 0060 1A78     		ldrb	r2, [r3, #0]	@ zero_extendqisi2
 620 0062 7B68     		ldr	r3, [r7, #4]
 621 0064 9BB2     		uxth	r3, r3
 622 0066 1046     		mov	r0, r2
ARM GAS  C:\Users\Mark\AppData\Local\Temp\ccKrsdHU.s 			page 17


 623 0068 1946     		mov	r1, r3
 624 006a 45F68132 		movw	r2, #23425
 625 006e FFF7FEFF 		bl	CyDmaTdSetAddress
 289:.\Generated_Source\PSoC5/WaveDAC8_1.c **** 	
 290:.\Generated_Source\PSoC5/WaveDAC8_1.c **** 	/* Associate the TD with the channel */
 291:.\Generated_Source\PSoC5/WaveDAC8_1.c **** 	(void)CyDmaChSetInitialTd(WaveDAC8_1_Wave2Chan, WaveDAC8_1_Wave2TD);
 626              		.loc 1 291 0
 627 0072 40F20003 		movw	r3, #:lower16:WaveDAC8_1_Wave2Chan
 628 0076 C0F20003 		movt	r3, #:upper16:WaveDAC8_1_Wave2Chan
 629 007a 1A78     		ldrb	r2, [r3, #0]	@ zero_extendqisi2
 630 007c 40F20003 		movw	r3, #:lower16:WaveDAC8_1_Wave2TD
 631 0080 C0F20003 		movt	r3, #:upper16:WaveDAC8_1_Wave2TD
 632 0084 1B78     		ldrb	r3, [r3, #0]	@ zero_extendqisi2
 633 0086 1046     		mov	r0, r2
 634 0088 1946     		mov	r1, r3
 635 008a FFF7FEFF 		bl	CyDmaChSetInitialTd
 292:.\Generated_Source\PSoC5/WaveDAC8_1.c **** }
 636              		.loc 1 292 0
 637 008e 07F10807 		add	r7, r7, #8
 638 0092 BD46     		mov	sp, r7
 639 0094 80BD     		pop	{r7, pc}
 640              		.cfi_endproc
 641              	.LFE6:
 642              		.size	WaveDAC8_1_Wave2Setup, .-WaveDAC8_1_Wave2Setup
 643 0096 00BF     		.text
 644              	.Letext0:
 645              		.file 2 ".\\Generated_Source\\PSoC5\\cytypes.h"
 646              		.section	.debug_info,"",%progbits
 647              	.Ldebug_info0:
 648 0000 64020000 		.4byte	0x264
 649 0004 0200     		.2byte	0x2
 650 0006 00000000 		.4byte	.Ldebug_abbrev0
 651 000a 04       		.byte	0x4
 652 000b 01       		.uleb128 0x1
 653 000c 43020000 		.4byte	.LASF36
 654 0010 01       		.byte	0x1
 655 0011 D3010000 		.4byte	.LASF37
 656 0015 9A000000 		.4byte	.LASF38
 657 0019 00000000 		.4byte	.Ldebug_ranges0+0
 658 001d 00000000 		.4byte	0
 659 0021 00000000 		.4byte	0
 660 0025 00000000 		.4byte	.Ldebug_line0
 661 0029 02       		.uleb128 0x2
 662 002a 01       		.byte	0x1
 663 002b 06       		.byte	0x6
 664 002c AA020000 		.4byte	.LASF0
 665 0030 02       		.uleb128 0x2
 666 0031 01       		.byte	0x1
 667 0032 08       		.byte	0x8
 668 0033 72010000 		.4byte	.LASF1
 669 0037 02       		.uleb128 0x2
 670 0038 02       		.byte	0x2
 671 0039 05       		.byte	0x5
 672 003a 5A010000 		.4byte	.LASF2
 673 003e 02       		.uleb128 0x2
 674 003f 02       		.byte	0x2
 675 0040 07       		.byte	0x7
ARM GAS  C:\Users\Mark\AppData\Local\Temp\ccKrsdHU.s 			page 18


 676 0041 38000000 		.4byte	.LASF3
 677 0045 02       		.uleb128 0x2
 678 0046 04       		.byte	0x4
 679 0047 05       		.byte	0x5
 680 0048 A1020000 		.4byte	.LASF4
 681 004c 02       		.uleb128 0x2
 682 004d 04       		.byte	0x4
 683 004e 07       		.byte	0x7
 684 004f F5000000 		.4byte	.LASF5
 685 0053 02       		.uleb128 0x2
 686 0054 08       		.byte	0x8
 687 0055 05       		.byte	0x5
 688 0056 C0010000 		.4byte	.LASF6
 689 005a 02       		.uleb128 0x2
 690 005b 08       		.byte	0x8
 691 005c 07       		.byte	0x7
 692 005d 8D010000 		.4byte	.LASF7
 693 0061 03       		.uleb128 0x3
 694 0062 04       		.byte	0x4
 695 0063 05       		.byte	0x5
 696 0064 696E7400 		.ascii	"int\000"
 697 0068 02       		.uleb128 0x2
 698 0069 04       		.byte	0x4
 699 006a 07       		.byte	0x7
 700 006b 80010000 		.4byte	.LASF8
 701 006f 04       		.uleb128 0x4
 702 0070 0F010000 		.4byte	.LASF9
 703 0074 02       		.byte	0x2
 704 0075 5B       		.byte	0x5b
 705 0076 30000000 		.4byte	0x30
 706 007a 04       		.uleb128 0x4
 707 007b 64010000 		.4byte	.LASF10
 708 007f 02       		.byte	0x2
 709 0080 5C       		.byte	0x5c
 710 0081 3E000000 		.4byte	0x3e
 711 0085 04       		.uleb128 0x4
 712 0086 6B010000 		.4byte	.LASF11
 713 008a 02       		.byte	0x2
 714 008b 5D       		.byte	0x5d
 715 008c 4C000000 		.4byte	0x4c
 716 0090 02       		.uleb128 0x2
 717 0091 04       		.byte	0x4
 718 0092 04       		.byte	0x4
 719 0093 81000000 		.4byte	.LASF12
 720 0097 02       		.uleb128 0x2
 721 0098 08       		.byte	0x8
 722 0099 04       		.byte	0x4
 723 009a 43010000 		.4byte	.LASF13
 724 009e 02       		.uleb128 0x2
 725 009f 01       		.byte	0x1
 726 00a0 08       		.byte	0x8
 727 00a1 CE010000 		.4byte	.LASF14
 728 00a5 02       		.uleb128 0x2
 729 00a6 04       		.byte	0x4
 730 00a7 07       		.byte	0x7
 731 00a8 B7010000 		.4byte	.LASF15
 732 00ac 05       		.uleb128 0x5
ARM GAS  C:\Users\Mark\AppData\Local\Temp\ccKrsdHU.s 			page 19


 733 00ad 01       		.byte	0x1
 734 00ae 28000000 		.4byte	.LASF16
 735 00b2 01       		.byte	0x1
 736 00b3 2B       		.byte	0x2b
 737 00b4 01       		.byte	0x1
 738 00b5 00000000 		.4byte	.LFB0
 739 00b9 62000000 		.4byte	.LFE0
 740 00bd 00000000 		.4byte	.LLST0
 741 00c1 01       		.byte	0x1
 742 00c2 05       		.uleb128 0x5
 743 00c3 01       		.byte	0x1
 744 00c4 0F020000 		.4byte	.LASF17
 745 00c8 01       		.byte	0x1
 746 00c9 56       		.byte	0x56
 747 00ca 01       		.byte	0x1
 748 00cb 00000000 		.4byte	.LFB1
 749 00cf 42000000 		.4byte	.LFE1
 750 00d3 2C000000 		.4byte	.LLST1
 751 00d7 01       		.byte	0x1
 752 00d8 05       		.uleb128 0x5
 753 00d9 01       		.byte	0x1
 754 00da 4B000000 		.4byte	.LASF18
 755 00de 01       		.byte	0x1
 756 00df 81       		.byte	0x81
 757 00e0 01       		.byte	0x1
 758 00e1 00000000 		.4byte	.LFB2
 759 00e5 2A000000 		.4byte	.LFE2
 760 00e9 58000000 		.4byte	.LLST2
 761 00ed 01       		.byte	0x1
 762 00ee 06       		.uleb128 0x6
 763 00ef 01       		.byte	0x1
 764 00f0 6E000000 		.4byte	.LASF24
 765 00f4 01       		.byte	0x1
 766 00f5 A3       		.byte	0xa3
 767 00f6 01       		.byte	0x1
 768 00f7 00000000 		.4byte	.LFB3
 769 00fb 30000000 		.4byte	.LFE3
 770 00ff 84000000 		.4byte	.LLST3
 771 0103 01       		.byte	0x1
 772 0104 41010000 		.4byte	0x141
 773 0108 07       		.uleb128 0x7
 774 0109 5C000000 		.4byte	.LASF19
 775 010d 01       		.byte	0x1
 776 010e A3       		.byte	0xa3
 777 010f 41010000 		.4byte	0x141
 778 0113 02       		.byte	0x2
 779 0114 91       		.byte	0x91
 780 0115 74       		.sleb128 -12
 781 0116 07       		.uleb128 0x7
 782 0117 15010000 		.4byte	.LASF20
 783 011b 01       		.byte	0x1
 784 011c A3       		.byte	0xa3
 785 011d 7A000000 		.4byte	0x7a
 786 0121 02       		.byte	0x2
 787 0122 91       		.byte	0x91
 788 0123 72       		.sleb128 -14
 789 0124 07       		.uleb128 0x7
ARM GAS  C:\Users\Mark\AppData\Local\Temp\ccKrsdHU.s 			page 20


 790 0125 65000000 		.4byte	.LASF21
 791 0129 01       		.byte	0x1
 792 012a A3       		.byte	0xa3
 793 012b 41010000 		.4byte	0x141
 794 012f 02       		.byte	0x2
 795 0130 91       		.byte	0x91
 796 0131 6C       		.sleb128 -20
 797 0132 07       		.uleb128 0x7
 798 0133 21010000 		.4byte	.LASF22
 799 0137 01       		.byte	0x1
 800 0138 A3       		.byte	0xa3
 801 0139 7A000000 		.4byte	0x7a
 802 013d 02       		.byte	0x2
 803 013e 91       		.byte	0x91
 804 013f 70       		.sleb128 -16
 805 0140 00       		.byte	0
 806 0141 08       		.uleb128 0x8
 807 0142 04       		.byte	0x4
 808 0143 47010000 		.4byte	0x147
 809 0147 09       		.uleb128 0x9
 810 0148 6F000000 		.4byte	0x6f
 811 014c 05       		.uleb128 0x5
 812 014d 01       		.byte	0x1
 813 014e 4A010000 		.4byte	.LASF23
 814 0152 01       		.byte	0x1
 815 0153 BB       		.byte	0xbb
 816 0154 01       		.byte	0x1
 817 0155 00000000 		.4byte	.LFB4
 818 0159 2E000000 		.4byte	.LFE4
 819 015d BC000000 		.4byte	.LLST4
 820 0161 01       		.byte	0x1
 821 0162 06       		.uleb128 0x6
 822 0163 01       		.byte	0x1
 823 0164 2D010000 		.4byte	.LASF25
 824 0168 01       		.byte	0x1
 825 0169 DA       		.byte	0xda
 826 016a 01       		.byte	0x1
 827 016b 00000000 		.4byte	.LFB5
 828 016f 96000000 		.4byte	.LFE5
 829 0173 E8000000 		.4byte	.LLST5
 830 0177 01       		.byte	0x1
 831 0178 99010000 		.4byte	0x199
 832 017c 07       		.uleb128 0x7
 833 017d 07010000 		.4byte	.LASF26
 834 0181 01       		.byte	0x1
 835 0182 DA       		.byte	0xda
 836 0183 41010000 		.4byte	0x141
 837 0187 02       		.byte	0x2
 838 0188 91       		.byte	0x91
 839 0189 74       		.sleb128 -12
 840 018a 07       		.uleb128 0x7
 841 018b EA000000 		.4byte	.LASF27
 842 018f 01       		.byte	0x1
 843 0190 DA       		.byte	0xda
 844 0191 7A000000 		.4byte	0x7a
 845 0195 02       		.byte	0x2
 846 0196 91       		.byte	0x91
ARM GAS  C:\Users\Mark\AppData\Local\Temp\ccKrsdHU.s 			page 21


 847 0197 72       		.sleb128 -14
 848 0198 00       		.byte	0
 849 0199 0A       		.uleb128 0xa
 850 019a 01       		.byte	0x1
 851 019b F9010000 		.4byte	.LASF28
 852 019f 01       		.byte	0x1
 853 01a0 0801     		.2byte	0x108
 854 01a2 01       		.byte	0x1
 855 01a3 00000000 		.4byte	.LFB6
 856 01a7 96000000 		.4byte	.LFE6
 857 01ab 20010000 		.4byte	.LLST6
 858 01af 01       		.byte	0x1
 859 01b0 D3010000 		.4byte	0x1d3
 860 01b4 0B       		.uleb128 0xb
 861 01b5 07010000 		.4byte	.LASF26
 862 01b9 01       		.byte	0x1
 863 01ba 0801     		.2byte	0x108
 864 01bc 41010000 		.4byte	0x141
 865 01c0 02       		.byte	0x2
 866 01c1 91       		.byte	0x91
 867 01c2 74       		.sleb128 -12
 868 01c3 0B       		.uleb128 0xb
 869 01c4 EA000000 		.4byte	.LASF27
 870 01c8 01       		.byte	0x1
 871 01c9 0801     		.2byte	0x108
 872 01cb 7A000000 		.4byte	0x7a
 873 01cf 02       		.byte	0x2
 874 01d0 91       		.byte	0x91
 875 01d1 72       		.sleb128 -14
 876 01d2 00       		.byte	0
 877 01d3 0C       		.uleb128 0xc
 878 01d4 8C020000 		.4byte	.LASF29
 879 01d8 01       		.byte	0x1
 880 01d9 17       		.byte	0x17
 881 01da 6F000000 		.4byte	0x6f
 882 01de 05       		.byte	0x5
 883 01df 03       		.byte	0x3
 884 01e0 01000000 		.4byte	WaveDAC8_1_Wave1Chan
 885 01e4 0C       		.uleb128 0xc
 886 01e5 13000000 		.4byte	.LASF30
 887 01e9 01       		.byte	0x1
 888 01ea 18       		.byte	0x18
 889 01eb 6F000000 		.4byte	0x6f
 890 01ef 05       		.byte	0x5
 891 01f0 03       		.byte	0x3
 892 01f1 02000000 		.4byte	WaveDAC8_1_Wave2Chan
 893 01f5 0C       		.uleb128 0xc
 894 01f6 87000000 		.4byte	.LASF31
 895 01fa 01       		.byte	0x1
 896 01fb 19       		.byte	0x19
 897 01fc 6F000000 		.4byte	0x6f
 898 0200 05       		.byte	0x5
 899 0201 03       		.byte	0x3
 900 0202 03000000 		.4byte	WaveDAC8_1_Wave1TD
 901 0206 0C       		.uleb128 0xc
 902 0207 A4010000 		.4byte	.LASF32
 903 020b 01       		.byte	0x1
ARM GAS  C:\Users\Mark\AppData\Local\Temp\ccKrsdHU.s 			page 22


 904 020c 1A       		.byte	0x1a
 905 020d 6F000000 		.4byte	0x6f
 906 0211 05       		.byte	0x5
 907 0212 03       		.byte	0x3
 908 0213 04000000 		.4byte	WaveDAC8_1_Wave2TD
 909 0217 0D       		.uleb128 0xd
 910 0218 00000000 		.4byte	.LASF33
 911 021c 01       		.byte	0x1
 912 021d 12       		.byte	0x12
 913 021e 6F000000 		.4byte	0x6f
 914 0222 01       		.byte	0x1
 915 0223 05       		.byte	0x5
 916 0224 03       		.byte	0x3
 917 0225 00000000 		.4byte	WaveDAC8_1_initVar
 918 0229 0E       		.uleb128 0xe
 919 022a 6F000000 		.4byte	0x6f
 920 022e 39020000 		.4byte	0x239
 921 0232 0F       		.uleb128 0xf
 922 0233 A5000000 		.4byte	0xa5
 923 0237 63       		.byte	0x63
 924 0238 00       		.byte	0
 925 0239 0D       		.uleb128 0xd
 926 023a 21020000 		.4byte	.LASF34
 927 023e 01       		.byte	0x1
 928 023f 14       		.byte	0x14
 929 0240 4B020000 		.4byte	0x24b
 930 0244 01       		.byte	0x1
 931 0245 05       		.byte	0x5
 932 0246 03       		.byte	0x3
 933 0247 00000000 		.4byte	WaveDAC8_1_wave1
 934 024b 09       		.uleb128 0x9
 935 024c 29020000 		.4byte	0x229
 936 0250 0D       		.uleb128 0xd
 937 0251 32020000 		.4byte	.LASF35
 938 0255 01       		.byte	0x1
 939 0256 15       		.byte	0x15
 940 0257 62020000 		.4byte	0x262
 941 025b 01       		.byte	0x1
 942 025c 05       		.byte	0x5
 943 025d 03       		.byte	0x3
 944 025e 00000000 		.4byte	WaveDAC8_1_wave2
 945 0262 09       		.uleb128 0x9
 946 0263 29020000 		.4byte	0x229
 947 0267 00       		.byte	0
 948              		.section	.debug_abbrev,"",%progbits
 949              	.Ldebug_abbrev0:
 950 0000 01       		.uleb128 0x1
 951 0001 11       		.uleb128 0x11
 952 0002 01       		.byte	0x1
 953 0003 25       		.uleb128 0x25
 954 0004 0E       		.uleb128 0xe
 955 0005 13       		.uleb128 0x13
 956 0006 0B       		.uleb128 0xb
 957 0007 03       		.uleb128 0x3
 958 0008 0E       		.uleb128 0xe
 959 0009 1B       		.uleb128 0x1b
 960 000a 0E       		.uleb128 0xe
ARM GAS  C:\Users\Mark\AppData\Local\Temp\ccKrsdHU.s 			page 23


 961 000b 55       		.uleb128 0x55
 962 000c 06       		.uleb128 0x6
 963 000d 11       		.uleb128 0x11
 964 000e 01       		.uleb128 0x1
 965 000f 52       		.uleb128 0x52
 966 0010 01       		.uleb128 0x1
 967 0011 10       		.uleb128 0x10
 968 0012 06       		.uleb128 0x6
 969 0013 00       		.byte	0
 970 0014 00       		.byte	0
 971 0015 02       		.uleb128 0x2
 972 0016 24       		.uleb128 0x24
 973 0017 00       		.byte	0
 974 0018 0B       		.uleb128 0xb
 975 0019 0B       		.uleb128 0xb
 976 001a 3E       		.uleb128 0x3e
 977 001b 0B       		.uleb128 0xb
 978 001c 03       		.uleb128 0x3
 979 001d 0E       		.uleb128 0xe
 980 001e 00       		.byte	0
 981 001f 00       		.byte	0
 982 0020 03       		.uleb128 0x3
 983 0021 24       		.uleb128 0x24
 984 0022 00       		.byte	0
 985 0023 0B       		.uleb128 0xb
 986 0024 0B       		.uleb128 0xb
 987 0025 3E       		.uleb128 0x3e
 988 0026 0B       		.uleb128 0xb
 989 0027 03       		.uleb128 0x3
 990 0028 08       		.uleb128 0x8
 991 0029 00       		.byte	0
 992 002a 00       		.byte	0
 993 002b 04       		.uleb128 0x4
 994 002c 16       		.uleb128 0x16
 995 002d 00       		.byte	0
 996 002e 03       		.uleb128 0x3
 997 002f 0E       		.uleb128 0xe
 998 0030 3A       		.uleb128 0x3a
 999 0031 0B       		.uleb128 0xb
 1000 0032 3B       		.uleb128 0x3b
 1001 0033 0B       		.uleb128 0xb
 1002 0034 49       		.uleb128 0x49
 1003 0035 13       		.uleb128 0x13
 1004 0036 00       		.byte	0
 1005 0037 00       		.byte	0
 1006 0038 05       		.uleb128 0x5
 1007 0039 2E       		.uleb128 0x2e
 1008 003a 00       		.byte	0
 1009 003b 3F       		.uleb128 0x3f
 1010 003c 0C       		.uleb128 0xc
 1011 003d 03       		.uleb128 0x3
 1012 003e 0E       		.uleb128 0xe
 1013 003f 3A       		.uleb128 0x3a
 1014 0040 0B       		.uleb128 0xb
 1015 0041 3B       		.uleb128 0x3b
 1016 0042 0B       		.uleb128 0xb
 1017 0043 27       		.uleb128 0x27
ARM GAS  C:\Users\Mark\AppData\Local\Temp\ccKrsdHU.s 			page 24


 1018 0044 0C       		.uleb128 0xc
 1019 0045 11       		.uleb128 0x11
 1020 0046 01       		.uleb128 0x1
 1021 0047 12       		.uleb128 0x12
 1022 0048 01       		.uleb128 0x1
 1023 0049 40       		.uleb128 0x40
 1024 004a 06       		.uleb128 0x6
 1025 004b 9642     		.uleb128 0x2116
 1026 004d 0C       		.uleb128 0xc
 1027 004e 00       		.byte	0
 1028 004f 00       		.byte	0
 1029 0050 06       		.uleb128 0x6
 1030 0051 2E       		.uleb128 0x2e
 1031 0052 01       		.byte	0x1
 1032 0053 3F       		.uleb128 0x3f
 1033 0054 0C       		.uleb128 0xc
 1034 0055 03       		.uleb128 0x3
 1035 0056 0E       		.uleb128 0xe
 1036 0057 3A       		.uleb128 0x3a
 1037 0058 0B       		.uleb128 0xb
 1038 0059 3B       		.uleb128 0x3b
 1039 005a 0B       		.uleb128 0xb
 1040 005b 27       		.uleb128 0x27
 1041 005c 0C       		.uleb128 0xc
 1042 005d 11       		.uleb128 0x11
 1043 005e 01       		.uleb128 0x1
 1044 005f 12       		.uleb128 0x12
 1045 0060 01       		.uleb128 0x1
 1046 0061 40       		.uleb128 0x40
 1047 0062 06       		.uleb128 0x6
 1048 0063 9642     		.uleb128 0x2116
 1049 0065 0C       		.uleb128 0xc
 1050 0066 01       		.uleb128 0x1
 1051 0067 13       		.uleb128 0x13
 1052 0068 00       		.byte	0
 1053 0069 00       		.byte	0
 1054 006a 07       		.uleb128 0x7
 1055 006b 05       		.uleb128 0x5
 1056 006c 00       		.byte	0
 1057 006d 03       		.uleb128 0x3
 1058 006e 0E       		.uleb128 0xe
 1059 006f 3A       		.uleb128 0x3a
 1060 0070 0B       		.uleb128 0xb
 1061 0071 3B       		.uleb128 0x3b
 1062 0072 0B       		.uleb128 0xb
 1063 0073 49       		.uleb128 0x49
 1064 0074 13       		.uleb128 0x13
 1065 0075 02       		.uleb128 0x2
 1066 0076 0A       		.uleb128 0xa
 1067 0077 00       		.byte	0
 1068 0078 00       		.byte	0
 1069 0079 08       		.uleb128 0x8
 1070 007a 0F       		.uleb128 0xf
 1071 007b 00       		.byte	0
 1072 007c 0B       		.uleb128 0xb
 1073 007d 0B       		.uleb128 0xb
 1074 007e 49       		.uleb128 0x49
ARM GAS  C:\Users\Mark\AppData\Local\Temp\ccKrsdHU.s 			page 25


 1075 007f 13       		.uleb128 0x13
 1076 0080 00       		.byte	0
 1077 0081 00       		.byte	0
 1078 0082 09       		.uleb128 0x9
 1079 0083 26       		.uleb128 0x26
 1080 0084 00       		.byte	0
 1081 0085 49       		.uleb128 0x49
 1082 0086 13       		.uleb128 0x13
 1083 0087 00       		.byte	0
 1084 0088 00       		.byte	0
 1085 0089 0A       		.uleb128 0xa
 1086 008a 2E       		.uleb128 0x2e
 1087 008b 01       		.byte	0x1
 1088 008c 3F       		.uleb128 0x3f
 1089 008d 0C       		.uleb128 0xc
 1090 008e 03       		.uleb128 0x3
 1091 008f 0E       		.uleb128 0xe
 1092 0090 3A       		.uleb128 0x3a
 1093 0091 0B       		.uleb128 0xb
 1094 0092 3B       		.uleb128 0x3b
 1095 0093 05       		.uleb128 0x5
 1096 0094 27       		.uleb128 0x27
 1097 0095 0C       		.uleb128 0xc
 1098 0096 11       		.uleb128 0x11
 1099 0097 01       		.uleb128 0x1
 1100 0098 12       		.uleb128 0x12
 1101 0099 01       		.uleb128 0x1
 1102 009a 40       		.uleb128 0x40
 1103 009b 06       		.uleb128 0x6
 1104 009c 9642     		.uleb128 0x2116
 1105 009e 0C       		.uleb128 0xc
 1106 009f 01       		.uleb128 0x1
 1107 00a0 13       		.uleb128 0x13
 1108 00a1 00       		.byte	0
 1109 00a2 00       		.byte	0
 1110 00a3 0B       		.uleb128 0xb
 1111 00a4 05       		.uleb128 0x5
 1112 00a5 00       		.byte	0
 1113 00a6 03       		.uleb128 0x3
 1114 00a7 0E       		.uleb128 0xe
 1115 00a8 3A       		.uleb128 0x3a
 1116 00a9 0B       		.uleb128 0xb
 1117 00aa 3B       		.uleb128 0x3b
 1118 00ab 05       		.uleb128 0x5
 1119 00ac 49       		.uleb128 0x49
 1120 00ad 13       		.uleb128 0x13
 1121 00ae 02       		.uleb128 0x2
 1122 00af 0A       		.uleb128 0xa
 1123 00b0 00       		.byte	0
 1124 00b1 00       		.byte	0
 1125 00b2 0C       		.uleb128 0xc
 1126 00b3 34       		.uleb128 0x34
 1127 00b4 00       		.byte	0
 1128 00b5 03       		.uleb128 0x3
 1129 00b6 0E       		.uleb128 0xe
 1130 00b7 3A       		.uleb128 0x3a
 1131 00b8 0B       		.uleb128 0xb
ARM GAS  C:\Users\Mark\AppData\Local\Temp\ccKrsdHU.s 			page 26


 1132 00b9 3B       		.uleb128 0x3b
 1133 00ba 0B       		.uleb128 0xb
 1134 00bb 49       		.uleb128 0x49
 1135 00bc 13       		.uleb128 0x13
 1136 00bd 02       		.uleb128 0x2
 1137 00be 0A       		.uleb128 0xa
 1138 00bf 00       		.byte	0
 1139 00c0 00       		.byte	0
 1140 00c1 0D       		.uleb128 0xd
 1141 00c2 34       		.uleb128 0x34
 1142 00c3 00       		.byte	0
 1143 00c4 03       		.uleb128 0x3
 1144 00c5 0E       		.uleb128 0xe
 1145 00c6 3A       		.uleb128 0x3a
 1146 00c7 0B       		.uleb128 0xb
 1147 00c8 3B       		.uleb128 0x3b
 1148 00c9 0B       		.uleb128 0xb
 1149 00ca 49       		.uleb128 0x49
 1150 00cb 13       		.uleb128 0x13
 1151 00cc 3F       		.uleb128 0x3f
 1152 00cd 0C       		.uleb128 0xc
 1153 00ce 02       		.uleb128 0x2
 1154 00cf 0A       		.uleb128 0xa
 1155 00d0 00       		.byte	0
 1156 00d1 00       		.byte	0
 1157 00d2 0E       		.uleb128 0xe
 1158 00d3 01       		.uleb128 0x1
 1159 00d4 01       		.byte	0x1
 1160 00d5 49       		.uleb128 0x49
 1161 00d6 13       		.uleb128 0x13
 1162 00d7 01       		.uleb128 0x1
 1163 00d8 13       		.uleb128 0x13
 1164 00d9 00       		.byte	0
 1165 00da 00       		.byte	0
 1166 00db 0F       		.uleb128 0xf
 1167 00dc 21       		.uleb128 0x21
 1168 00dd 00       		.byte	0
 1169 00de 49       		.uleb128 0x49
 1170 00df 13       		.uleb128 0x13
 1171 00e0 2F       		.uleb128 0x2f
 1172 00e1 0B       		.uleb128 0xb
 1173 00e2 00       		.byte	0
 1174 00e3 00       		.byte	0
 1175 00e4 00       		.byte	0
 1176              		.section	.debug_loc,"",%progbits
 1177              	.Ldebug_loc0:
 1178              	.LLST0:
 1179 0000 00000000 		.4byte	.LFB0
 1180 0004 02000000 		.4byte	.LCFI0
 1181 0008 0200     		.2byte	0x2
 1182 000a 7D       		.byte	0x7d
 1183 000b 00       		.sleb128 0
 1184 000c 02000000 		.4byte	.LCFI0
 1185 0010 04000000 		.4byte	.LCFI1
 1186 0014 0200     		.2byte	0x2
 1187 0016 7D       		.byte	0x7d
 1188 0017 08       		.sleb128 8
ARM GAS  C:\Users\Mark\AppData\Local\Temp\ccKrsdHU.s 			page 27


 1189 0018 04000000 		.4byte	.LCFI1
 1190 001c 62000000 		.4byte	.LFE0
 1191 0020 0200     		.2byte	0x2
 1192 0022 77       		.byte	0x77
 1193 0023 08       		.sleb128 8
 1194 0024 00000000 		.4byte	0
 1195 0028 00000000 		.4byte	0
 1196              	.LLST1:
 1197 002c 00000000 		.4byte	.LFB1
 1198 0030 02000000 		.4byte	.LCFI2
 1199 0034 0200     		.2byte	0x2
 1200 0036 7D       		.byte	0x7d
 1201 0037 00       		.sleb128 0
 1202 0038 02000000 		.4byte	.LCFI2
 1203 003c 04000000 		.4byte	.LCFI3
 1204 0040 0200     		.2byte	0x2
 1205 0042 7D       		.byte	0x7d
 1206 0043 08       		.sleb128 8
 1207 0044 04000000 		.4byte	.LCFI3
 1208 0048 42000000 		.4byte	.LFE1
 1209 004c 0200     		.2byte	0x2
 1210 004e 77       		.byte	0x77
 1211 004f 08       		.sleb128 8
 1212 0050 00000000 		.4byte	0
 1213 0054 00000000 		.4byte	0
 1214              	.LLST2:
 1215 0058 00000000 		.4byte	.LFB2
 1216 005c 02000000 		.4byte	.LCFI4
 1217 0060 0200     		.2byte	0x2
 1218 0062 7D       		.byte	0x7d
 1219 0063 00       		.sleb128 0
 1220 0064 02000000 		.4byte	.LCFI4
 1221 0068 04000000 		.4byte	.LCFI5
 1222 006c 0200     		.2byte	0x2
 1223 006e 7D       		.byte	0x7d
 1224 006f 08       		.sleb128 8
 1225 0070 04000000 		.4byte	.LCFI5
 1226 0074 2A000000 		.4byte	.LFE2
 1227 0078 0200     		.2byte	0x2
 1228 007a 77       		.byte	0x77
 1229 007b 08       		.sleb128 8
 1230 007c 00000000 		.4byte	0
 1231 0080 00000000 		.4byte	0
 1232              	.LLST3:
 1233 0084 00000000 		.4byte	.LFB3
 1234 0088 02000000 		.4byte	.LCFI6
 1235 008c 0200     		.2byte	0x2
 1236 008e 7D       		.byte	0x7d
 1237 008f 00       		.sleb128 0
 1238 0090 02000000 		.4byte	.LCFI6
 1239 0094 04000000 		.4byte	.LCFI7
 1240 0098 0200     		.2byte	0x2
 1241 009a 7D       		.byte	0x7d
 1242 009b 08       		.sleb128 8
 1243 009c 04000000 		.4byte	.LCFI7
 1244 00a0 06000000 		.4byte	.LCFI8
 1245 00a4 0200     		.2byte	0x2
ARM GAS  C:\Users\Mark\AppData\Local\Temp\ccKrsdHU.s 			page 28


 1246 00a6 7D       		.byte	0x7d
 1247 00a7 18       		.sleb128 24
 1248 00a8 06000000 		.4byte	.LCFI8
 1249 00ac 30000000 		.4byte	.LFE3
 1250 00b0 0200     		.2byte	0x2
 1251 00b2 77       		.byte	0x77
 1252 00b3 18       		.sleb128 24
 1253 00b4 00000000 		.4byte	0
 1254 00b8 00000000 		.4byte	0
 1255              	.LLST4:
 1256 00bc 00000000 		.4byte	.LFB4
 1257 00c0 02000000 		.4byte	.LCFI9
 1258 00c4 0200     		.2byte	0x2
 1259 00c6 7D       		.byte	0x7d
 1260 00c7 00       		.sleb128 0
 1261 00c8 02000000 		.4byte	.LCFI9
 1262 00cc 04000000 		.4byte	.LCFI10
 1263 00d0 0200     		.2byte	0x2
 1264 00d2 7D       		.byte	0x7d
 1265 00d3 08       		.sleb128 8
 1266 00d4 04000000 		.4byte	.LCFI10
 1267 00d8 2E000000 		.4byte	.LFE4
 1268 00dc 0200     		.2byte	0x2
 1269 00de 77       		.byte	0x77
 1270 00df 08       		.sleb128 8
 1271 00e0 00000000 		.4byte	0
 1272 00e4 00000000 		.4byte	0
 1273              	.LLST5:
 1274 00e8 00000000 		.4byte	.LFB5
 1275 00ec 02000000 		.4byte	.LCFI11
 1276 00f0 0200     		.2byte	0x2
 1277 00f2 7D       		.byte	0x7d
 1278 00f3 00       		.sleb128 0
 1279 00f4 02000000 		.4byte	.LCFI11
 1280 00f8 04000000 		.4byte	.LCFI12
 1281 00fc 0200     		.2byte	0x2
 1282 00fe 7D       		.byte	0x7d
 1283 00ff 08       		.sleb128 8
 1284 0100 04000000 		.4byte	.LCFI12
 1285 0104 06000000 		.4byte	.LCFI13
 1286 0108 0200     		.2byte	0x2
 1287 010a 7D       		.byte	0x7d
 1288 010b 10       		.sleb128 16
 1289 010c 06000000 		.4byte	.LCFI13
 1290 0110 96000000 		.4byte	.LFE5
 1291 0114 0200     		.2byte	0x2
 1292 0116 77       		.byte	0x77
 1293 0117 10       		.sleb128 16
 1294 0118 00000000 		.4byte	0
 1295 011c 00000000 		.4byte	0
 1296              	.LLST6:
 1297 0120 00000000 		.4byte	.LFB6
 1298 0124 02000000 		.4byte	.LCFI14
 1299 0128 0200     		.2byte	0x2
 1300 012a 7D       		.byte	0x7d
 1301 012b 00       		.sleb128 0
 1302 012c 02000000 		.4byte	.LCFI14
ARM GAS  C:\Users\Mark\AppData\Local\Temp\ccKrsdHU.s 			page 29


 1303 0130 04000000 		.4byte	.LCFI15
 1304 0134 0200     		.2byte	0x2
 1305 0136 7D       		.byte	0x7d
 1306 0137 08       		.sleb128 8
 1307 0138 04000000 		.4byte	.LCFI15
 1308 013c 06000000 		.4byte	.LCFI16
 1309 0140 0200     		.2byte	0x2
 1310 0142 7D       		.byte	0x7d
 1311 0143 10       		.sleb128 16
 1312 0144 06000000 		.4byte	.LCFI16
 1313 0148 96000000 		.4byte	.LFE6
 1314 014c 0200     		.2byte	0x2
 1315 014e 77       		.byte	0x77
 1316 014f 10       		.sleb128 16
 1317 0150 00000000 		.4byte	0
 1318 0154 00000000 		.4byte	0
 1319              		.section	.debug_aranges,"",%progbits
 1320 0000 4C000000 		.4byte	0x4c
 1321 0004 0200     		.2byte	0x2
 1322 0006 00000000 		.4byte	.Ldebug_info0
 1323 000a 04       		.byte	0x4
 1324 000b 00       		.byte	0
 1325 000c 0000     		.2byte	0
 1326 000e 0000     		.2byte	0
 1327 0010 00000000 		.4byte	.LFB0
 1328 0014 62000000 		.4byte	.LFE0-.LFB0
 1329 0018 00000000 		.4byte	.LFB1
 1330 001c 42000000 		.4byte	.LFE1-.LFB1
 1331 0020 00000000 		.4byte	.LFB2
 1332 0024 2A000000 		.4byte	.LFE2-.LFB2
 1333 0028 00000000 		.4byte	.LFB3
 1334 002c 30000000 		.4byte	.LFE3-.LFB3
 1335 0030 00000000 		.4byte	.LFB4
 1336 0034 2E000000 		.4byte	.LFE4-.LFB4
 1337 0038 00000000 		.4byte	.LFB5
 1338 003c 96000000 		.4byte	.LFE5-.LFB5
 1339 0040 00000000 		.4byte	.LFB6
 1340 0044 96000000 		.4byte	.LFE6-.LFB6
 1341 0048 00000000 		.4byte	0
 1342 004c 00000000 		.4byte	0
 1343              		.section	.debug_ranges,"",%progbits
 1344              	.Ldebug_ranges0:
 1345 0000 00000000 		.4byte	.LFB0
 1346 0004 62000000 		.4byte	.LFE0
 1347 0008 00000000 		.4byte	.LFB1
 1348 000c 42000000 		.4byte	.LFE1
 1349 0010 00000000 		.4byte	.LFB2
 1350 0014 2A000000 		.4byte	.LFE2
 1351 0018 00000000 		.4byte	.LFB3
 1352 001c 30000000 		.4byte	.LFE3
 1353 0020 00000000 		.4byte	.LFB4
 1354 0024 2E000000 		.4byte	.LFE4
 1355 0028 00000000 		.4byte	.LFB5
 1356 002c 96000000 		.4byte	.LFE5
 1357 0030 00000000 		.4byte	.LFB6
 1358 0034 96000000 		.4byte	.LFE6
 1359 0038 00000000 		.4byte	0
ARM GAS  C:\Users\Mark\AppData\Local\Temp\ccKrsdHU.s 			page 30


 1360 003c 00000000 		.4byte	0
 1361              		.section	.debug_line,"",%progbits
 1362              	.Ldebug_line0:
 1363 0000 F4000000 		.section	.debug_str,"MS",%progbits,1
 1363      02004900 
 1363      00000201 
 1363      FB0E0D00 
 1363      01010101 
 1364              	.LASF33:
 1365 0000 57617665 		.ascii	"WaveDAC8_1_initVar\000"
 1365      44414338 
 1365      5F315F69 
 1365      6E697456 
 1365      617200
 1366              	.LASF30:
 1367 0013 57617665 		.ascii	"WaveDAC8_1_Wave2Chan\000"
 1367      44414338 
 1367      5F315F57 
 1367      61766532 
 1367      4368616E 
 1368              	.LASF16:
 1369 0028 57617665 		.ascii	"WaveDAC8_1_Init\000"
 1369      44414338 
 1369      5F315F49 
 1369      6E697400 
 1370              	.LASF3:
 1371 0038 73686F72 		.ascii	"short unsigned int\000"
 1371      7420756E 
 1371      7369676E 
 1371      65642069 
 1371      6E7400
 1372              	.LASF18:
 1373 004b 57617665 		.ascii	"WaveDAC8_1_Start\000"
 1373      44414338 
 1373      5F315F53 
 1373      74617274 
 1373      00
 1374              	.LASF19:
 1375 005c 77617665 		.ascii	"wavePtr1\000"
 1375      50747231 
 1375      00
 1376              	.LASF21:
 1377 0065 77617665 		.ascii	"wavePtr2\000"
 1377      50747232 
 1377      00
 1378              	.LASF24:
 1379 006e 57617665 		.ascii	"WaveDAC8_1_StartEx\000"
 1379      44414338 
 1379      5F315F53 
 1379      74617274 
 1379      457800
 1380              	.LASF12:
 1381 0081 666C6F61 		.ascii	"float\000"
 1381      7400
 1382              	.LASF31:
 1383 0087 57617665 		.ascii	"WaveDAC8_1_Wave1TD\000"
 1383      44414338 
ARM GAS  C:\Users\Mark\AppData\Local\Temp\ccKrsdHU.s 			page 31


 1383      5F315F57 
 1383      61766531 
 1383      544400
 1384              	.LASF38:
 1385 009a 433A5C55 		.ascii	"C:\\Users\\Mark\\Documents\\Capstone\\GitRepo\\psoc"
 1385      73657273 
 1385      5C4D6172 
 1385      6B5C446F 
 1385      63756D65 
 1386 00c7 5F325F70 		.ascii	"_2_pi\\PSoC Creator\\PSoC_2_Pi.cydsn\000"
 1386      695C5053 
 1386      6F432043 
 1386      72656174 
 1386      6F725C50 
 1387              	.LASF27:
 1388 00ea 73616D70 		.ascii	"sampleSize\000"
 1388      6C655369 
 1388      7A6500
 1389              	.LASF5:
 1390 00f5 6C6F6E67 		.ascii	"long unsigned int\000"
 1390      20756E73 
 1390      69676E65 
 1390      6420696E 
 1390      7400
 1391              	.LASF26:
 1392 0107 77617665 		.ascii	"wavePtr\000"
 1392      50747200 
 1393              	.LASF9:
 1394 010f 75696E74 		.ascii	"uint8\000"
 1394      3800
 1395              	.LASF20:
 1396 0115 73616D70 		.ascii	"sampleSize1\000"
 1396      6C655369 
 1396      7A653100 
 1397              	.LASF22:
 1398 0121 73616D70 		.ascii	"sampleSize2\000"
 1398      6C655369 
 1398      7A653200 
 1399              	.LASF25:
 1400 012d 57617665 		.ascii	"WaveDAC8_1_Wave1Setup\000"
 1400      44414338 
 1400      5F315F57 
 1400      61766531 
 1400      53657475 
 1401              	.LASF13:
 1402 0143 646F7562 		.ascii	"double\000"
 1402      6C6500
 1403              	.LASF23:
 1404 014a 57617665 		.ascii	"WaveDAC8_1_Stop\000"
 1404      44414338 
 1404      5F315F53 
 1404      746F7000 
 1405              	.LASF2:
 1406 015a 73686F72 		.ascii	"short int\000"
 1406      7420696E 
 1406      7400
 1407              	.LASF10:
ARM GAS  C:\Users\Mark\AppData\Local\Temp\ccKrsdHU.s 			page 32


 1408 0164 75696E74 		.ascii	"uint16\000"
 1408      313600
 1409              	.LASF11:
 1410 016b 75696E74 		.ascii	"uint32\000"
 1410      333200
 1411              	.LASF1:
 1412 0172 756E7369 		.ascii	"unsigned char\000"
 1412      676E6564 
 1412      20636861 
 1412      7200
 1413              	.LASF8:
 1414 0180 756E7369 		.ascii	"unsigned int\000"
 1414      676E6564 
 1414      20696E74 
 1414      00
 1415              	.LASF7:
 1416 018d 6C6F6E67 		.ascii	"long long unsigned int\000"
 1416      206C6F6E 
 1416      6720756E 
 1416      7369676E 
 1416      65642069 
 1417              	.LASF32:
 1418 01a4 57617665 		.ascii	"WaveDAC8_1_Wave2TD\000"
 1418      44414338 
 1418      5F315F57 
 1418      61766532 
 1418      544400
 1419              	.LASF15:
 1420 01b7 73697A65 		.ascii	"sizetype\000"
 1420      74797065 
 1420      00
 1421              	.LASF6:
 1422 01c0 6C6F6E67 		.ascii	"long long int\000"
 1422      206C6F6E 
 1422      6720696E 
 1422      7400
 1423              	.LASF14:
 1424 01ce 63686172 		.ascii	"char\000"
 1424      00
 1425              	.LASF37:
 1426 01d3 2E5C4765 		.ascii	".\\Generated_Source\\PSoC5\\WaveDAC8_1.c\000"
 1426      6E657261 
 1426      7465645F 
 1426      536F7572 
 1426      63655C50 
 1427              	.LASF28:
 1428 01f9 57617665 		.ascii	"WaveDAC8_1_Wave2Setup\000"
 1428      44414338 
 1428      5F315F57 
 1428      61766532 
 1428      53657475 
 1429              	.LASF17:
 1430 020f 57617665 		.ascii	"WaveDAC8_1_Enable\000"
 1430      44414338 
 1430      5F315F45 
 1430      6E61626C 
 1430      6500
ARM GAS  C:\Users\Mark\AppData\Local\Temp\ccKrsdHU.s 			page 33


 1431              	.LASF34:
 1432 0221 57617665 		.ascii	"WaveDAC8_1_wave1\000"
 1432      44414338 
 1432      5F315F77 
 1432      61766531 
 1432      00
 1433              	.LASF35:
 1434 0232 57617665 		.ascii	"WaveDAC8_1_wave2\000"
 1434      44414338 
 1434      5F315F77 
 1434      61766532 
 1434      00
 1435              	.LASF36:
 1436 0243 474E5520 		.ascii	"GNU C 4.7.3 20130312 (release) [ARM/embedded-4_7-br"
 1436      4320342E 
 1436      372E3320 
 1436      32303133 
 1436      30333132 
 1437 0276 616E6368 		.ascii	"anch revision 196615]\000"
 1437      20726576 
 1437      6973696F 
 1437      6E203139 
 1437      36363135 
 1438              	.LASF29:
 1439 028c 57617665 		.ascii	"WaveDAC8_1_Wave1Chan\000"
 1439      44414338 
 1439      5F315F57 
 1439      61766531 
 1439      4368616E 
 1440              	.LASF4:
 1441 02a1 6C6F6E67 		.ascii	"long int\000"
 1441      20696E74 
 1441      00
 1442              	.LASF0:
 1443 02aa 7369676E 		.ascii	"signed char\000"
 1443      65642063 
 1443      68617200 
 1444              		.ident	"GCC: (GNU Tools for ARM Embedded Processors) 4.7.3 20130312 (release) [ARM/embedded-4_7-br
